<html>
<body>
<pre>
<h1>礦ision Build Log</h1>
<h2>Tool Versions:</h2>
IDE-Version: μVision V5.27.1.0
Copyright (C) 2019 ARM Ltd and ARM Germany GmbH. All rights reserved.
License Information: li chengxiang, google, LIC=50D12-9133Z-JNRA8-3E82S-GL92V-EXC10
 
Tool Versions:
Toolchain:       MDK-ARM Professional  Version: 5.27.1.0
Toolchain Path:  C:\Keil_v5\ARM\ARMCC\Bin
C Compiler:      Armcc.exe V5.06 update 6 (build 750)
Assembler:       Armasm.exe V5.06 update 6 (build 750)
Linker/Locator:  ArmLink.exe V5.06 update 6 (build 750)
Library Manager: ArmAr.exe V5.06 update 6 (build 750)
Hex Converter:   FromElf.exe V5.06 update 6 (build 750)
CPU DLL:         SARMCM3.DLL V5.27.1.0
Dialog DLL:      DARMSTM.DLL V1.68.0.0
Target DLL:      UL2CM3.DLL V1.162.15.0
Dialog DLL:        TARMSTM.DLL   
 
<h2>Project:</h2>
D:\1_my_work\4_github\FreeRTOS\3_移植FreeRTOS到F103rct6上\1_FreeRTOS初步移植到F103\USER\FreeRTOS.uvprojx
Project File Date:  08/08/2019

<h2>Output:</h2>
*** Using Compiler 'V5.06 update 6 (build 750)', folder: 'C:\Keil_v5\ARM\ARMCC\Bin'
Build target 'LED'
assembling startup_stm32f10x_hd.s...
compiling core_cm3.c...
compiling led.c...
compiling misc.c...
compiling stm32f10x_it.c...
compiling stm32f10x_pwr.c...
compiling stm32f10x_dma.c...
compiling stm32f10x_gpio.c...
compiling system_stm32f10x.c...
compiling stm32f10x_usart.c...
compiling stm32f10x_rcc.c...
compiling main.c...
compiling stm32f10x_tim.c...
compiling sys.c...
compiling list.c...
compiling croutine.c...
compiling heap_4.c...
compiling delay.c...
compiling usart.c...
compiling event_groups.c...
compiling timers.c...
compiling queue.c...
compiling port.c...
compiling tasks.c...
linking...
Program Size: Code=20600 RO-data=336 RW-data=180 ZI-data=26876  
FromELF: creating hex file...
"..\OBJ\LED.axf" - 0 Error(s), 0 Warning(s).

<h2>Software Packages used:</h2>

Package Vendor: Keil
                http://www.keil.com/pack/Keil.STM32F1xx_DFP.2.1.0.pack
                Keil.STM32F1xx_DFP.2.1.0
                STMicroelectronics STM32F1 Series Device Support, Drivers and Examples

<h2>Collection of Component include folders:</h2>
  .\RTE\_LED
  C:\Users\liche\AppData\Local\Arm\Packs\Keil\STM32F1xx_DFP\2.1.0\Device\Include

<h2>Collection of Component Files used:</h2>
Build Time Elapsed:  00:00:03
</pre>
</body>
</html>
