Component: ARM Compiler 5.06 update 2 (build 183) Tool: armlink [4d35b7]

==============================================================================

Section Cross References

    main.o(.text) refers to _printf_percent.o(.ARM.Collect$$_printf_percent$$00000000) for _printf_percent
    main.o(.text) refers to _printf_x.o(.ARM.Collect$$_printf_percent$$0000000C) for _printf_x
    main.o(.text) refers to _printf_hex_int.o(.text) for _printf_longlong_hex
    main.o(.text) refers to list.o(.text) for vListInitialise
    main.o(.text) refers to noretval__2printf.o(.text) for __2printf
    main.o(.text) refers to delay.o(.text) for delay_ms
    main.o(.text) refers to key.o(.text) for KEY_Scan
    main.o(.text) refers to main.o(.bss) for TimerTaskTCB
    main.o(.text) refers to main.o(.conststring) for .conststring
    main.o(.text) refers to tasks.o(.text) for vTaskDelay
    main.o(.text) refers to port.o(.text) for vPortEnterCritical
    main.o(.text) refers to misc.o(.text) for NVIC_PriorityGroupConfig
    main.o(.text) refers to usart.o(.text) for uart_init
    main.o(.text) refers to led.o(.text) for LED_Init
    main.o(.text) refers to main.o(.data) for Task1Task_Handler
    system_stm32f10x.o(.text) refers to system_stm32f10x.o(.data) for SystemCoreClock
    led.o(.text) refers to stm32f10x_rcc.o(.text) for RCC_APB2PeriphClockCmd
    led.o(.text) refers to stm32f10x_gpio.o(.text) for GPIO_Init
    key.o(.text) refers to stm32f10x_rcc.o(.text) for RCC_APB2PeriphClockCmd
    key.o(.text) refers to stm32f10x_gpio.o(.text) for GPIO_PinRemapConfig
    key.o(.text) refers to delay.o(.text) for delay_ms
    key.o(.text) refers to key.o(.data) for key_up
    startup_stm32f10x_hd.o(STACK) refers (Special) to heapauxi.o(.text) for __use_two_region_memory
    startup_stm32f10x_hd.o(HEAP) refers (Special) to heapauxi.o(.text) for __use_two_region_memory
    startup_stm32f10x_hd.o(RESET) refers (Special) to heapauxi.o(.text) for __use_two_region_memory
    startup_stm32f10x_hd.o(RESET) refers to startup_stm32f10x_hd.o(STACK) for __initial_sp
    startup_stm32f10x_hd.o(RESET) refers to startup_stm32f10x_hd.o(.text) for Reset_Handler
    startup_stm32f10x_hd.o(RESET) refers to stm32f10x_it.o(.text) for NMI_Handler
    startup_stm32f10x_hd.o(RESET) refers to port.o(.emb_text) for SVC_Handler
    startup_stm32f10x_hd.o(RESET) refers to delay.o(.text) for SysTick_Handler
    startup_stm32f10x_hd.o(RESET) refers to usart.o(.text) for USART1_IRQHandler
    startup_stm32f10x_hd.o(.text) refers (Special) to heapauxi.o(.text) for __use_two_region_memory
    startup_stm32f10x_hd.o(.text) refers to system_stm32f10x.o(.text) for SystemInit
    startup_stm32f10x_hd.o(.text) refers to __main.o(!!!main) for __main
    startup_stm32f10x_hd.o(.text) refers to startup_stm32f10x_hd.o(HEAP) for Heap_Mem
    startup_stm32f10x_hd.o(.text) refers to startup_stm32f10x_hd.o(STACK) for Stack_Mem
    stm32f10x_gpio.o(.text) refers to stm32f10x_rcc.o(.text) for RCC_APB2PeriphResetCmd
    stm32f10x_rcc.o(.text) refers to stm32f10x_rcc.o(.data) for APBAHBPrescTable
    stm32f10x_usart.o(.text) refers to stm32f10x_rcc.o(.text) for RCC_APB2PeriphResetCmd
    event_groups.o(.text) refers to _printf_percent.o(.ARM.Collect$$_printf_percent$$00000000) for _printf_percent
    event_groups.o(.text) refers to _printf_d.o(.ARM.Collect$$_printf_percent$$00000009) for _printf_d
    event_groups.o(.text) refers to _printf_s.o(.ARM.Collect$$_printf_percent$$00000014) for _printf_s
    event_groups.o(.text) refers to _printf_dec.o(.text) for _printf_int_dec
    event_groups.o(.text) refers to _printf_str.o(.text) for _printf_str
    event_groups.o(.text) refers to noretval__2printf.o(.text) for __2printf
    event_groups.o(.text) refers to list.o(.text) for vListInitialise
    event_groups.o(.text) refers to heap_4.o(.text) for pvPortMalloc
    event_groups.o(.text) refers to tasks.o(.text) for vTaskSuspendAll
    event_groups.o(.text) refers to port.o(.text) for vPortEnterCritical
    event_groups.o(.text) refers to timers.o(.text) for xTimerPendFunctionCallFromISR
    queue.o(.text) refers to _printf_percent.o(.ARM.Collect$$_printf_percent$$00000000) for _printf_percent
    queue.o(.text) refers to _printf_d.o(.ARM.Collect$$_printf_percent$$00000009) for _printf_d
    queue.o(.text) refers to _printf_s.o(.ARM.Collect$$_printf_percent$$00000014) for _printf_s
    queue.o(.text) refers to _printf_dec.o(.text) for _printf_int_dec
    queue.o(.text) refers to _printf_str.o(.text) for _printf_str
    queue.o(.text) refers to noretval__2printf.o(.text) for __2printf
    queue.o(.text) refers to port.o(.text) for vPortEnterCritical
    queue.o(.text) refers to tasks.o(.text) for xTaskRemoveFromEventList
    queue.o(.text) refers to list.o(.text) for vListInitialise
    queue.o(.text) refers to heap_4.o(.text) for pvPortMalloc
    queue.o(.text) refers to rt_memcpy_v6.o(.text) for __aeabi_memcpy
    queue.o(.text) refers to queue.o(.bss) for xQueueRegistry
[...]
    ../clib/memcpset.s                       0x00000000   Number         0  aeabi_memset.o ABSOLUTE
    ../clib/memcpset.s                       0x00000000   Number         0  rt_memcpy_v6.o ABSOLUTE
    ../clib/memcpset.s                       0x00000000   Number         0  rt_memcpy_w.o ABSOLUTE
    ../clib/memcpset.s                       0x00000000   Number         0  rt_memclr_w.o ABSOLUTE
    ../clib/memcpset.s                       0x00000000   Number         0  rt_memclr.o ABSOLUTE
    ../clib/misc.s                           0x00000000   Number         0  printf_stubs.o ABSOLUTE
    ../clib/printf.c                         0x00000000   Number         0  _printf_hex_int.o ABSOLUTE
    ../clib/printf.c                         0x00000000   Number         0  _printf_hex_int_ptr.o ABSOLUTE
    ../clib/printf.c                         0x00000000   Number         0  _printf_hex_ll_ptr.o ABSOLUTE
    ../clib/printf.c                         0x00000000   Number         0  _sputc.o ABSOLUTE
    ../clib/printf.c                         0x00000000   Number         0  _printf_hex_ptr.o ABSOLUTE
    ../clib/printf.c                         0x00000000   Number         0  _printf_char_common.o ABSOLUTE
    ../clib/printf.c                         0x00000000   Number         0  _printf_intcommon.o ABSOLUTE
    ../clib/printf.c                         0x00000000   Number         0  __printf_flags_wp.o ABSOLUTE
    ../clib/printf.c                         0x00000000   Number         0  _printf_char.o ABSOLUTE
    ../clib/printf.c                         0x00000000   Number         0  __printf_flags_ss_wp.o ABSOLUTE
    ../clib/printf.c                         0x00000000   Number         0  __printf_wp.o ABSOLUTE
    ../clib/printf.c                         0x00000000   Number         0  _printf_char_file.o ABSOLUTE
    ../clib/printf.c                         0x00000000   Number         0  noretval__2sprintf.o ABSOLUTE
    ../clib/printf.c                         0x00000000   Number         0  __printf_ss_wp.o ABSOLUTE
    ../clib/printf.c                         0x00000000   Number         0  _printf_hex_int_ll.o ABSOLUTE
    ../clib/printf.c                         0x00000000   Number         0  __printf_flags_ss.o ABSOLUTE
    ../clib/printf.c                         0x00000000   Number         0  __printf.o ABSOLUTE
    ../clib/printf.c                         0x00000000   Number         0  __printf_ss.o ABSOLUTE
    ../clib/printf.c                         0x00000000   Number         0  _printf_hex_int_ll_ptr.o ABSOLUTE
    ../clib/printf.c                         0x00000000   Number         0  noretval__2printf.o ABSOLUTE
    ../clib/printf.c                         0x00000000   Number         0  __printf_nopercent.o ABSOLUTE
    ../clib/printf.c                         0x00000000   Number         0  _printf_str.o ABSOLUTE
    ../clib/printf.c                         0x00000000   Number         0  _printf_hex_ll.o ABSOLUTE
    ../clib/printf.c                         0x00000000   Number         0  _printf_dec.o ABSOLUTE
    ../clib/printf.c                         0x00000000   Number         0  __2sprintf.o ABSOLUTE
    ../clib/printf.c                         0x00000000   Number         0  __printf_flags.o ABSOLUTE
    ../clib/printf.c                         0x00000000   Number         0  __2printf.o ABSOLUTE
    ../clib/printf_percent.s                 0x00000000   Number         0  _printf_x.o ABSOLUTE
    ../clib/printf_percent.s                 0x00000000   Number         0  _printf_d.o ABSOLUTE
    ../clib/printf_percent.s                 0x00000000   Number         0  _printf_c.o ABSOLUTE
    ../clib/printf_percent.s                 0x00000000   Number         0  _printf_u.o ABSOLUTE
    ../clib/printf_percent.s                 0x00000000   Number         0  _printf_percent_end.o ABSOLUTE
    ../clib/printf_percent.s                 0x00000000   Number         0  _printf_percent.o ABSOLUTE
    ../clib/printf_percent.s                 0x00000000   Number         0  _printf_s.o ABSOLUTE
    ../clib/signal.c                         0x00000000   Number         0  defsig_rtmem_inner.o ABSOLUTE
    ../clib/signal.c                         0x00000000   Number         0  __raise.o ABSOLUTE
    ../clib/signal.c                         0x00000000   Number         0  defsig_general.o ABSOLUTE
    ../clib/signal.c                         0x00000000   Number         0  defsig_rtmem_formal.o ABSOLUTE
    ../clib/signal.c                         0x00000000   Number         0  defsig_abrt_inner.o ABSOLUTE
    ../clib/signal.c                         0x00000000   Number         0  defsig_fpe_inner.o ABSOLUTE
    ../clib/signal.c                         0x00000000   Number         0  defsig_rtred_inner.o ABSOLUTE
    ../clib/signal.c                         0x00000000   Number         0  defsig_stak_inner.o ABSOLUTE
    ../clib/signal.c                         0x00000000   Number         0  defsig_pvfn_inner.o ABSOLUTE
    ../clib/signal.c                         0x00000000   Number         0  defsig_cppl_inner.o ABSOLUTE
    ../clib/signal.c                         0x00000000   Number         0  defsig_segv_inner.o ABSOLUTE
    ../clib/signal.c                         0x00000000   Number         0  defsig_other.o ABSOLUTE
    ../clib/signal.c                         0x00000000   Number         0  defsig_rtmem_outer.o ABSOLUTE
    ../clib/signal.c                         0x00000000   Number         0  defsig_exit.o ABSOLUTE
    ../clib/signal.s                         0x00000000   Number         0  defsig.o ABSOLUTE
    ../clib/stdio.c                          0x00000000   Number         0  ferror_locked.o ABSOLUTE
    ../clib/stdio.c                          0x00000000   Number         0  ferror.o ABSOLUTE
    ../clib/stdlib.c                         0x00000000   Number         0  exit.o ABSOLUTE
    ../clib/string.c                         0x00000000   Number         0  strcpy.o ABSOLUTE
    ../clib/string.c                         0x00000000   Number         0  strlen.o ABSOLUTE
    ../fplib/fpinit.s                        0x00000000   Number         0  fpinit.o ABSOLUTE
    ..\CORE\core_cm3.c                       0x00000000   Number         0  core_cm3.o ABSOLUTE
    ..\CORE\startup_stm32f10x_hd.s           0x00000000   Number         0  startup_stm32f10x_hd.o ABSOLUTE
    ..\FreeRTOS\croutine.c                   0x00000000   Number         0  croutine.o ABSOLUTE
    ..\FreeRTOS\event_groups.c               0x00000000   Number         0  event_groups.o ABSOLUTE
    ..\FreeRTOS\list.c                       0x00000000   Number         0  list.o ABSOLUTE
    ..\FreeRTOS\portable\MemMang\heap_4.c    0x00000000   Number         0  heap_4.o ABSOLUTE
    ..\FreeRTOS\portable\RVDS\ARM_CM3\port.c 0x00000000   Number         0  port.o ABSOLUTE
    ..\FreeRTOS\queue.c                      0x00000000   Number         0  queue.o ABSOLUTE
    ..\FreeRTOS\tasks.c                      0x00000000   Number         0  tasks.o ABSOLUTE
    ..\FreeRTOS\timers.c                     0x00000000   Number         0  timers.o ABSOLUTE
    ..\HARDWARE\KEY\key.c                    0x00000000   Number         0  key.o ABSOLUTE
    ..\HARDWARE\LED\led.c                    0x00000000   Number         0  led.o ABSOLUTE
    ..\STM32F10x_FWLib\src\misc.c            0x00000000   Number         0  misc.o ABSOLUTE
    ..\STM32F10x_FWLib\src\stm32f10x_gpio.c  0x00000000   Number         0  stm32f10x_gpio.o ABSOLUTE
    ..\STM32F10x_FWLib\src\stm32f10x_rcc.c   0x00000000   Number         0  stm32f10x_rcc.o ABSOLUTE
    ..\STM32F10x_FWLib\src\stm32f10x_usart.c 0x00000000   Number         0  stm32f10x_usart.o ABSOLUTE
    ..\SYSTEM\delay\delay.c                  0x00000000   Number         0  delay.o ABSOLUTE
    ..\SYSTEM\sys\sys.c                      0x00000000   Number         0  sys.o ABSOLUTE
    ..\SYSTEM\usart\usart.c                  0x00000000   Number         0  usart.o ABSOLUTE
    ..\\CORE\\core_cm3.c                     0x00000000   Number         0  core_cm3.o ABSOLUTE
    ..\\FreeRTOS\\portable\\RVDS\\ARM_CM3\\port.c 0x00000000   Number         0  port.o ABSOLUTE
    ..\\SYSTEM\\sys\\sys.c                   0x00000000   Number         0  sys.o ABSOLUTE
    dc.s                                     0x00000000   Number         0  dc.o ABSOLUTE
    main.c                                   0x00000000   Number         0  main.o ABSOLUTE
    stm32f10x_it.c                           0x00000000   Number         0  stm32f10x_it.o ABSOLUTE
    system_stm32f10x.c                       0x00000000   Number         0  system_stm32f10x.o ABSOLUTE
    RESET                                    0x08000000   Section      304  startup_stm32f10x_hd.o(RESET)
    !!!main                                  0x08000130   Section        8  __main.o(!!!main)
    !!!scatter                               0x08000138   Section       52  __scatter.o(!!!scatter)
    !!handler_copy                           0x0800016c   Section       26  __scatter_copy.o(!!handler_copy)
    !!handler_zi                             0x08000188   Section       28  __scatter_zi.o(!!handler_zi)
    .ARM.Collect$$_printf_percent$$00000000  0x080001a4   Section        0  _printf_percent.o(.ARM.Collect$$_printf_percent$$00000000)
    .ARM.Collect$$_printf_percent$$00000009  0x080001a4   Section        6  _printf_d.o(.ARM.Collect$$_printf_percent$$00000009)
    .ARM.Collect$$_printf_percent$$0000000A  0x080001aa   Section        6  _printf_u.o(.ARM.Collect$$_printf_percent$$0000000A)
    .ARM.Collect$$_printf_percent$$0000000C  0x080001b0   Section        6  _printf_x.o(.ARM.Collect$$_printf_percent$$0000000C)
    .ARM.Collect$$_printf_percent$$00000013  0x080001b6   Section        6  _printf_c.o(.ARM.Collect$$_printf_percent$$00000013)
    .ARM.Collect$$_printf_percent$$00000014  0x080001bc   Section        6  _printf_s.o(.ARM.Collect$$_printf_percent$$00000014)
    .ARM.Collect$$_printf_percent$$00000017  0x080001c2   Section        4  _printf_percent_end.o(.ARM.Collect$$_printf_percent$$00000017)
    .ARM.Collect$$libinit$$00000000          0x080001c6   Section        2  libinit.o(.ARM.Collect$$libinit$$00000000)
    .ARM.Collect$$libinit$$00000002          0x080001c8   Section        0  libinit2.o(.ARM.Collect$$libinit$$00000002)
    .ARM.Collect$$libinit$$00000004          0x080001c8   Section        0  libinit2.o(.ARM.Collect$$libinit$$00000004)
    .ARM.Collect$$libinit$$0000000A          0x080001c8   Section        0  libinit2.o(.ARM.Collect$$libinit$$0000000A)
    .ARM.Collect$$libinit$$0000000C          0x080001c8   Section        0  libinit2.o(.ARM.Collect$$libinit$$0000000C)
    .ARM.Collect$$libinit$$0000000E          0x080001c8   Section        0  libinit2.o(.ARM.Collect$$libinit$$0000000E)
    .ARM.Collect$$libinit$$00000011          0x080001c8   Section        0  libinit2.o(.ARM.Collect$$libinit$$00000011)
    .ARM.Collect$$libinit$$00000013          0x080001c8   Section        0  libinit2.o(.ARM.Collect$$libinit$$00000013)
    .ARM.Collect$$libinit$$00000015          0x080001c8   Section        0  libinit2.o(.ARM.Collect$$libinit$$00000015)
    .ARM.Collect$$libinit$$00000017          0x080001c8   Section        0  libinit2.o(.ARM.Collect$$libinit$$00000017)
    .ARM.Collect$$libinit$$00000019          0x080001c8   Section        0  libinit2.o(.ARM.Collect$$libinit$$00000019)
    .ARM.Collect$$libinit$$0000001B          0x080001c8   Section        0  libinit2.o(.ARM.Collect$$libinit$$0000001B)
    .ARM.Collect$$libinit$$0000001D          0x080001c8   Section        0  libinit2.o(.ARM.Collect$$libinit$$0000001D)
    .ARM.Collect$$libinit$$0000001F          0x080001c8   Section        0  libinit2.o(.ARM.Collect$$libinit$$0000001F)
    .ARM.Collect$$libinit$$00000021          0x080001c8   Section        0  libinit2.o(.ARM.Collect$$libinit$$00000021)
    .ARM.Collect$$libinit$$00000023          0x080001c8   Section        0  libinit2.o(.ARM.Collect$$libinit$$00000023)
    .ARM.Collect$$libinit$$00000025          0x080001c8   Section        0  libinit2.o(.ARM.Collect$$libinit$$00000025)
    .ARM.Collect$$libinit$$0000002C          0x080001c8   Section        0  libinit2.o(.ARM.Collect$$libinit$$0000002C)
    .ARM.Collect$$libinit$$0000002E          0x080001c8   Section        0  libinit2.o(.ARM.Collect$$libinit$$0000002E)
    .ARM.Collect$$libinit$$00000030          0x080001c8   Section        0  libinit2.o(.ARM.Collect$$libinit$$00000030)
    .ARM.Collect$$libinit$$00000032          0x080001c8   Section        0  libinit2.o(.ARM.Collect$$libinit$$00000032)
    .ARM.Collect$$libinit$$00000033          0x080001c8   Section        2  libinit2.o(.ARM.Collect$$libinit$$00000033)
    .ARM.Collect$$libshutdown$$00000000      0x080001ca   Section        2  libshutdown.o(.ARM.Collect$$libshutdown$$00000000)
    .ARM.Collect$$libshutdown$$00000002      0x080001cc   Section        0  libshutdown2.o(.ARM.Collect$$libshutdown$$00000002)
    .ARM.Collect$$libshutdown$$00000004      0x080001cc   Section        0  libshutdown2.o(.ARM.Collect$$libshutdown$$00000004)
    .ARM.Collect$$libshutdown$$00000007      0x080001cc   Section        0  libshutdown2.o(.ARM.Collect$$libshutdown$$00000007)
    .ARM.Collect$$libshutdown$$0000000A      0x080001cc   Section        0  libshutdown2.o(.ARM.Collect$$libshutdown$$0000000A)
    .ARM.Collect$$libshutdown$$0000000C      0x080001cc   Section        0  libshutdown2.o(.ARM.Collect$$libshutdown$$0000000C)
    .ARM.Collect$$libshutdown$$0000000F      0x080001cc   Section        0  libshutdown2.o(.ARM.Collect$$libshutdown$$0000000F)
    .ARM.Collect$$libshutdown$$00000010      0x080001cc   Section        2  libshutdown2.o(.ARM.Collect$$libshutdown$$00000010)
    .ARM.Collect$$rtentry$$00000000          0x080001ce   Section        0  __rtentry.o(.ARM.Collect$$rtentry$$00000000)
    .ARM.Collect$$rtentry$$00000002          0x080001ce   Section        0  __rtentry2.o(.ARM.Collect$$rtentry$$00000002)
    .ARM.Collect$$rtentry$$00000004          0x080001ce   Section        6  __rtentry4.o(.ARM.Collect$$rtentry$$00000004)
    .ARM.Collect$$rtentry$$00000009          0x080001d4   Section        0  __rtentry2.o(.ARM.Collect$$rtentry$$00000009)
    .ARM.Collect$$rtentry$$0000000A          0x080001d4   Section        4  __rtentry2.o(.ARM.Collect$$rtentry$$0000000A)
    .ARM.Collect$$rtentry$$0000000C          0x080001d8   Section        0  __rtentry2.o(.ARM.Collect$$rtentry$$0000000C)
    .ARM.Collect$$rtentry$$0000000D          0x080001d8   Section        8  __rtentry2.o(.ARM.Collect$$rtentry$$0000000D)
    .ARM.Collect$$rtexit$$00000000           0x080001e0   Section        2  rtexit.o(.ARM.Collect$$rtexit$$00000000)
    .ARM.Collect$$rtexit$$00000002           0x080001e2   Section        0  rtexit2.o(.ARM.Collect$$rtexit$$00000002)
    .ARM.Collect$$rtexit$$00000003           0x080001e2   Section        4  rtexit2.o(.ARM.Collect$$rtexit$$00000003)
    .ARM.Collect$$rtexit$$00000004           0x080001e6   Section        6  rtexit2.o(.ARM.Collect$$rtexit$$00000004)
    .emb_text                                0x080001ec   Section      150  port.o(.emb_text)
    .text                                    0x08000284   Section        0  main.o(.text)
    .text                                    0x08000d14   Section        0  stm32f10x_it.o(.text)
    .text                                    0x08000d28   Section        0  system_stm32f10x.o(.text)
    SetSysClockTo72                          0x08000d29   Thumb Code   214  system_stm32f10x.o(.text)
    SetSysClock                              0x08000dff   Thumb Code     8  system_stm32f10x.o(.text)
    .text                                    0x08000f08   Section        0  led.o(.text)
    .text                                    0x08000f58   Section        0  key.o(.text)
    .text                                    0x08001054   Section       64  startup_stm32f10x_hd.o(.text)
    .text                                    0x08001094   Section        0  stm32f10x_gpio.o(.text)
    .text                                    0x080013f0   Section        0  stm32f10x_rcc.o(.text)
    .text                                    0x08001794   Section        0  stm32f10x_usart.o(.text)
    .text                                    0x08001b9c   Section        0  misc.o(.text)
    .text                                    0x08001c78   Section        0  list.o(.text)
    .text                                    0x08001d0c   Section        0  queue.o(.text)
    prvInitialiseNewQueue                    0x08001d93   Thumb Code    46  queue.o(.text)
    prvCopyDataToQueue                       0x08001ec1   Thumb Code   124  queue.o(.text)
    prvNotifyQueueSetContainer               0x08001f3d   Thumb Code   124  queue.o(.text)
    prvUnlockQueue                           0x08001fb9   Thumb Code   146  queue.o(.text)
    prvIsQueueFull                           0x0800204b   Thumb Code    30  queue.o(.text)
    prvInitialiseMutex                       0x08002231   Thumb Code    28  queue.o(.text)
    prvGetDisinheritPriorityAfterTimeout     0x080022db   Thumb Code    20  queue.o(.text)
    prvIsQueueEmpty                          0x080022ef   Thumb Code    26  queue.o(.text)
    prvCopyDataFromQueue                     0x08002775   Thumb Code    42  queue.o(.text)
    .text                                    0x08002dfc   Section        0  tasks.o(.text)
    prvInitialiseTaskLists                   0x08002dfd   Thumb Code    70  tasks.o(.text)
    prvAddNewTaskToReadyList                 0x08002e43   Thumb Code   156  tasks.o(.text)
    prvInitialiseNewTask                     0x08002edf   Thumb Code   170  tasks.o(.text)
    prvResetNextTaskUnblockTime              0x08003085   Thumb Code    42  tasks.o(.text)
    prvDeleteTCB                             0x080030af   Thumb Code    70  tasks.o(.text)
    prvAddCurrentTaskToDelayedList           0x08003411   Thumb Code   124  tasks.o(.text)
    prvTaskIsTaskSuspended                   0x080038dd   Thumb Code    76  tasks.o(.text)
    prvCheckTasksWaitingTermination          0x08003a3b   Thumb Code    60  tasks.o(.text)
    prvIdleTask                              0x08003a77   Thumb Code    32  tasks.o(.text)
    prvTaskCheckFreeStackSpace               0x08003bd1   Thumb Code    22  tasks.o(.text)
    prvListTasksWithinSingleList             0x08003c65   Thumb Code   106  tasks.o(.text)
    prvWriteNameToBuffer                     0x0800428b   Thumb Code    42  tasks.o(.text)
    .text                                    0x08004808   Section        0  timers.o(.text)
    prvInsertTimerInActiveList               0x08004809   Thumb Code    80  timers.o(.text)
    prvSwitchTimerLists                      0x080048cf   Thumb Code   140  timers.o(.text)
    prvSampleTimeNow                         0x0800495b   Thumb Code    40  timers.o(.text)
    prvProcessReceivedCommands               0x08004983   Thumb Code   258  timers.o(.text)
    prvProcessExpiredTimer                   0x08004a85   Thumb Code    84  timers.o(.text)
    prvProcessTimerOrBlockTask               0x08004ad9   Thumb Code   102  timers.o(.text)
    prvGetNextExpireTime                     0x08004b3f   Thumb Code    36  timers.o(.text)
    prvTimerTask                             0x08004b63   Thumb Code    26  timers.o(.text)
    prvCheckForValidListAndQueue             0x08004b7d   Thumb Code    78  timers.o(.text)
    prvInitialiseNewTimer                    0x08004c89   Thumb Code    72  timers.o(.text)
    .text                                    0x08004eec   Section        0  heap_4.o(.text)
    prvInsertBlockIntoFreeList               0x08004eed   Thumb Code    96  heap_4.o(.text)
    prvHeapInit                              0x08004f4d   Thumb Code    98  heap_4.o(.text)
    .text                                    0x0800518c   Section        0  port.o(.text)
    prvTaskExitError                         0x0800518d   Thumb Code    48  port.o(.text)
    .text                                    0x08005468   Section        0  delay.o(.text)
    .text                                    0x0800556c   Section        0  usart.o(.text)
    .text                                    0x080056ac   Section        2  use_no_semi_2.o(.text)
    .text                                    0x080056b0   Section        0  noretval__2printf.o(.text)
    .text                                    0x080056c8   Section        0  noretval__2sprintf.o(.text)
    .text                                    0x080056f0   Section        0  _printf_str.o(.text)
    .text                                    0x08005744   Section        0  _printf_dec.o(.text)
    .text                                    0x080057bc   Section        0  _printf_hex_int.o(.text)
    .text                                    0x08005814   Section        0  __printf_flags.o(.text)
    .text                                    0x080058a8   Section        0  strcpy.o(.text)
    .text                                    0x080058f0   Section        0  strlen.o(.text)
    .text                                    0x0800592e   Section      138  rt_memcpy_v6.o(.text)
    .text                                    0x080059b8   Section       16  aeabi_memset.o(.text)
    .text                                    0x080059c8   Section        0  heapauxi.o(.text)
    .text                                    0x080059ce   Section        2  use_no_semi.o(.text)
    .text                                    0x080059d0   Section        0  _printf_intcommon.o(.text)
    .text                                    0x08005a84   Section        0  _printf_char_common.o(.text)
    _printf_input_char                       0x08005a85   Thumb Code    10  _printf_char_common.o(.text)
    .text                                    0x08005ab4   Section        0  _sputc.o(.text)
    .text                                    0x08005abe   Section        0  _printf_char.o(.text)
    .text                                    0x08005aec   Section        0  _printf_char_file.o(.text)
    .text                                    0x08005b10   Section      100  rt_memcpy_w.o(.text)
    .text                                    0x08005b74   Section       68  rt_memclr.o(.text)
    .text                                    0x08005bb8   Section        0  ferror.o(.text)
    .text                                    0x08005bc0   Section       78  rt_memclr_w.o(.text)
    .text                                    0x08005c0e   Section       74  sys_stackheap_outer.o(.text)
    .text                                    0x08005c58   Section        0  exit.o(.text)
    .text                                    0x08005c6c   Section        8  libspace.o(.text)
    .constdata                               0x08005c74   Section       40  _printf_hex_int.o(.constdata)
    uc_hextab                                0x08005c74   Data          20  _printf_hex_int.o(.constdata)
    lc_hextab                                0x08005c88   Data          20  _printf_hex_int.o(.constdata)
    .constdata                               0x08005c9c   Section       17  __printf_flags.o(.constdata)
    maptable                                 0x08005c9c   Data          17  __printf_flags.o(.constdata)
    .conststring                             0x08005cb0   Section      497  main.o(.conststring)
    .data                                    0x20000000   Section       12  main.o(.data)
    .data                                    0x2000000c   Section       20  system_stm32f10x.o(.data)
    .data                                    0x20000020   Section        1  key.o(.data)
    key_up                                   0x20000020   Data           1  key.o(.data)
    .data                                    0x20000021   Section       20  stm32f10x_rcc.o(.data)
    APBAHBPrescTable                         0x20000021   Data          16  stm32f10x_rcc.o(.data)
    ADCPrescTable                            0x20000031   Data           4  stm32f10x_rcc.o(.data)
    .data                                    0x20000038   Section       60  tasks.o(.data)
    pxDelayedTaskList                        0x2000003c   Data           4  tasks.o(.data)
    pxOverflowDelayedTaskList                0x20000040   Data           4  tasks.o(.data)
    uxDeletedTasksWaitingCleanUp             0x20000044   Data           4  tasks.o(.data)
    uxCurrentNumberOfTasks                   0x20000048   Data           4  tasks.o(.data)
    xTickCount                               0x2000004c   Data           4  tasks.o(.data)
    uxTopReadyPriority                       0x20000050   Data           4  tasks.o(.data)
    xSchedulerRunning                        0x20000054   Data           4  tasks.o(.data)
    uxPendedTicks                            0x20000058   Data           4  tasks.o(.data)
    xYieldPending                            0x2000005c   Data           4  tasks.o(.data)
    xNumOfOverflows                          0x20000060   Data           4  tasks.o(.data)
    uxTaskNumber                             0x20000064   Data           4  tasks.o(.data)
    xNextTaskUnblockTime                     0x20000068   Data           4  tasks.o(.data)
    xIdleTaskHandle                          0x2000006c   Data           4  tasks.o(.data)
    uxSchedulerSuspended                     0x20000070   Data           4  tasks.o(.data)
    .data                                    0x20000074   Section       20  timers.o(.data)
    pxCurrentTimerList                       0x20000074   Data           4  timers.o(.data)
    pxOverflowTimerList                      0x20000078   Data           4  timers.o(.data)
    xTimerQueue                              0x2000007c   Data           4  timers.o(.data)
    xTimerTaskHandle                         0x20000080   Data           4  timers.o(.data)
    xLastTime                                0x20000084   Data           4  timers.o(.data)
    .data                                    0x20000088   Section       24  heap_4.o(.data)
    xStart                                   0x20000088   Data           8  heap_4.o(.data)
    pxEnd                                    0x20000090   Data           4  heap_4.o(.data)
    xFreeBytesRemaining                      0x20000094   Data           4  heap_4.o(.data)
    xMinimumEverFreeBytesRemaining           0x20000098   Data           4  heap_4.o(.data)
    xBlockAllocatedBit                       0x2000009c   Data           4  heap_4.o(.data)
    .data                                    0x200000a0   Section       12  port.o(.data)
    uxCriticalNesting                        0x200000a0   Data           4  port.o(.data)
    ucMaxSysCallPriority                     0x200000a4   Data           1  port.o(.data)
    ulMaxPRIGROUPValue                       0x200000a8   Data           4  port.o(.data)
    .data                                    0x200000ac   Section        4  delay.o(.data)
    fac_us                                   0x200000ac   Data           1  delay.o(.data)
    fac_ms                                   0x200000ae   Data           2  delay.o(.data)
    .data                                    0x200000b0   Section        6  usart.o(.data)
    .bss                                     0x200000b8   Section     3636  main.o(.bss)
    IdleTaskTCB                              0x200007cc   Data          92  main.o(.bss)
    IdleTaskStack                            0x20000828   Data         520  main.o(.bss)
    TimerTaskTCB                             0x20000a30   Data          92  main.o(.bss)
    TimerTaskStack                           0x20000a8c   Data        1040  main.o(.bss)
    .bss                                     0x20000eec   Section       64  queue.o(.bss)
    .bss                                     0x20000f2c   Section      740  tasks.o(.bss)
    pxReadyTasksLists                        0x20000f2c   Data         640  tasks.o(.bss)
    xDelayedTaskList1                        0x200011ac   Data          20  tasks.o(.bss)
    xDelayedTaskList2                        0x200011c0   Data          20  tasks.o(.bss)
    xPendingReadyList                        0x200011d4   Data          20  tasks.o(.bss)
    xTasksWaitingTermination                 0x200011e8   Data          20  tasks.o(.bss)
    xSuspendedTaskList                       0x200011fc   Data          20  tasks.o(.bss)
    .bss                                     0x20001210   Section      204  timers.o(.bss)
    xActiveTimerList1                        0x20001210   Data          20  timers.o(.bss)
    xActiveTimerList2                        0x20001224   Data          20  timers.o(.bss)
    xStaticTimerQueue                        0x20001238   Data          84  timers.o(.bss)
    ucStaticTimerQueueStorage                0x2000128c   Data          80  timers.o(.bss)
    .bss                                     0x200012dc   Section    20480  heap_4.o(.bss)
    ucHeap                                   0x200012dc   Data       20480  heap_4.o(.bss)
    .bss                                     0x200062dc   Section      200  usart.o(.bss)
    .bss                                     0x200063a4   Section       96  libspace.o(.bss)
    HEAP                                     0x20006408   Section      512  startup_stm32f10x_hd.o(HEAP)
    Heap_Mem                                 0x20006408   Data         512  startup_stm32f10x_hd.o(HEAP)
    STACK                                    0x20006608   Section     1024  startup_stm32f10x_hd.o(STACK)
    Stack_Mem                                0x20006608   Data        1024  startup_stm32f10x_hd.o(STACK)
    __initial_sp                             0x20006a08   Data           0  startup_stm32f10x_hd.o(STACK)

    Global Symbols

    Symbol Name                              Value     Ov Type        Size  Object(Section)

    BuildAttributes$$THM_ISAv4$P$D$K$B$S$PE$A:L22UL41UL21$X:L11$S22US41US21$IEEE1$IW$USESV6$~STKCKD$USESV7$~SHL$OSPACE$ROPI$EBA8$UX$STANDARDLIB$REQ8$PRES8$EABIv2 0x00000000   Number         0  anon$$obj.o ABSOLUTE
    __ARM_use_no_argv                        0x00000000   Number         0  main.o ABSOLUTE
    _printf_flags                            0x00000000   Number         0  printf_stubs.o ABSOLUTE
    _printf_return_value                     0x00000000   Number         0  printf_stubs.o ABSOLUTE
    _printf_sizespec                         0x00000000   Number         0  printf_stubs.o ABSOLUTE
    _printf_widthprec                        0x00000000   Number         0  printf_stubs.o ABSOLUTE
    __ARM_exceptions_init                     - Undefined Weak Reference
    __alloca_initialize                       - Undefined Weak Reference
    __arm_preinit_                            - Undefined Weak Reference
    __cpp_initialize__aeabi_                  - Undefined Weak Reference
    __cxa_finalize                            - Undefined Weak Reference
    __rt_locale                               - Undefined Weak Reference
    __sigvec_lookup                           - Undefined Weak Reference
    _atexit_init                              - Undefined Weak Reference
    _call_atexit_fns                          - Undefined Weak Reference
    _clock_init                               - Undefined Weak Reference
    _fp_trap_init                             - Undefined Weak Reference
    _fp_trap_shutdown                         - Undefined Weak Reference
    _get_lc_collate                           - Undefined Weak Reference
    _get_lc_ctype                             - Undefined Weak Reference
    _get_lc_monetary                          - Undefined Weak Reference
    _get_lc_numeric                           - Undefined Weak Reference
    _get_lc_time                              - Undefined Weak Reference
    _getenv_init                              - Undefined Weak Reference
    _handle_redirection                       - Undefined Weak Reference
    _init_alloc                               - Undefined Weak Reference
    _init_user_alloc                          - Undefined Weak Reference
    _initio                                   - Undefined Weak Reference
    _mutex_acquire                            - Undefined Weak Reference
    _mutex_release                            - Undefined Weak Reference
    _printf_mbtowc                            - Undefined Weak Reference
    _printf_post_padding                      - Undefined Weak Reference
    _printf_pre_padding                       - Undefined Weak Reference
    _printf_truncate_signed                   - Undefined Weak Reference
    _printf_truncate_unsigned                 - Undefined Weak Reference
    _rand_init                                - Undefined Weak Reference
    _signal_finish                            - Undefined Weak Reference
    _signal_init                              - Undefined Weak Reference
    _terminate_alloc                          - Undefined Weak Reference
    _terminate_user_alloc                     - Undefined Weak Reference
    _terminateio                              - Undefined Weak Reference
    __Vectors_Size                           0x00000130   Number         0  startup_stm32f10x_hd.o ABSOLUTE
    __Vectors                                0x08000000   Data           4  startup_stm32f10x_hd.o(RESET)
    __Vectors_End                            0x08000130   Data           0  startup_stm32f10x_hd.o(RESET)
    __main                                   0x08000131   Thumb Code     8  __main.o(!!!main)
    __scatterload                            0x08000139   Thumb Code     0  __scatter.o(!!!scatter)
    __scatterload_rt2                        0x08000139   Thumb Code    44  __scatter.o(!!!scatter)
    __scatterload_rt2_thumb_only             0x08000139   Thumb Code     0  __scatter.o(!!!scatter)
    __scatterload_null                       0x08000147   Thumb Code     0  __scatter.o(!!!scatter)
    __scatterload_copy                       0x0800016d   Thumb Code    26  __scatter_copy.o(!!handler_copy)
    __scatterload_zeroinit                   0x08000189   Thumb Code    28  __scatter_zi.o(!!handler_zi)
    _printf_d                                0x080001a5   Thumb Code     0  _printf_d.o(.ARM.Collect$$_printf_percent$$00000009)
    _printf_percent                          0x080001a5   Thumb Code     0  _printf_percent.o(.ARM.Collect$$_printf_percent$$00000000)
    _printf_u                                0x080001ab   Thumb Code     0  _printf_u.o(.ARM.Collect$$_printf_percent$$0000000A)
    _printf_x                                0x080001b1   Thumb Code     0  _printf_x.o(.ARM.Collect$$_printf_percent$$0000000C)
    _printf_c                                0x080001b7   Thumb Code     0  _printf_c.o(.ARM.Collect$$_printf_percent$$00000013)
    _printf_s                                0x080001bd   Thumb Code     0  _printf_s.o(.ARM.Collect$$_printf_percent$$00000014)
    _printf_percent_end                      0x080001c3   Thumb Code     0  _printf_percent_end.o(.ARM.Collect$$_printf_percent$$00000017)
    __rt_lib_init                            0x080001c7   Thumb Code     0  libinit.o(.ARM.Collect$$libinit$$00000000)
    __rt_lib_init_alloca_1                   0x080001c9   Thumb Code     0  libinit2.o(.ARM.Collect$$libinit$$0000002E)
    __rt_lib_init_argv_1                     0x080001c9   Thumb Code     0  libinit2.o(.ARM.Collect$$libinit$$0000002C)
    __rt_lib_init_atexit_1                   0x080001c9   Thumb Code     0  libinit2.o(.ARM.Collect$$libinit$$0000001B)
    __rt_lib_init_clock_1                    0x080001c9   Thumb Code     0  libinit2.o(.ARM.Collect$$libinit$$00000021)
    __rt_lib_init_cpp_1                      0x080001c9   Thumb Code     0  libinit2.o(.ARM.Collect$$libinit$$00000032)
    __rt_lib_init_exceptions_1               0x080001c9   Thumb Code     0  libinit2.o(.ARM.Collect$$libinit$$00000030)
    __rt_lib_init_fp_1                       0x080001c9   Thumb Code     0  libinit2.o(.ARM.Collect$$libinit$$00000002)
    __rt_lib_init_fp_trap_1                  0x080001c9   Thumb Code     0  libinit2.o(.ARM.Collect$$libinit$$0000001F)
    __rt_lib_init_getenv_1                   0x080001c9   Thumb Code     0  libinit2.o(.ARM.Collect$$libinit$$00000023)
    __rt_lib_init_heap_1                     0x080001c9   Thumb Code     0  libinit2.o(.ARM.Collect$$libinit$$0000000A)
    __rt_lib_init_lc_collate_1               0x080001c9   Thumb Code     0  libinit2.o(.ARM.Collect$$libinit$$00000011)
    __rt_lib_init_lc_ctype_1                 0x080001c9   Thumb Code     0  libinit2.o(.ARM.Collect$$libinit$$00000013)
    __rt_lib_init_lc_monetary_1              0x080001c9   Thumb Code     0  libinit2.o(.ARM.Collect$$libinit$$00000015)
    __rt_lib_init_lc_numeric_1               0x080001c9   Thumb Code     0  libinit2.o(.ARM.Collect$$libinit$$00000017)
    __rt_lib_init_lc_time_1                  0x080001c9   Thumb Code     0  libinit2.o(.ARM.Collect$$libinit$$00000019)
    __rt_lib_init_preinit_1                  0x080001c9   Thumb Code     0  libinit2.o(.ARM.Collect$$libinit$$00000004)
    __rt_lib_init_rand_1                     0x080001c9   Thumb Code     0  libinit2.o(.ARM.Collect$$libinit$$0000000E)
    __rt_lib_init_return                     0x080001c9   Thumb Code     0  libinit2.o(.ARM.Collect$$libinit$$00000033)
    __rt_lib_init_signal_1                   0x080001c9   Thumb Code     0  libinit2.o(.ARM.Collect$$libinit$$0000001D)
    __rt_lib_init_stdio_1                    0x080001c9   Thumb Code     0  libinit2.o(.ARM.Collect$$libinit$$00000025)
    __rt_lib_init_user_alloc_1               0x080001c9   Thumb Code     0  libinit2.o(.ARM.Collect$$libinit$$0000000C)
    __rt_lib_shutdown                        0x080001cb   Thumb Code     0  libshutdown.o(.ARM.Collect$$libshutdown$$00000000)
    __rt_lib_shutdown_cpp_1                  0x080001cd   Thumb Code     0  libshutdown2.o(.ARM.Collect$$libshutdown$$00000002)
    __rt_lib_shutdown_fp_trap_1              0x080001cd   Thumb Code     0  libshutdown2.o(.ARM.Collect$$libshutdown$$00000007)
    __rt_lib_shutdown_heap_1                 0x080001cd   Thumb Code     0  libshutdown2.o(.ARM.Collect$$libshutdown$$0000000F)
    __rt_lib_shutdown_return                 0x080001cd   Thumb Code     0  libshutdown2.o(.ARM.Collect$$libshutdown$$00000010)
    __rt_lib_shutdown_signal_1               0x080001cd   Thumb Code     0  libshutdown2.o(.ARM.Collect$$libshutdown$$0000000A)
    __rt_lib_shutdown_stdio_1                0x080001cd   Thumb Code     0  libshutdown2.o(.ARM.Collect$$libshutdown$$00000004)
    __rt_lib_shutdown_user_alloc_1           0x080001cd   Thumb Code     0  libshutdown2.o(.ARM.Collect$$libshutdown$$0000000C)
    __rt_entry                               0x080001cf   Thumb Code     0  __rtentry.o(.ARM.Collect$$rtentry$$00000000)
    __rt_entry_presh_1                       0x080001cf   Thumb Code     0  __rtentry2.o(.ARM.Collect$$rtentry$$00000002)
    __rt_entry_sh                            0x080001cf   Thumb Code     0  __rtentry4.o(.ARM.Collect$$rtentry$$00000004)
    __rt_entry_li                            0x080001d5   Thumb Code     0  __rtentry2.o(.ARM.Collect$$rtentry$$0000000A)
    __rt_entry_postsh_1                      0x080001d5   Thumb Code     0  __rtentry2.o(.ARM.Collect$$rtentry$$00000009)
    __rt_entry_main                          0x080001d9   Thumb Code     0  __rtentry2.o(.ARM.Collect$$rtentry$$0000000D)
    __rt_entry_postli_1                      0x080001d9   Thumb Code     0  __rtentry2.o(.ARM.Collect$$rtentry$$0000000C)
    __rt_exit                                0x080001e1   Thumb Code     0  rtexit.o(.ARM.Collect$$rtexit$$00000000)
    __rt_exit_ls                             0x080001e3   Thumb Code     0  rtexit2.o(.ARM.Collect$$rtexit$$00000003)
    __rt_exit_prels_1                        0x080001e3   Thumb Code     0  rtexit2.o(.ARM.Collect$$rtexit$$00000002)
    __rt_exit_exit                           0x080001e7   Thumb Code     0  rtexit2.o(.ARM.Collect$$rtexit$$00000004)
    SVC_Handler                              0x080001ed   Thumb Code    32  port.o(.emb_text)
    __asm___6_port_c_39a90d8d__prvStartFirstTask 0x08000211   Thumb Code    28  port.o(.emb_text)
    PendSV_Handler                           0x08000231   Thumb Code    72  port.o(.emb_text)
    vPortGetIPSR                             0x0800027d   Thumb Code     6  port.o(.emb_text)
    vApplicationGetTimerTaskMemory           0x08000285   Thumb Code    14  main.o(.text)
    vApplicationGetIdleTaskMemory            0x08000293   Thumb Code    14  main.o(.text)
    task2_task                               0x080002a1   Thumb Code  1830  main.o(.text)
    task1_task                               0x080009c7   Thumb Code    24  main.o(.text)
    start_task                               0x080009df   Thumb Code    82  main.o(.text)
    main                                     0x08000a31   Thumb Code    68  main.o(.text)
    NMI_Handler                              0x08000d15   Thumb Code     2  stm32f10x_it.o(.text)
    HardFault_Handler                        0x08000d17   Thumb Code     4  stm32f10x_it.o(.text)
    MemManage_Handler                        0x08000d1b   Thumb Code     4  stm32f10x_it.o(.text)
    BusFault_Handler                         0x08000d1f   Thumb Code     4  stm32f10x_it.o(.text)
    UsageFault_Handler                       0x08000d23   Thumb Code     4  stm32f10x_it.o(.text)
    DebugMon_Handler                         0x08000d27   Thumb Code     2  stm32f10x_it.o(.text)
    SystemInit                               0x08000e07   Thumb Code    78  system_stm32f10x.o(.text)
    SystemCoreClockUpdate                    0x08000e55   Thumb Code   142  system_stm32f10x.o(.text)
    LED_Init                                 0x08000f09   Thumb Code    72  led.o(.text)
    KEY_Init                                 0x08000f59   Thumb Code    82  key.o(.text)
    KEY_Scan                                 0x08000fab   Thumb Code   154  key.o(.text)
    Reset_Handler                            0x08001055   Thumb Code     8  startup_stm32f10x_hd.o(.text)
    ADC1_2_IRQHandler                        0x0800106f   Thumb Code     0  startup_stm32f10x_hd.o(.text)
    ADC3_IRQHandler                          0x0800106f   Thumb Code     0  startup_stm32f10x_hd.o(.text)
    CAN1_RX1_IRQHandler                      0x0800106f   Thumb Code     0  startup_stm32f10x_hd.o(.text)
    CAN1_SCE_IRQHandler                      0x0800106f   Thumb Code     0  startup_stm32f10x_hd.o(.text)
    DMA1_Channel1_IRQHandler                 0x0800106f   Thumb Code     0  startup_stm32f10x_hd.o(.text)
    DMA1_Channel2_IRQHandler                 0x0800106f   Thumb Code     0  startup_stm32f10x_hd.o(.text)
    DMA1_Channel3_IRQHandler                 0x0800106f   Thumb Code     0  startup_stm32f10x_hd.o(.text)
    DMA1_Channel4_IRQHandler                 0x0800106f   Thumb Code     0  startup_stm32f10x_hd.o(.text)
    DMA1_Channel5_IRQHandler                 0x0800106f   Thumb Code     0  startup_stm32f10x_hd.o(.text)
    DMA1_Channel6_IRQHandler                 0x0800106f   Thumb Code     0  startup_stm32f10x_hd.o(.text)
    DMA1_Channel7_IRQHandler                 0x0800106f   Thumb Code     0  startup_stm32f10x_hd.o(.text)
    DMA2_Channel1_IRQHandler                 0x0800106f   Thumb Code     0  startup_stm32f10x_hd.o(.text)
    DMA2_Channel2_IRQHandler                 0x0800106f   Thumb Code     0  startup_stm32f10x_hd.o(.text)
    DMA2_Channel3_IRQHandler                 0x0800106f   Thumb Code     0  startup_stm32f10x_hd.o(.text)
    DMA2_Channel4_5_IRQHandler               0x0800106f   Thumb Code     0  startup_stm32f10x_hd.o(.text)
    EXTI0_IRQHandler                         0x0800106f   Thumb Code     0  startup_stm32f10x_hd.o(.text)
    EXTI15_10_IRQHandler                     0x0800106f   Thumb Code     0  startup_stm32f10x_hd.o(.text)
    EXTI1_IRQHandler                         0x0800106f   Thumb Code     0  startup_stm32f10x_hd.o(.text)
    EXTI2_IRQHandler                         0x0800106f   Thumb Code     0  startup_stm32f10x_hd.o(.text)
    EXTI3_IRQHandler                         0x0800106f   Thumb Code     0  startup_stm32f10x_hd.o(.text)
    EXTI4_IRQHandler                         0x0800106f   Thumb Code     0  startup_stm32f10x_hd.o(.text)
    EXTI9_5_IRQHandler                       0x0800106f   Thumb Code     0  startup_stm32f10x_hd.o(.text)
    FLASH_IRQHandler                         0x0800106f   Thumb Code     0  startup_stm32f10x_hd.o(.text)
    FSMC_IRQHandler                          0x0800106f   Thumb Code     0  startup_stm32f10x_hd.o(.text)
    I2C1_ER_IRQHandler                       0x0800106f   Thumb Code     0  startup_stm32f10x_hd.o(.text)
    I2C1_EV_IRQHandler                       0x0800106f   Thumb Code     0  startup_stm32f10x_hd.o(.text)
    I2C2_ER_IRQHandler                       0x0800106f   Thumb Code     0  startup_stm32f10x_hd.o(.text)
    I2C2_EV_IRQHandler                       0x0800106f   Thumb Code     0  startup_stm32f10x_hd.o(.text)
    PVD_IRQHandler                           0x0800106f   Thumb Code     0  startup_stm32f10x_hd.o(.text)
    RCC_IRQHandler                           0x0800106f   Thumb Code     0  startup_stm32f10x_hd.o(.text)
    RTCAlarm_IRQHandler                      0x0800106f   Thumb Code     0  startup_stm32f10x_hd.o(.text)
    RTC_IRQHandler                           0x0800106f   Thumb Code     0  startup_stm32f10x_hd.o(.text)
    SDIO_IRQHandler                          0x0800106f   Thumb Code     0  startup_stm32f10x_hd.o(.text)
    SPI1_IRQHandler                          0x0800106f   Thumb Code     0  startup_stm32f10x_hd.o(.text)
    SPI2_IRQHandler                          0x0800106f   Thumb Code     0  startup_stm32f10x_hd.o(.text)
    SPI3_IRQHandler                          0x0800106f   Thumb Code     0  startup_stm32f10x_hd.o(.text)
    TAMPER_IRQHandler                        0x0800106f   Thumb Code     0  startup_stm32f10x_hd.o(.text)
    TIM1_BRK_IRQHandler                      0x0800106f   Thumb Code     0  startup_stm32f10x_hd.o(.text)
    TIM1_CC_IRQHandler                       0x0800106f   Thumb Code     0  startup_stm32f10x_hd.o(.text)
    TIM1_TRG_COM_IRQHandler                  0x0800106f   Thumb Code     0  startup_stm32f10x_hd.o(.text)
    TIM1_UP_IRQHandler                       0x0800106f   Thumb Code     0  startup_stm32f10x_hd.o(.text)
    TIM2_IRQHandler                          0x0800106f   Thumb Code     0  startup_stm32f10x_hd.o(.text)
    TIM3_IRQHandler                          0x0800106f   Thumb Code     0  startup_stm32f10x_hd.o(.text)
    TIM4_IRQHandler                          0x0800106f   Thumb Code     0  startup_stm32f10x_hd.o(.text)
    TIM5_IRQHandler                          0x0800106f   Thumb Code     0  startup_stm32f10x_hd.o(.text)
    TIM6_IRQHandler                          0x0800106f   Thumb Code     0  startup_stm32f10x_hd.o(.text)
    TIM7_IRQHandler                          0x0800106f   Thumb Code     0  startup_stm32f10x_hd.o(.text)
    TIM8_BRK_IRQHandler                      0x0800106f   Thumb Code     0  startup_stm32f10x_hd.o(.text)
    TIM8_CC_IRQHandler                       0x0800106f   Thumb Code     0  startup_stm32f10x_hd.o(.text)
    TIM8_TRG_COM_IRQHandler                  0x0800106f   Thumb Code     0  startup_stm32f10x_hd.o(.text)
    TIM8_UP_IRQHandler                       0x0800106f   Thumb Code     0  startup_stm32f10x_hd.o(.text)
    UART4_IRQHandler                         0x0800106f   Thumb Code     0  startup_stm32f10x_hd.o(.text)
    UART5_IRQHandler                         0x0800106f   Thumb Code     0  startup_stm32f10x_hd.o(.text)
    USART2_IRQHandler                        0x0800106f   Thumb Code     0  startup_stm32f10x_hd.o(.text)
    USART3_IRQHandler                        0x0800106f   Thumb Code     0  startup_stm32f10x_hd.o(.text)
    USBWakeUp_IRQHandler                     0x0800106f   Thumb Code     0  startup_stm32f10x_hd.o(.text)
    USB_HP_CAN1_TX_IRQHandler                0x0800106f   Thumb Code     0  startup_stm32f10x_hd.o(.text)
    USB_LP_CAN1_RX0_IRQHandler               0x0800106f   Thumb Code     0  startup_stm32f10x_hd.o(.text)
    WWDG_IRQHandler                          0x0800106f   Thumb Code     0  startup_stm32f10x_hd.o(.text)
    __user_initial_stackheap                 0x08001071   Thumb Code     0  startup_stm32f10x_hd.o(.text)
    GPIO_DeInit                              0x08001095   Thumb Code   172  stm32f10x_gpio.o(.text)
    GPIO_AFIODeInit                          0x08001141   Thumb Code    20  stm32f10x_gpio.o(.text)
    GPIO_Init                                0x08001155   Thumb Code   278  stm32f10x_gpio.o(.text)
    GPIO_StructInit                          0x0800126b   Thumb Code    16  stm32f10x_gpio.o(.text)
    GPIO_ReadInputDataBit                    0x0800127b   Thumb Code    18  stm32f10x_gpio.o(.text)
    GPIO_ReadInputData                       0x0800128d   Thumb Code     8  stm32f10x_gpio.o(.text)
    GPIO_ReadOutputDataBit                   0x08001295   Thumb Code    18  stm32f10x_gpio.o(.text)
    GPIO_ReadOutputData                      0x080012a7   Thumb Code     8  stm32f10x_gpio.o(.text)
    GPIO_SetBits                             0x080012af   Thumb Code     4  stm32f10x_gpio.o(.text)
    GPIO_ResetBits                           0x080012b3   Thumb Code     4  stm32f10x_gpio.o(.text)
    GPIO_WriteBit                            0x080012b7   Thumb Code    10  stm32f10x_gpio.o(.text)
    GPIO_Write                               0x080012c1   Thumb Code     4  stm32f10x_gpio.o(.text)
    GPIO_PinLockConfig                       0x080012c5   Thumb Code    18  stm32f10x_gpio.o(.text)
    GPIO_EventOutputConfig                   0x080012d7   Thumb Code    26  stm32f10x_gpio.o(.text)
    GPIO_EventOutputCmd                      0x080012f1   Thumb Code     6  stm32f10x_gpio.o(.text)
    GPIO_PinRemapConfig                      0x080012f7   Thumb Code   138  stm32f10x_gpio.o(.text)
    GPIO_EXTILineConfig                      0x08001381   Thumb Code    66  stm32f10x_gpio.o(.text)
    GPIO_ETH_MediaInterfaceConfig            0x080013c3   Thumb Code     8  stm32f10x_gpio.o(.text)
    RCC_DeInit                               0x080013f1   Thumb Code    64  stm32f10x_rcc.o(.text)
    RCC_HSEConfig                            0x08001431   Thumb Code    70  stm32f10x_rcc.o(.text)
    RCC_GetFlagStatus                        0x08001477   Thumb Code    56  stm32f10x_rcc.o(.text)
    RCC_WaitForHSEStartUp                    0x080014af   Thumb Code    56  stm32f10x_rcc.o(.text)
    RCC_AdjustHSICalibrationValue            0x080014e7   Thumb Code    20  stm32f10x_rcc.o(.text)
    RCC_HSICmd                               0x080014fb   Thumb Code     6  stm32f10x_rcc.o(.text)
    RCC_PLLConfig                            0x08001501   Thumb Code    24  stm32f10x_rcc.o(.text)
    RCC_PLLCmd                               0x08001519   Thumb Code     6  stm32f10x_rcc.o(.text)
    RCC_SYSCLKConfig                         0x0800151f   Thumb Code    18  stm32f10x_rcc.o(.text)
    RCC_GetSYSCLKSource                      0x08001531   Thumb Code    10  stm32f10x_rcc.o(.text)
    RCC_HCLKConfig                           0x0800153b   Thumb Code    18  stm32f10x_rcc.o(.text)
    RCC_PCLK1Config                          0x0800154d   Thumb Code    18  stm32f10x_rcc.o(.text)
    RCC_PCLK2Config                          0x0800155f   Thumb Code    20  stm32f10x_rcc.o(.text)
    RCC_ITConfig                             0x08001573   Thumb Code    26  stm32f10x_rcc.o(.text)
    RCC_USBCLKConfig                         0x0800158d   Thumb Code     8  stm32f10x_rcc.o(.text)
    RCC_ADCCLKConfig                         0x08001595   Thumb Code    18  stm32f10x_rcc.o(.text)
    RCC_LSEConfig                            0x080015a7   Thumb Code    50  stm32f10x_rcc.o(.text)
    RCC_LSICmd                               0x080015d9   Thumb Code     6  stm32f10x_rcc.o(.text)
    RCC_RTCCLKConfig                         0x080015df   Thumb Code    12  stm32f10x_rcc.o(.text)
    RCC_RTCCLKCmd                            0x080015eb   Thumb Code     8  stm32f10x_rcc.o(.text)
    RCC_GetClocksFreq                        0x080015f3   Thumb Code   192  stm32f10x_rcc.o(.text)
    RCC_AHBPeriphClockCmd                    0x080016b3   Thumb Code    26  stm32f10x_rcc.o(.text)
    RCC_APB2PeriphClockCmd                   0x080016cd   Thumb Code    26  stm32f10x_rcc.o(.text)
    RCC_APB1PeriphClockCmd                   0x080016e7   Thumb Code    26  stm32f10x_rcc.o(.text)
    RCC_APB2PeriphResetCmd                   0x08001701   Thumb Code    26  stm32f10x_rcc.o(.text)
    RCC_APB1PeriphResetCmd                   0x0800171b   Thumb Code    26  stm32f10x_rcc.o(.text)
    RCC_BackupResetCmd                       0x08001735   Thumb Code     8  stm32f10x_rcc.o(.text)
    RCC_ClockSecuritySystemCmd               0x0800173d   Thumb Code     6  stm32f10x_rcc.o(.text)
    RCC_MCOConfig                            0x08001743   Thumb Code     6  stm32f10x_rcc.o(.text)
    RCC_ClearFlag                            0x08001749   Thumb Code    14  stm32f10x_rcc.o(.text)
    RCC_GetITStatus                          0x08001757   Thumb Code    20  stm32f10x_rcc.o(.text)
    RCC_ClearITPendingBit                    0x0800176b   Thumb Code     6  stm32f10x_rcc.o(.text)
    USART_DeInit                             0x08001795   Thumb Code   134  stm32f10x_usart.o(.text)
    USART_Init                               0x0800181b   Thumb Code   210  stm32f10x_usart.o(.text)
    USART_StructInit                         0x080018ed   Thumb Code    24  stm32f10x_usart.o(.text)
    USART_ClockInit                          0x08001905   Thumb Code    34  stm32f10x_usart.o(.text)
    USART_ClockStructInit                    0x08001927   Thumb Code    12  stm32f10x_usart.o(.text)
    USART_Cmd                                0x08001933   Thumb Code    24  stm32f10x_usart.o(.text)
    USART_ITConfig                           0x0800194b   Thumb Code    74  stm32f10x_usart.o(.text)
    USART_DMACmd                             0x08001995   Thumb Code    18  stm32f10x_usart.o(.text)
    USART_SetAddress                         0x080019a7   Thumb Code    18  stm32f10x_usart.o(.text)
    USART_WakeUpConfig                       0x080019b9   Thumb Code    18  stm32f10x_usart.o(.text)
    USART_ReceiverWakeUpCmd                  0x080019cb   Thumb Code    24  stm32f10x_usart.o(.text)
    USART_LINBreakDetectLengthConfig         0x080019e3   Thumb Code    18  stm32f10x_usart.o(.text)
    USART_LINCmd                             0x080019f5   Thumb Code    24  stm32f10x_usart.o(.text)
    USART_SendData                           0x08001a0d   Thumb Code     8  stm32f10x_usart.o(.text)
    USART_ReceiveData                        0x08001a15   Thumb Code    10  stm32f10x_usart.o(.text)
    USART_SendBreak                          0x08001a1f   Thumb Code    10  stm32f10x_usart.o(.text)
    USART_SetGuardTime                       0x08001a29   Thumb Code    16  stm32f10x_usart.o(.text)
    USART_SetPrescaler                       0x08001a39   Thumb Code    16  stm32f10x_usart.o(.text)
    USART_SmartCardCmd                       0x08001a49   Thumb Code    24  stm32f10x_usart.o(.text)
    USART_SmartCardNACKCmd                   0x08001a61   Thumb Code    24  stm32f10x_usart.o(.text)
    USART_HalfDuplexCmd                      0x08001a79   Thumb Code    24  stm32f10x_usart.o(.text)
    USART_OverSampling8Cmd                   0x08001a91   Thumb Code    22  stm32f10x_usart.o(.text)
    USART_OneBitMethodCmd                    0x08001aa7   Thumb Code    24  stm32f10x_usart.o(.text)
    USART_IrDAConfig                         0x08001abf   Thumb Code    18  stm32f10x_usart.o(.text)
    USART_IrDACmd                            0x08001ad1   Thumb Code    24  stm32f10x_usart.o(.text)
    USART_GetFlagStatus                      0x08001ae9   Thumb Code    26  stm32f10x_usart.o(.text)
    USART_ClearFlag                          0x08001b03   Thumb Code    18  stm32f10x_usart.o(.text)
    USART_GetITStatus                        0x08001b15   Thumb Code    84  stm32f10x_usart.o(.text)
    USART_ClearITPendingBit                  0x08001b69   Thumb Code    52  stm32f10x_usart.o(.text)
    NVIC_PriorityGroupConfig                 0x08001b9d   Thumb Code    10  misc.o(.text)
    NVIC_Init                                0x08001ba7   Thumb Code   100  misc.o(.text)
    NVIC_SetVectorTable                      0x08001c0b   Thumb Code    14  misc.o(.text)
    NVIC_SystemLPConfig                      0x08001c19   Thumb Code    34  misc.o(.text)
    SysTick_CLKSourceConfig                  0x08001c3b   Thumb Code    40  misc.o(.text)
    vListInitialise                          0x08001c79   Thumb Code    26  list.o(.text)
    vListInitialiseItem                      0x08001c93   Thumb Code     6  list.o(.text)
    vListInsertEnd                           0x08001c99   Thumb Code    24  list.o(.text)
    vListInsert                              0x08001cb1   Thumb Code    52  list.o(.text)
    uxListRemove                             0x08001ce5   Thumb Code    40  list.o(.text)
    xQueueGenericReset                       0x08001d0d   Thumb Code   134  queue.o(.text)
    xQueueGenericCreateStatic                0x08001dc1   Thumb Code   172  queue.o(.text)
    xQueueGenericCreate                      0x08001e6d   Thumb Code    84  queue.o(.text)
    xQueueGenericSend                        0x08002069   Thumb Code   456  queue.o(.text)
    xQueueCreateMutex                        0x0800224d   Thumb Code    34  queue.o(.text)
    xQueueCreateMutexStatic                  0x0800226f   Thumb Code    42  queue.o(.text)
    xQueueGiveMutexRecursive                 0x08002299   Thumb Code    66  queue.o(.text)
    xQueueSemaphoreTake                      0x08002309   Thumb Code   410  queue.o(.text)
    xQueueTakeMutexRecursive                 0x080024a3   Thumb Code    72  queue.o(.text)
    xQueueCreateCountingSemaphoreStatic      0x080024eb   Thumb Code    96  queue.o(.text)
    xQueueCreateCountingSemaphore            0x0800254b   Thumb Code    80  queue.o(.text)
    xQueueGenericSendFromISR                 0x0800259b   Thumb Code   246  queue.o(.text)
    xQueueGiveFromISR                        0x08002691   Thumb Code   228  queue.o(.text)
    xQueueReceive                            0x0800279f   Thumb Code   338  queue.o(.text)
    xQueuePeek                               0x080028f1   Thumb Code   344  queue.o(.text)
    xQueueReceiveFromISR                     0x08002a49   Thumb Code   190  queue.o(.text)
    xQueuePeekFromISR                        0x08002b07   Thumb Code   158  queue.o(.text)
    uxQueueMessagesWaiting                   0x08002ba5   Thumb Code    36  queue.o(.text)
    uxQueueSpacesAvailable                   0x08002bc9   Thumb Code    42  queue.o(.text)
    uxQueueMessagesWaitingFromISR            0x08002bf3   Thumb Code    34  queue.o(.text)
    vQueueUnregisterQueue                    0x08002c15   Thumb Code    44  queue.o(.text)
    vQueueDelete                             0x08002c41   Thumb Code    44  queue.o(.text)
    uxQueueGetQueueNumber                    0x08002c6d   Thumb Code     6  queue.o(.text)
    vQueueSetQueueNumber                     0x08002c73   Thumb Code     4  queue.o(.text)
    ucQueueGetQueueType                      0x08002c77   Thumb Code     8  queue.o(.text)
    xQueueIsQueueEmptyFromISR                0x08002c7f   Thumb Code    36  queue.o(.text)
    xQueueIsQueueFullFromISR                 0x08002ca3   Thumb Code    40  queue.o(.text)
    vQueueAddToRegistry                      0x08002ccb   Thumb Code    38  queue.o(.text)
    pcQueueGetName                           0x08002cf1   Thumb Code    38  queue.o(.text)
    vQueueWaitForMessageRestricted           0x08002d17   Thumb Code    74  queue.o(.text)
    xQueueCreateSet                          0x08002d61   Thumb Code    20  queue.o(.text)
    xQueueAddToSet                           0x08002d75   Thumb Code    38  queue.o(.text)
    xQueueRemoveFromSet                      0x08002d9b   Thumb Code    48  queue.o(.text)
    xQueueSelectFromSet                      0x08002dcb   Thumb Code    24  queue.o(.text)
    xQueueSelectFromSetFromISR               0x08002de3   Thumb Code    22  queue.o(.text)
    xTaskCreateStatic                        0x08002f89   Thumb Code   152  tasks.o(.text)
    xTaskCreate                              0x08003021   Thumb Code   100  tasks.o(.text)
    vTaskDelete                              0x080030f5   Thumb Code   192  tasks.o(.text)
    xTaskIncrementTick                       0x080031b5   Thumb Code   386  tasks.o(.text)
    xTaskResumeAll                           0x08003337   Thumb Code   218  tasks.o(.text)
    vTaskSuspendAll                          0x0800348d   Thumb Code    12  tasks.o(.text)
    vTaskDelayUntil                          0x08003499   Thumb Code   182  tasks.o(.text)
    vTaskDelay                               0x0800354f   Thumb Code    76  tasks.o(.text)
    eTaskGetState                            0x0800359b   Thumb Code   106  tasks.o(.text)
    uxTaskPriorityGet                        0x08003605   Thumb Code    30  tasks.o(.text)
    uxTaskPriorityGetFromISR                 0x08003623   Thumb Code   126  tasks.o(.text)
    vTaskPrioritySet                         0x080036a1   Thumb Code   254  tasks.o(.text)
    vTaskSwitchContext                       0x0800379f   Thumb Code   114  tasks.o(.text)
    vTaskSuspend                             0x08003811   Thumb Code   204  tasks.o(.text)
    vTaskResume                              0x08003929   Thumb Code   122  tasks.o(.text)
    xTaskResumeFromISR                       0x080039a3   Thumb Code   152  tasks.o(.text)
    vTaskStartScheduler                      0x08003a97   Thumb Code   214  tasks.o(.text)
    vTaskEndScheduler                        0x08003b6d   Thumb Code    32  tasks.o(.text)
    xTaskGetTickCount                        0x08003b8d   Thumb Code     6  tasks.o(.text)
    xTaskGetTickCountFromISR                 0x08003b93   Thumb Code    16  tasks.o(.text)
    uxTaskGetNumberOfTasks                   0x08003ba3   Thumb Code     6  tasks.o(.text)
    pcTaskGetName                            0x08003ba9   Thumb Code    40  tasks.o(.text)
    vTaskGetInfo                             0x08003be7   Thumb Code   126  tasks.o(.text)
    uxTaskGetSystemState                     0x08003ccf   Thumb Code   152  tasks.o(.text)
    vTaskPlaceOnEventList                    0x08003d67   Thumb Code    46  tasks.o(.text)
    vTaskPlaceOnUnorderedEventList           0x08003d95   Thumb Code    88  tasks.o(.text)
    vTaskPlaceOnEventListRestricted          0x08003ded   Thumb Code    54  tasks.o(.text)
    xTaskRemoveFromEventList                 0x08003e23   Thumb Code   122  tasks.o(.text)
    vTaskRemoveFromUnorderedEventList        0x08003e9d   Thumb Code   188  tasks.o(.text)
    vTaskSetTimeOutState                     0x08003f59   Thumb Code    44  tasks.o(.text)
    vTaskInternalSetTimeOutState             0x08003f85   Thumb Code    14  tasks.o(.text)
    xTaskCheckForTimeOut                     0x08003f93   Thumb Code   120  tasks.o(.text)
    vTaskMissedYield                         0x0800400b   Thumb Code     8  tasks.o(.text)
    uxTaskGetTaskNumber                      0x08004013   Thumb Code    14  tasks.o(.text)
    vTaskSetTaskNumber                       0x08004021   Thumb Code     8  tasks.o(.text)
    xTaskGetCurrentTaskHandle                0x08004029   Thumb Code     6  tasks.o(.text)
    xTaskGetSchedulerState                   0x0800402f   Thumb Code    24  tasks.o(.text)
    xTaskPriorityInherit                     0x08004047   Thumb Code   186  tasks.o(.text)
    xTaskPriorityDisinherit                  0x08004101   Thumb Code   176  tasks.o(.text)
    vTaskPriorityDisinheritAfterTimeout      0x080041b1   Thumb Code   218  tasks.o(.text)
    vTaskList                                0x080042b5   Thumb Code   258  tasks.o(.text)
    uxTaskResetEventItemValue                0x080043b7   Thumb Code    24  tasks.o(.text)
    pvTaskIncrementMutexHeldCount            0x080043cf   Thumb Code    26  tasks.o(.text)
    ulTaskNotifyTake                         0x080043e9   Thumb Code   108  tasks.o(.text)
    xTaskNotifyWait                          0x08004455   Thumb Code   150  tasks.o(.text)
    xTaskGenericNotify                       0x080044eb   Thumb Code   226  tasks.o(.text)
    xTaskGenericNotifyFromISR                0x080045cd   Thumb Code   282  tasks.o(.text)
    vTaskNotifyGiveFromISR                   0x080046e7   Thumb Code   232  tasks.o(.text)
    xTaskNotifyStateClear                    0x080047cf   Thumb Code    48  tasks.o(.text)
    xTimerGenericCommand                     0x08004859   Thumb Code   118  timers.o(.text)
    xTimerCreateTimerTask                    0x08004bcb   Thumb Code   190  timers.o(.text)
    xTimerCreate                             0x08004cd1   Thumb Code    54  timers.o(.text)
    xTimerCreateStatic                       0x08004d07   Thumb Code   100  timers.o(.text)
    xTimerGetTimerDaemonTaskHandle           0x08004d6b   Thumb Code    38  timers.o(.text)
    xTimerGetPeriod                          0x08004d91   Thumb Code    28  timers.o(.text)
    xTimerGetExpiryTime                      0x08004dad   Thumb Code    30  timers.o(.text)
    pcTimerGetName                           0x08004dcb   Thumb Code    28  timers.o(.text)
    xTimerIsTimerActive                      0x08004de7   Thumb Code    50  timers.o(.text)
    pvTimerGetTimerID                        0x08004e19   Thumb Code    38  timers.o(.text)
    vTimerSetTimerID                         0x08004e3f   Thumb Code    38  timers.o(.text)
    xTimerPendFunctionCallFromISR            0x08004e65   Thumb Code    48  timers.o(.text)
    xTimerPendFunctionCall                   0x08004e95   Thumb Code    70  timers.o(.text)
    uxTimerGetTimerNumber                    0x08004edb   Thumb Code     6  timers.o(.text)
    vTimerSetTimerNumber                     0x08004ee1   Thumb Code     4  timers.o(.text)
    pvPortMalloc                             0x08004faf   Thumb Code   262  heap_4.o(.text)
    vPortFree                                0x080050b5   Thumb Code   120  heap_4.o(.text)
    xPortGetFreeHeapSize                     0x0800512d   Thumb Code     6  heap_4.o(.text)
    xPortGetMinimumEverFreeHeapSize          0x08005133   Thumb Code     6  heap_4.o(.text)
    vPortInitialiseBlocks                    0x08005139   Thumb Code     2  heap_4.o(.text)
    pxPortInitialiseStack                    0x080051bd   Thumb Code    30  port.o(.text)
    vPortSetupTimerInterrupt                 0x080051db   Thumb Code    36  port.o(.text)
    xPortStartScheduler                      0x080051ff   Thumb Code   240  port.o(.text)
    vPortEndScheduler                        0x080052ef   Thumb Code    34  port.o(.text)
    vPortEnterCritical                       0x08005311   Thumb Code    70  port.o(.text)
    vPortExitCritical                        0x08005357   Thumb Code    48  port.o(.text)
    xPortSysTickHandler                      0x08005387   Thumb Code    48  port.o(.text)
    vPortValidateInterruptPriority           0x080053b7   Thumb Code    88  port.o(.text)
    SysTick_Handler                          0x08005469   Thumb Code    16  delay.o(.text)
    delay_init                               0x08005479   Thumb Code    74  delay.o(.text)
    delay_us                                 0x080054c3   Thumb Code    68  delay.o(.text)
    delay_ms                                 0x08005507   Thumb Code    60  delay.o(.text)
    delay_xms                                0x08005543   Thumb Code    24  delay.o(.text)
    _sys_exit                                0x0800556d   Thumb Code     4  usart.o(.text)
    fputc                                    0x08005571   Thumb Code    24  usart.o(.text)
    uart_init                                0x08005589   Thumb Code   152  usart.o(.text)
    USART1_IRQHandler                        0x08005621   Thumb Code   122  usart.o(.text)
    __use_no_semihosting                     0x080056ad   Thumb Code     2  use_no_semi_2.o(.text)
    __2printf                                0x080056b1   Thumb Code    20  noretval__2printf.o(.text)
    __2sprintf                               0x080056c9   Thumb Code    34  noretval__2sprintf.o(.text)
    _printf_str                              0x080056f1   Thumb Code    82  _printf_str.o(.text)
    _printf_int_dec                          0x08005745   Thumb Code   104  _printf_dec.o(.text)
    _printf_int_hex                          0x080057bd   Thumb Code    84  _printf_hex_int.o(.text)
    _printf_longlong_hex                     0x080057bd   Thumb Code     0  _printf_hex_int.o(.text)
    __printf                                 0x08005815   Thumb Code   144  __printf_flags.o(.text)
    strcpy                                   0x080058a9   Thumb Code    72  strcpy.o(.text)
    strlen                                   0x080058f1   Thumb Code    62  strlen.o(.text)
    __aeabi_memcpy                           0x0800592f   Thumb Code     0  rt_memcpy_v6.o(.text)
    __rt_memcpy                              0x0800592f   Thumb Code   138  rt_memcpy_v6.o(.text)
    _memcpy_lastbytes                        0x08005995   Thumb Code     0  rt_memcpy_v6.o(.text)
    __aeabi_memset                           0x080059b9   Thumb Code    16  aeabi_memset.o(.text)
    __use_two_region_memory                  0x080059c9   Thumb Code     2  heapauxi.o(.text)
    __rt_heap_escrow$2region                 0x080059cb   Thumb Code     2  heapauxi.o(.text)
    __rt_heap_expand$2region                 0x080059cd   Thumb Code     2  heapauxi.o(.text)
    __I$use$semihosting                      0x080059cf   Thumb Code     0  use_no_semi.o(.text)
    __use_no_semihosting_swi                 0x080059cf   Thumb Code     2  use_no_semi.o(.text)
    _printf_int_common                       0x080059d1   Thumb Code   178  _printf_intcommon.o(.text)
    _printf_char_common                      0x08005a8f   Thumb Code    32  _printf_char_common.o(.text)
    _sputc                                   0x08005ab5   Thumb Code    10  _sputc.o(.text)
    _printf_cs_common                        0x08005abf   Thumb Code    20  _printf_char.o(.text)
    _printf_char                             0x08005ad3   Thumb Code    16  _printf_char.o(.text)
    _printf_string                           0x08005ae3   Thumb Code     8  _printf_char.o(.text)
    _printf_char_file                        0x08005aed   Thumb Code    32  _printf_char_file.o(.text)
    __aeabi_memcpy4                          0x08005b11   Thumb Code     0  rt_memcpy_w.o(.text)
    __aeabi_memcpy8                          0x08005b11   Thumb Code     0  rt_memcpy_w.o(.text)
    __rt_memcpy_w                            0x08005b11   Thumb Code   100  rt_memcpy_w.o(.text)
    _memcpy_lastbytes_aligned                0x08005b59   Thumb Code     0  rt_memcpy_w.o(.text)
    __aeabi_memclr                           0x08005b75   Thumb Code     0  rt_memclr.o(.text)
    __rt_memclr                              0x08005b75   Thumb Code    68  rt_memclr.o(.text)
    _memset                                  0x08005b79   Thumb Code     0  rt_memclr.o(.text)
    ferror                                   0x08005bb9   Thumb Code     8  ferror.o(.text)
    __aeabi_memclr4                          0x08005bc1   Thumb Code     0  rt_memclr_w.o(.text)
    __aeabi_memclr8                          0x08005bc1   Thumb Code     0  rt_memclr_w.o(.text)
    __rt_memclr_w                            0x08005bc1   Thumb Code    78  rt_memclr_w.o(.text)
    _memset_w                                0x08005bc5   Thumb Code     0  rt_memclr_w.o(.text)
    __user_setup_stackheap                   0x08005c0f   Thumb Code    74  sys_stackheap_outer.o(.text)
    exit                                     0x08005c59   Thumb Code    18  exit.o(.text)
    __user_libspace                          0x08005c6d   Thumb Code     8  libspace.o(.text)
    __user_perproc_libspace                  0x08005c6d   Thumb Code     0  libspace.o(.text)
    __user_perthread_libspace                0x08005c6d   Thumb Code     0  libspace.o(.text)
    Region$$Table$$Base                      0x08005ea4   Number         0  anon$$obj.o(Region$$Table)
    Region$$Table$$Limit                     0x08005ec4   Number         0  anon$$obj.o(Region$$Table)
    StartTask_Handler                        0x20000000   Data           4  main.o(.data)
    Task1Task_Handler                        0x20000004   Data           4  main.o(.data)
    Task2Task_Handler                        0x20000008   Data           4  main.o(.data)
    SystemCoreClock                          0x2000000c   Data           4  system_stm32f10x.o(.data)
    AHBPrescTable                            0x20000010   Data          16  system_stm32f10x.o(.data)
    pxCurrentTCB                             0x20000038   Data           4  tasks.o(.data)
    __stdout                                 0x200000b0   Data           4  usart.o(.data)
    USART_RX_STA                             0x200000b4   Data           2  usart.o(.data)
    StartTaskStack                           0x200000b8   Data         512  main.o(.bss)
    StartTaskTCB                             0x200002b8   Data          92  main.o(.bss)
    Task1TaskStack                           0x20000314   Data         512  main.o(.bss)
    Task1TaskTCB                             0x20000514   Data          92  main.o(.bss)
    Task2TaskStack                           0x20000570   Data         512  main.o(.bss)
    Task2TaskTCB                             0x20000770   Data          92  main.o(.bss)
    TestList                                 0x20000e9c   Data          20  main.o(.bss)
    ListItem1                                0x20000eb0   Data          20  main.o(.bss)
    ListItem2                                0x20000ec4   Data          20  main.o(.bss)
    ListItem3                                0x20000ed8   Data          20  main.o(.bss)
    xQueueRegistry                           0x20000eec   Data          64  queue.o(.bss)
    USART_RX_BUF                             0x200062dc   Data         200  usart.o(.bss)
    __libspace_start                         0x200063a4   Data          96  libspace.o(.bss)
    __temporary_stack_top$libspace           0x20006404   Data           0  libspace.o(.bss)



==============================================================================

Memory Map of the image

  Image Entry point : 0x08000131

  Load Region LR_IROM1 (Base: 0x08000000, Size: 0x00005f7c, Max: 0x00040000, ABSOLUTE)

    Execution Region ER_IROM1 (Base: 0x08000000, Size: 0x00005ec4, Max: 0x00040000, ABSOLUTE)

    Base Addr    Size         Type   Attr      Idx    E Section Name        Object

    0x08000000   0x00000130   Data   RO          253    RESET               startup_stm32f10x_hd.o
    0x08000130   0x00000008   Code   RO          624  * !!!main             c_w.l(__main.o)
    0x08000138   0x00000034   Code   RO          802    !!!scatter          c_w.l(__scatter.o)
    0x0800016c   0x0000001a   Code   RO          804    !!handler_copy      c_w.l(__scatter_copy.o)
    0x08000186   0x00000002   PAD
    0x08000188   0x0000001c   Code   RO          806    !!handler_zi        c_w.l(__scatter_zi.o)
    0x080001a4   0x00000000   Code   RO          613    .ARM.Collect$$_printf_percent$$00000000  c_w.l(_printf_percent.o)
    0x080001a4   0x00000006   Code   RO          611    .ARM.Collect$$_printf_percent$$00000009  c_w.l(_printf_d.o)
    0x080001aa   0x00000006   Code   RO          612    .ARM.Collect$$_printf_percent$$0000000A  c_w.l(_printf_u.o)
    0x080001b0   0x00000006   Code   RO          610    .ARM.Collect$$_printf_percent$$0000000C  c_w.l(_printf_x.o)
    0x080001b6   0x00000006   Code   RO          608    .ARM.Collect$$_printf_percent$$00000013  c_w.l(_printf_c.o)
    0x080001bc   0x00000006   Code   RO          609    .ARM.Collect$$_printf_percent$$00000014  c_w.l(_printf_s.o)
    0x080001c2   0x00000004   Code   RO          639    .ARM.Collect$$_printf_percent$$00000017  c_w.l(_printf_percent_end.o)
    0x080001c6   0x00000002   Code   RO          676    .ARM.Collect$$libinit$$00000000  c_w.l(libinit.o)
    0x080001c8   0x00000000   Code   RO          683    .ARM.Collect$$libinit$$00000002  c_w.l(libinit2.o)
    0x080001c8   0x00000000   Code   RO          685    .ARM.Collect$$libinit$$00000004  c_w.l(libinit2.o)
    0x080001c8   0x00000000   Code   RO          688    .ARM.Collect$$libinit$$0000000A  c_w.l(libinit2.o)
    0x080001c8   0x00000000   Code   RO          690    .ARM.Collect$$libinit$$0000000C  c_w.l(libinit2.o)
    0x080001c8   0x00000000   Code   RO          692    .ARM.Collect$$libinit$$0000000E  c_w.l(libinit2.o)
    0x080001c8   0x00000000   Code   RO          695    .ARM.Collect$$libinit$$00000011  c_w.l(libinit2.o)
    0x080001c8   0x00000000   Code   RO          697    .ARM.Collect$$libinit$$00000013  c_w.l(libinit2.o)
    0x080001c8   0x00000000   Code   RO          699    .ARM.Collect$$libinit$$00000015  c_w.l(libinit2.o)
    0x080001c8   0x00000000   Code   RO          701    .ARM.Collect$$libinit$$00000017  c_w.l(libinit2.o)
    0x080001c8   0x00000000   Code   RO          703    .ARM.Collect$$libinit$$00000019  c_w.l(libinit2.o)
    0x080001c8   0x00000000   Code   RO          705    .ARM.Collect$$libinit$$0000001B  c_w.l(libinit2.o)
    0x080001c8   0x00000000   Code   RO          707    .ARM.Collect$$libinit$$0000001D  c_w.l(libinit2.o)
    0x080001c8   0x00000000   Code   RO          709    .ARM.Collect$$libinit$$0000001F  c_w.l(libinit2.o)
    0x080001c8   0x00000000   Code   RO          711    .ARM.Collect$$libinit$$00000021  c_w.l(libinit2.o)
    0x080001c8   0x00000000   Code   RO          713    .ARM.Collect$$libinit$$00000023  c_w.l(libinit2.o)
    0x080001c8   0x00000000   Code   RO          715    .ARM.Collect$$libinit$$00000025  c_w.l(libinit2.o)
    0x080001c8   0x00000000   Code   RO          719    .ARM.Collect$$libinit$$0000002C  c_w.l(libinit2.o)
    0x080001c8   0x00000000   Code   RO          721    .ARM.Collect$$libinit$$0000002E  c_w.l(libinit2.o)
    0x080001c8   0x00000000   Code   RO          723    .ARM.Collect$$libinit$$00000030  c_w.l(libinit2.o)
    0x080001c8   0x00000000   Code   RO          725    .ARM.Collect$$libinit$$00000032  c_w.l(libinit2.o)
    0x080001c8   0x00000002   Code   RO          726    .ARM.Collect$$libinit$$00000033  c_w.l(libinit2.o)
    0x080001ca   0x00000002   Code   RO          744    .ARM.Collect$$libshutdown$$00000000  c_w.l(libshutdown.o)
    0x080001cc   0x00000000   Code   RO          754    .ARM.Collect$$libshutdown$$00000002  c_w.l(libshutdown2.o)
    0x080001cc   0x00000000   Code   RO          756    .ARM.Collect$$libshutdown$$00000004  c_w.l(libshutdown2.o)
    0x080001cc   0x00000000   Code   RO          759    .ARM.Collect$$libshutdown$$00000007  c_w.l(libshutdown2.o)
    0x080001cc   0x00000000   Code   RO          762    .ARM.Collect$$libshutdown$$0000000A  c_w.l(libshutdown2.o)
    0x080001cc   0x00000000   Code   RO          764    .ARM.Collect$$libshutdown$$0000000C  c_w.l(libshutdown2.o)
    0x080001cc   0x00000000   Code   RO          767    .ARM.Collect$$libshutdown$$0000000F  c_w.l(libshutdown2.o)
    0x080001cc   0x00000002   Code   RO          768    .ARM.Collect$$libshutdown$$00000010  c_w.l(libshutdown2.o)
    0x080001ce   0x00000000   Code   RO          628    .ARM.Collect$$rtentry$$00000000  c_w.l(__rtentry.o)
    0x080001ce   0x00000000   Code   RO          645    .ARM.Collect$$rtentry$$00000002  c_w.l(__rtentry2.o)
    0x080001ce   0x00000006   Code   RO          657    .ARM.Collect$$rtentry$$00000004  c_w.l(__rtentry4.o)
    0x080001d4   0x00000000   Code   RO          647    .ARM.Collect$$rtentry$$00000009  c_w.l(__rtentry2.o)
    0x080001d4   0x00000004   Code   RO          648    .ARM.Collect$$rtentry$$0000000A  c_w.l(__rtentry2.o)
    0x080001d8   0x00000000   Code   RO          650    .ARM.Collect$$rtentry$$0000000C  c_w.l(__rtentry2.o)
    0x080001d8   0x00000008   Code   RO          651    .ARM.Collect$$rtentry$$0000000D  c_w.l(__rtentry2.o)
    0x080001e0   0x00000002   Code   RO          680    .ARM.Collect$$rtexit$$00000000  c_w.l(rtexit.o)
    0x080001e2   0x00000000   Code   RO          728    .ARM.Collect$$rtexit$$00000002  c_w.l(rtexit2.o)
    0x080001e2   0x00000004   Code   RO          729    .ARM.Collect$$rtexit$$00000003  c_w.l(rtexit2.o)
    0x080001e6   0x00000006   Code   RO          730    .ARM.Collect$$rtexit$$00000004  c_w.l(rtexit2.o)
    0x080001ec   0x00000096   Code   RO          457    .emb_text           port.o
    0x08000282   0x00000002   PAD
    0x08000284   0x00000a90   Code   RO            1    .text               main.o
    0x08000d14   0x00000014   Code   RO          156    .text               stm32f10x_it.o
    0x08000d28   0x000001e0   Code   RO          197    .text               system_stm32f10x.o
    0x08000f08   0x00000050   Code   RO          215    .text               led.o
    0x08000f58   0x000000fc   Code   RO          227    .text               key.o
    0x08001054   0x00000040   Code   RO          254    .text               startup_stm32f10x_hd.o
    0x08001094   0x0000035c   Code   RO          258    .text               stm32f10x_gpio.o
    0x080013f0   0x000003a4   Code   RO          270    .text               stm32f10x_rcc.o
    0x08001794   0x00000408   Code   RO          284    .text               stm32f10x_usart.o
    0x08001b9c   0x000000dc   Code   RO          296    .text               misc.o
    0x08001c78   0x00000094   Code   RO          360    .text               list.o
    0x08001d0c   0x000010f0   Code   RO          375    .text               queue.o
    0x08002dfc   0x00001a0c   Code   RO          396    .text               tasks.o
    0x08004808   0x000006e4   Code   RO          427    .text               timers.o
    0x08004eec   0x000002a0   Code   RO          442    .text               heap_4.o
    0x0800518c   0x000002dc   Code   RO          458    .text               port.o
    0x08005468   0x00000104   Code   RO          487    .text               delay.o
    0x0800556c   0x00000140   Code   RO          517    .text               usart.o
    0x080056ac   0x00000002   Code   RO          551    .text               c_w.l(use_no_semi_2.o)
    0x080056ae   0x00000002   PAD
    0x080056b0   0x00000018   Code   RO          557    .text               c_w.l(noretval__2printf.o)
    0x080056c8   0x00000028   Code   RO          559    .text               c_w.l(noretval__2sprintf.o)
    0x080056f0   0x00000052   Code   RO          563    .text               c_w.l(_printf_str.o)
    0x08005742   0x00000002   PAD
    0x08005744   0x00000078   Code   RO          565    .text               c_w.l(_printf_dec.o)
    0x080057bc   0x00000058   Code   RO          570    .text               c_w.l(_printf_hex_int.o)
    0x08005814   0x00000094   Code   RO          588    .text               c_w.l(__printf_flags.o)
    0x080058a8   0x00000048   Code   RO          614    .text               c_w.l(strcpy.o)
    0x080058f0   0x0000003e   Code   RO          616    .text               c_w.l(strlen.o)
    0x0800592e   0x0000008a   Code   RO          618    .text               c_w.l(rt_memcpy_v6.o)
    0x080059b8   0x00000010   Code   RO          620    .text               c_w.l(aeabi_memset.o)
    0x080059c8   0x00000006   Code   RO          622    .text               c_w.l(heapauxi.o)
    0x080059ce   0x00000002   Code   RO          626    .text               c_w.l(use_no_semi.o)
    0x080059d0   0x000000b2   Code   RO          629    .text               c_w.l(_printf_intcommon.o)
    0x08005a82   0x00000002   PAD
    0x08005a84   0x00000030   Code   RO          631    .text               c_w.l(_printf_char_common.o)
    0x08005ab4   0x0000000a   Code   RO          633    .text               c_w.l(_sputc.o)
    0x08005abe   0x0000002c   Code   RO          635    .text               c_w.l(_printf_char.o)
    0x08005aea   0x00000002   PAD
    0x08005aec   0x00000024   Code   RO          637    .text               c_w.l(_printf_char_file.o)
    0x08005b10   0x00000064   Code   RO          640    .text               c_w.l(rt_memcpy_w.o)
    0x08005b74   0x00000044   Code   RO          642    .text               c_w.l(rt_memclr.o)
    0x08005bb8   0x00000008   Code   RO          661    .text               c_w.l(ferror.o)
    0x08005bc0   0x0000004e   Code   RO          665    .text               c_w.l(rt_memclr_w.o)
    0x08005c0e   0x0000004a   Code   RO          667    .text               c_w.l(sys_stackheap_outer.o)
    0x08005c58   0x00000012   Code   RO          669    .text               c_w.l(exit.o)
    0x08005c6a   0x00000002   PAD
    0x08005c6c   0x00000008   Code   RO          677    .text               c_w.l(libspace.o)
    0x08005c74   0x00000028   Data   RO          571    .constdata          c_w.l(_printf_hex_int.o)
    0x08005c9c   0x00000011   Data   RO          589    .constdata          c_w.l(__printf_flags.o)
    0x08005cad   0x00000003   PAD
    0x08005cb0   0x000001f1   Data   RO            3    .conststring        main.o
    0x08005ea1   0x00000003   PAD
    0x08005ea4   0x00000020   Data   RO          800    Region$$Table       anon$$obj.o


    Execution Region RW_IRAM1 (Base: 0x20000000, Size: 0x00006a08, Max: 0x0000c000, ABSOLUTE)

    Base Addr    Size         Type   Attr      Idx    E Section Name        Object

    0x20000000   0x0000000c   Data   RW            4    .data               main.o
    0x2000000c   0x00000014   Data   RW          198    .data               system_stm32f10x.o
    0x20000020   0x00000001   Data   RW          228    .data               key.o
    0x20000021   0x00000014   Data   RW          271    .data               stm32f10x_rcc.o
    0x20000035   0x00000003   PAD
    0x20000038   0x0000003c   Data   RW          398    .data               tasks.o
    0x20000074   0x00000014   Data   RW          429    .data               timers.o
    0x20000088   0x00000018   Data   RW          444    .data               heap_4.o
    0x200000a0   0x0000000c   Data   RW          459    .data               port.o
    0x200000ac   0x00000004   Data   RW          488    .data               delay.o
    0x200000b0   0x00000006   Data   RW          519    .data               usart.o
    0x200000b6   0x00000002   PAD
    0x200000b8   0x00000e34   Zero   RW            2    .bss                main.o
    0x20000eec   0x00000040   Zero   RW          376    .bss                queue.o
    0x20000f2c   0x000002e4   Zero   RW          397    .bss                tasks.o
    0x20001210   0x000000cc   Zero   RW          428    .bss                timers.o
    0x200012dc   0x00005000   Zero   RW          443    .bss                heap_4.o
    0x200062dc   0x000000c8   Zero   RW          518    .bss                usart.o
    0x200063a4   0x00000060   Zero   RW          678    .bss                c_w.l(libspace.o)
    0x20006404   0x00000004   PAD
    0x20006408   0x00000200   Zero   RW          252    HEAP                startup_stm32f10x_hd.o
    0x20006608   0x00000400   Zero   RW          251    STACK               startup_stm32f10x_hd.o


==============================================================================

Image component sizes


      Code (inc. data)   RO Data    RW Data    ZI Data      Debug   Object Name

         0          0          0          0          0         32   core_cm3.o
       260         18          0          4          0       1601   delay.o
         0          0          0          0          0      20212   event_groups.o
       672         82          0         24      20480       3436   heap_4.o
       252         16          0          1          0        888   key.o
        80          8          0          0          0        547   led.o
       148          0          0          0          0      10182   list.o
      2704       1718        497         12       3636     255304   main.o
       220         22          0          0          0       1905   misc.o
       882        102          0         12          0       7955   port.o
      4336         56          0          0         64      22124   queue.o
        64         26        304          0       1536        840   startup_stm32f10x_hd.o
       860         38          0          0          0       5837   stm32f10x_gpio.o
        20          0          0          0          0        963   stm32f10x_it.o
       932         36          0         20          0       9064   stm32f10x_rcc.o
      1032         22          0          0          0       8560   stm32f10x_usart.o
       480         38          0         20          0       1895   system_stm32f10x.o
      6668        408          0         60        740      42367   tasks.o
      1764        118          0         20        204      10342   timers.o
       320         18          0          6        200       3322   usart.o

    ----------------------------------------------------------------------
     21696       2726        836        184      26860     407376   Object Totals
         0          0         32          0          0          0   (incl. Generated)
         2          0          3          5          0          0   (incl. Padding)

    ----------------------------------------------------------------------

      Code (inc. data)   RO Data    RW Data    ZI Data      Debug   Library Member Name

         8          0          0          0          0         68   __main.o
       148          4         17          0          0         84   __printf_flags.o
         0          0          0          0          0          0   __rtentry.o
        12          0          0          0          0          0   __rtentry2.o
         6          0          0          0          0          0   __rtentry4.o
        52          8          0          0          0          0   __scatter.o
        26          0          0          0          0          0   __scatter_copy.o
        28          0          0          0          0          0   __scatter_zi.o
         6          0          0          0          0          0   _printf_c.o
        44          0          0          0          0        108   _printf_char.o
        48          6          0          0          0         96   _printf_char_common.o
        36          4          0          0          0         80   _printf_char_file.o
         6          0          0          0          0          0   _printf_d.o
       120         16          0          0          0         92   _printf_dec.o
        88          4         40          0          0         88   _printf_hex_int.o
       178          0          0          0          0         88   _printf_intcommon.o
         0          0          0          0          0          0   _printf_percent.o
         4          0          0          0          0          0   _printf_percent_end.o
         6          0          0          0          0          0   _printf_s.o
        82          0          0          0          0         80   _printf_str.o
         6          0          0          0          0          0   _printf_u.o
         6          0          0          0          0          0   _printf_x.o
        10          0          0          0          0         68   _sputc.o
        16          0          0          0          0         68   aeabi_memset.o
        18          0          0          0          0         80   exit.o
         8          0          0          0          0         68   ferror.o
         6          0          0          0          0        152   heapauxi.o
         2          0          0          0          0          0   libinit.o
         2          0          0          0          0          0   libinit2.o
         2          0          0          0          0          0   libshutdown.o
         2          0          0          0          0          0   libshutdown2.o
         8          4          0          0         96         68   libspace.o
        24          4          0          0          0         84   noretval__2printf.o
        40          6          0          0          0         84   noretval__2sprintf.o
        68          0          0          0          0         68   rt_memclr.o
        78          0          0          0          0         80   rt_memclr_w.o
       138          0          0          0          0         68   rt_memcpy_v6.o
       100          0          0          0          0         80   rt_memcpy_w.o
         2          0          0          0          0          0   rtexit.o
        10          0          0          0          0          0   rtexit2.o
        72          0          0          0          0         80   strcpy.o
        62          0          0          0          0         76   strlen.o
        74          0          0          0          0         80   sys_stackheap_outer.o
         2          0          0          0          0         68   use_no_semi.o
         2          0          0          0          0         68   use_no_semi_2.o

    ----------------------------------------------------------------------
      1668         56         60          0        100       2124   Library Totals
        12          0          3          0          4          0   (incl. Padding)

    ----------------------------------------------------------------------

      Code (inc. data)   RO Data    RW Data    ZI Data      Debug   Library Name

      1656         56         57          0         96       2124   c_w.l

    ----------------------------------------------------------------------
      1668         56         60          0        100       2124   Library Totals

    ----------------------------------------------------------------------

==============================================================================


      Code (inc. data)   RO Data    RW Data    ZI Data      Debug   

     23364       2782        896        184      26960     406688   Grand Totals
     23364       2782        896        184      26960     406688   ELF Image Totals
     23364       2782        896        184          0          0   ROM Totals

==============================================================================

    Total RO  Size (Code + RO Data)                24260 (  23.69kB)
    Total RW  Size (RW Data + ZI Data)             27144 (  26.51kB)
    Total ROM Size (Code + RO Data + RW Data)      24444 (  23.87kB)

==============================================================================

