Component: ARM Compiler 5.06 update 6 (build 750) Tool: armlink [4d35ed]

==============================================================================

Section Cross References

    main.o(.text) refers to misc.o(.text) for NVIC_PriorityGroupConfig
    main.o(.text) refers to delay.o(.text) for delay_init
    main.o(.text) refers to usart.o(.text) for uart_init
    main.o(.text) refers to led.o(.text) for LED_Init
    main.o(.text) refers to pwm.o(.text) for TIM2_PWM_Init
    main.o(.text) refers to dma.o(.text) for TIM2_DMA_Init
    main.o(.text) refers to ws2812b.o(.text) for WS2812_Red_BLN
    main.o(.text) refers to tasks.o(.text) for vTaskDelay
    main.o(.text) refers to port.o(.text) for vPortEnterCritical
    main.o(.text) refers to main.o(.bss) for TimerTaskTCB
    main.o(.text) refers to main.o(.data) for Task1Task_Handler
    system_stm32f10x.o(.text) refers to system_stm32f10x.o(.data) for SystemCoreClock
    led.o(.text) refers to stm32f10x_rcc.o(.text) for RCC_APB2PeriphClockCmd
    led.o(.text) refers to stm32f10x_gpio.o(.text) for GPIO_Init
    pwm.o(.text) refers to stm32f10x_rcc.o(.text) for RCC_APB2PeriphClockCmd
    pwm.o(.text) refers to stm32f10x_gpio.o(.text) for GPIO_Init
    pwm.o(.text) refers to stm32f10x_tim.o(.text) for TIM_TimeBaseInit
    dma.o(.text) refers to stm32f10x_rcc.o(.text) for RCC_AHBPeriphClockCmd
    dma.o(.text) refers to stm32f10x_dma.o(.text) for DMA_DeInit
    dma.o(.text) refers to stm32f10x_tim.o(.text) for TIM_DMACmd
    dma.o(.text) refers to dma.o(.bss) for LED_BYTE_Buffer
    ws2812b.o(.text) refers to stm32f10x_dma.o(.text) for DMA_SetCurrDataCounter
    ws2812b.o(.text) refers to stm32f10x_tim.o(.text) for TIM_Cmd
    ws2812b.o(.text) refers to rand.o(.emb_text) for rand
    ws2812b.o(.text) refers to delay.o(.text) for delay_s
    ws2812b.o(.text) refers to rt_memclr_w.o(.text) for __aeabi_memclr4
    ws2812b.o(.text) refers to dma.o(.bss) for LED_BYTE_Buffer
    startup_stm32f10x_hd.o(STACK) refers (Special) to heapauxi.o(.text) for __use_two_region_memory
    startup_stm32f10x_hd.o(HEAP) refers (Special) to heapauxi.o(.text) for __use_two_region_memory
    startup_stm32f10x_hd.o(RESET) refers (Special) to heapauxi.o(.text) for __use_two_region_memory
    startup_stm32f10x_hd.o(RESET) refers to startup_stm32f10x_hd.o(STACK) for __initial_sp
    startup_stm32f10x_hd.o(RESET) refers to startup_stm32f10x_hd.o(.text) for Reset_Handler
    startup_stm32f10x_hd.o(RESET) refers to stm32f10x_it.o(.text) for NMI_Handler
    startup_stm32f10x_hd.o(RESET) refers to port.o(.emb_text) for SVC_Handler
    startup_stm32f10x_hd.o(RESET) refers to delay.o(.text) for SysTick_Handler
    startup_stm32f10x_hd.o(RESET) refers to usart.o(.text) for USART1_IRQHandler
    startup_stm32f10x_hd.o(.text) refers (Special) to heapauxi.o(.text) for __use_two_region_memory
    startup_stm32f10x_hd.o(.text) refers to system_stm32f10x.o(.text) for SystemInit
    startup_stm32f10x_hd.o(.text) refers to __main.o(!!!main) for __main
    startup_stm32f10x_hd.o(.text) refers to startup_stm32f10x_hd.o(HEAP) for Heap_Mem
    startup_stm32f10x_hd.o(.text) refers to startup_stm32f10x_hd.o(STACK) for Stack_Mem
    stm32f10x_gpio.o(.text) refers to stm32f10x_rcc.o(.text) for RCC_APB2PeriphResetCmd
    stm32f10x_rcc.o(.text) refers to stm32f10x_rcc.o(.data) for APBAHBPrescTable
    stm32f10x_usart.o(.text) refers to stm32f10x_rcc.o(.text) for RCC_APB2PeriphResetCmd
    stm32f10x_pwr.o(.text) refers to stm32f10x_rcc.o(.text) for RCC_APB1PeriphResetCmd
    stm32f10x_tim.o(.text) refers to stm32f10x_rcc.o(.text) for RCC_APB2PeriphResetCmd
    event_groups.o(.text) refers to _printf_percent.o(.ARM.Collect$$_printf_percent$$00000000) for _printf_percent
    event_groups.o(.text) refers to _printf_d.o(.ARM.Collect$$_printf_percent$$00000009) for _printf_d
    event_groups.o(.text) refers to _printf_s.o(.ARM.Collect$$_printf_percent$$00000014) for _printf_s
    event_groups.o(.text) refers to _printf_dec.o(.text) for _printf_int_dec
    event_groups.o(.text) refers to _printf_str.o(.text) for _printf_str
    event_groups.o(.text) refers to noretval__2printf.o(.text) for __2printf
    event_groups.o(.text) refers to list.o(.text) for vListInitialise
    event_groups.o(.text) refers to heap_4.o(.text) for pvPortMalloc
    event_groups.o(.text) refers to tasks.o(.text) for vTaskSuspendAll
    event_groups.o(.text) refers to port.o(.text) for vPortEnterCritical
    event_groups.o(.text) refers to timers.o(.text) for xTimerPendFunctionCallFromISR
    queue.o(.text) refers to _printf_percent.o(.ARM.Collect$$_printf_percent$$00000000) for _printf_percent
    queue.o(.text) refers to _printf_d.o(.ARM.Collect$$_printf_percent$$00000009) for _printf_d
    queue.o(.text) refers to _printf_s.o(.ARM.Collect$$_printf_percent$$00000014) for _printf_s
    queue.o(.text) refers to _printf_dec.o(.text) for _printf_int_dec
    queue.o(.text) refers to _printf_str.o(.text) for _printf_str
[...]
    .ARM.Collect$$libinit$$0000002C          0x080001c6   Section        0  libinit2.o(.ARM.Collect$$libinit$$0000002C)
    .ARM.Collect$$libinit$$0000002E          0x080001c6   Section        0  libinit2.o(.ARM.Collect$$libinit$$0000002E)
    .ARM.Collect$$libinit$$00000030          0x080001c6   Section        0  libinit2.o(.ARM.Collect$$libinit$$00000030)
    .ARM.Collect$$libinit$$00000032          0x080001c6   Section        0  libinit2.o(.ARM.Collect$$libinit$$00000032)
    .ARM.Collect$$libinit$$00000033          0x080001c6   Section        2  libinit2.o(.ARM.Collect$$libinit$$00000033)
    .ARM.Collect$$libshutdown$$00000000      0x080001c8   Section        2  libshutdown.o(.ARM.Collect$$libshutdown$$00000000)
    .ARM.Collect$$libshutdown$$00000002      0x080001ca   Section        0  libshutdown2.o(.ARM.Collect$$libshutdown$$00000002)
    .ARM.Collect$$libshutdown$$00000004      0x080001ca   Section        0  libshutdown2.o(.ARM.Collect$$libshutdown$$00000004)
    .ARM.Collect$$libshutdown$$00000007      0x080001ca   Section        0  libshutdown2.o(.ARM.Collect$$libshutdown$$00000007)
    .ARM.Collect$$libshutdown$$0000000A      0x080001ca   Section        0  libshutdown2.o(.ARM.Collect$$libshutdown$$0000000A)
    .ARM.Collect$$libshutdown$$0000000C      0x080001ca   Section        0  libshutdown2.o(.ARM.Collect$$libshutdown$$0000000C)
    .ARM.Collect$$libshutdown$$0000000F      0x080001ca   Section        0  libshutdown2.o(.ARM.Collect$$libshutdown$$0000000F)
    .ARM.Collect$$libshutdown$$00000010      0x080001ca   Section        2  libshutdown2.o(.ARM.Collect$$libshutdown$$00000010)
    .ARM.Collect$$rtentry$$00000000          0x080001cc   Section        0  __rtentry.o(.ARM.Collect$$rtentry$$00000000)
    .ARM.Collect$$rtentry$$00000002          0x080001cc   Section        0  __rtentry2.o(.ARM.Collect$$rtentry$$00000002)
    .ARM.Collect$$rtentry$$00000004          0x080001cc   Section        6  __rtentry4.o(.ARM.Collect$$rtentry$$00000004)
    .ARM.Collect$$rtentry$$00000009          0x080001d2   Section        0  __rtentry2.o(.ARM.Collect$$rtentry$$00000009)
    .ARM.Collect$$rtentry$$0000000A          0x080001d2   Section        4  __rtentry2.o(.ARM.Collect$$rtentry$$0000000A)
    .ARM.Collect$$rtentry$$0000000C          0x080001d6   Section        0  __rtentry2.o(.ARM.Collect$$rtentry$$0000000C)
    .ARM.Collect$$rtentry$$0000000D          0x080001d6   Section        8  __rtentry2.o(.ARM.Collect$$rtentry$$0000000D)
    .ARM.Collect$$rtexit$$00000000           0x080001de   Section        2  rtexit.o(.ARM.Collect$$rtexit$$00000000)
    .ARM.Collect$$rtexit$$00000002           0x080001e0   Section        0  rtexit2.o(.ARM.Collect$$rtexit$$00000002)
    .ARM.Collect$$rtexit$$00000003           0x080001e0   Section        4  rtexit2.o(.ARM.Collect$$rtexit$$00000003)
    .ARM.Collect$$rtexit$$00000004           0x080001e4   Section        6  rtexit2.o(.ARM.Collect$$rtexit$$00000004)
    .emb_text                                0x080001ec   Section      150  port.o(.emb_text)
    .emb_text                                0x08000284   Section       52  rand.o(.emb_text)
    .text                                    0x080002b8   Section        0  main.o(.text)
    .text                                    0x080003e0   Section        0  stm32f10x_it.o(.text)
    .text                                    0x080003f4   Section        0  system_stm32f10x.o(.text)
    SetSysClockTo72                          0x080003f5   Thumb Code   214  system_stm32f10x.o(.text)
    SetSysClock                              0x080004cb   Thumb Code     8  system_stm32f10x.o(.text)
    .text                                    0x080005d4   Section        0  led.o(.text)
    .text                                    0x08000624   Section        0  pwm.o(.text)
    .text                                    0x08000764   Section        0  dma.o(.text)
    .text                                    0x080007d4   Section        0  ws2812b.o(.text)
    .text                                    0x08000aec   Section       64  startup_stm32f10x_hd.o(.text)
    .text                                    0x08000b2c   Section        0  stm32f10x_gpio.o(.text)
    .text                                    0x08000e88   Section        0  stm32f10x_rcc.o(.text)
    .text                                    0x0800122c   Section        0  stm32f10x_usart.o(.text)
    .text                                    0x08001634   Section        0  misc.o(.text)
    .text                                    0x08001710   Section        0  stm32f10x_dma.o(.text)
    .text                                    0x08001964   Section        0  stm32f10x_tim.o(.text)
    TI4_Config                               0x08001e0b   Thumb Code   130  stm32f10x_tim.o(.text)
    TI3_Config                               0x08001e9f   Thumb Code   122  stm32f10x_tim.o(.text)
    TI2_Config                               0x08001f33   Thumb Code   130  stm32f10x_tim.o(.text)
    TI1_Config                               0x08001fc7   Thumb Code   108  stm32f10x_tim.o(.text)
    .text                                    0x0800277e   Section        0  list.o(.text)
    .text                                    0x08002814   Section        0  queue.o(.text)
    prvInitialiseNewQueue                    0x0800289b   Thumb Code    46  queue.o(.text)
    prvCopyDataToQueue                       0x080029c9   Thumb Code   124  queue.o(.text)
    prvNotifyQueueSetContainer               0x08002a45   Thumb Code   124  queue.o(.text)
    prvUnlockQueue                           0x08002ac1   Thumb Code   146  queue.o(.text)
    prvIsQueueFull                           0x08002b53   Thumb Code    30  queue.o(.text)
    prvInitialiseMutex                       0x08002d39   Thumb Code    28  queue.o(.text)
    prvGetDisinheritPriorityAfterTimeout     0x08002de3   Thumb Code    20  queue.o(.text)
    prvIsQueueEmpty                          0x08002df7   Thumb Code    26  queue.o(.text)
    prvCopyDataFromQueue                     0x0800327d   Thumb Code    42  queue.o(.text)
    .text                                    0x08003904   Section        0  tasks.o(.text)
    prvInitialiseTaskLists                   0x08003905   Thumb Code    70  tasks.o(.text)
    prvAddNewTaskToReadyList                 0x0800394b   Thumb Code   156  tasks.o(.text)
    prvInitialiseNewTask                     0x080039e7   Thumb Code   170  tasks.o(.text)
    prvResetNextTaskUnblockTime              0x08003b8d   Thumb Code    42  tasks.o(.text)
    prvDeleteTCB                             0x08003bb7   Thumb Code    70  tasks.o(.text)
    prvAddCurrentTaskToDelayedList           0x08003f19   Thumb Code   124  tasks.o(.text)
    prvTaskIsTaskSuspended                   0x080043e5   Thumb Code    76  tasks.o(.text)
    prvCheckTasksWaitingTermination          0x08004543   Thumb Code    60  tasks.o(.text)
    prvIdleTask                              0x0800457f   Thumb Code    32  tasks.o(.text)
    prvTaskCheckFreeStackSpace               0x080046d9   Thumb Code    22  tasks.o(.text)
    prvListTasksWithinSingleList             0x0800476d   Thumb Code   106  tasks.o(.text)
    prvWriteNameToBuffer                     0x08004d93   Thumb Code    42  tasks.o(.text)
    .text                                    0x08005310   Section        0  timers.o(.text)
    prvInsertTimerInActiveList               0x08005311   Thumb Code    80  timers.o(.text)
    prvSwitchTimerLists                      0x080053d7   Thumb Code   140  timers.o(.text)
    prvSampleTimeNow                         0x08005463   Thumb Code    40  timers.o(.text)
    prvProcessReceivedCommands               0x0800548b   Thumb Code   258  timers.o(.text)
    prvProcessExpiredTimer                   0x0800558d   Thumb Code    84  timers.o(.text)
    prvProcessTimerOrBlockTask               0x080055e1   Thumb Code   102  timers.o(.text)
    prvGetNextExpireTime                     0x08005647   Thumb Code    36  timers.o(.text)
    prvTimerTask                             0x0800566b   Thumb Code    26  timers.o(.text)
    prvCheckForValidListAndQueue             0x08005685   Thumb Code    78  timers.o(.text)
    prvInitialiseNewTimer                    0x08005791   Thumb Code    72  timers.o(.text)
    .text                                    0x080059f4   Section        0  heap_4.o(.text)
    prvInsertBlockIntoFreeList               0x080059f5   Thumb Code    96  heap_4.o(.text)
    prvHeapInit                              0x08005a55   Thumb Code    98  heap_4.o(.text)
    .text                                    0x08005c94   Section        0  port.o(.text)
    prvTaskExitError                         0x08005c95   Thumb Code    48  port.o(.text)
    .text                                    0x08005f70   Section        0  delay.o(.text)
    .text                                    0x0800608c   Section        0  usart.o(.text)
    .text                                    0x080061cc   Section        2  use_no_semi_2.o(.text)
    .text                                    0x080061d0   Section        0  noretval__2printf.o(.text)
    .text                                    0x080061e8   Section        0  noretval__2sprintf.o(.text)
    .text                                    0x08006210   Section        0  __printf.o(.text)
    .text                                    0x08006278   Section        0  _printf_str.o(.text)
    .text                                    0x080062cc   Section        0  _printf_dec.o(.text)
    .text                                    0x08006344   Section        0  rand.o(.text)
    .text                                    0x08006380   Section        0  strcpy.o(.text)
    .text                                    0x080063c8   Section        0  strlen.o(.text)
    .text                                    0x08006406   Section      138  rt_memcpy_v6.o(.text)
    .text                                    0x08006490   Section       16  aeabi_memset.o(.text)
    .text                                    0x080064a0   Section       78  rt_memclr_w.o(.text)
    .text                                    0x080064ee   Section        0  heapauxi.o(.text)
    .text                                    0x080064f4   Section        2  use_no_semi.o(.text)
    .text                                    0x080064f6   Section        0  _printf_intcommon.o(.text)
    .text                                    0x080065a8   Section        0  _printf_char_common.o(.text)
    _printf_input_char                       0x080065a9   Thumb Code    10  _printf_char_common.o(.text)
    .text                                    0x080065d8   Section        0  _sputc.o(.text)
    .text                                    0x080065e2   Section        0  _printf_char.o(.text)
    .text                                    0x08006610   Section        0  _printf_char_file.o(.text)
    .text                                    0x08006634   Section      100  rt_memcpy_w.o(.text)
    .text                                    0x08006698   Section       68  rt_memclr.o(.text)
    .text                                    0x080066dc   Section        0  ferror.o(.text)
    .text                                    0x080066e4   Section       74  sys_stackheap_outer.o(.text)
    .text                                    0x0800672e   Section        0  exit.o(.text)
    .text                                    0x08006740   Section        8  libspace.o(.text)
    .data                                    0x20000000   Section       12  main.o(.data)
    .data                                    0x2000000c   Section       20  system_stm32f10x.o(.data)
    .data                                    0x20000020   Section       20  stm32f10x_rcc.o(.data)
    APBAHBPrescTable                         0x20000020   Data          16  stm32f10x_rcc.o(.data)
    ADCPrescTable                            0x20000030   Data           4  stm32f10x_rcc.o(.data)
    .data                                    0x20000034   Section       60  tasks.o(.data)
    pxDelayedTaskList                        0x20000038   Data           4  tasks.o(.data)
    pxOverflowDelayedTaskList                0x2000003c   Data           4  tasks.o(.data)
    uxDeletedTasksWaitingCleanUp             0x20000040   Data           4  tasks.o(.data)
    uxCurrentNumberOfTasks                   0x20000044   Data           4  tasks.o(.data)
    xTickCount                               0x20000048   Data           4  tasks.o(.data)
    uxTopReadyPriority                       0x2000004c   Data           4  tasks.o(.data)
    xSchedulerRunning                        0x20000050   Data           4  tasks.o(.data)
    uxPendedTicks                            0x20000054   Data           4  tasks.o(.data)
    xYieldPending                            0x20000058   Data           4  tasks.o(.data)
    xNumOfOverflows                          0x2000005c   Data           4  tasks.o(.data)
    uxTaskNumber                             0x20000060   Data           4  tasks.o(.data)
    xNextTaskUnblockTime                     0x20000064   Data           4  tasks.o(.data)
    xIdleTaskHandle                          0x20000068   Data           4  tasks.o(.data)
    uxSchedulerSuspended                     0x2000006c   Data           4  tasks.o(.data)
    .data                                    0x20000070   Section       20  timers.o(.data)
    pxCurrentTimerList                       0x20000070   Data           4  timers.o(.data)
    pxOverflowTimerList                      0x20000074   Data           4  timers.o(.data)
    xTimerQueue                              0x20000078   Data           4  timers.o(.data)
    xTimerTaskHandle                         0x2000007c   Data           4  timers.o(.data)
    xLastTime                                0x20000080   Data           4  timers.o(.data)
    .data                                    0x20000084   Section       24  heap_4.o(.data)
    xStart                                   0x20000084   Data           8  heap_4.o(.data)
    pxEnd                                    0x2000008c   Data           4  heap_4.o(.data)
    xFreeBytesRemaining                      0x20000090   Data           4  heap_4.o(.data)
    xMinimumEverFreeBytesRemaining           0x20000094   Data           4  heap_4.o(.data)
    xBlockAllocatedBit                       0x20000098   Data           4  heap_4.o(.data)
    .data                                    0x2000009c   Section       12  port.o(.data)
    uxCriticalNesting                        0x2000009c   Data           4  port.o(.data)
    ucMaxSysCallPriority                     0x200000a0   Data           1  port.o(.data)
    ulMaxPRIGROUPValue                       0x200000a4   Data           4  port.o(.data)
    .data                                    0x200000a8   Section        4  delay.o(.data)
    fac_us                                   0x200000a8   Data           1  delay.o(.data)
    fac_ms                                   0x200000aa   Data           2  delay.o(.data)
    .data                                    0x200000ac   Section        6  usart.o(.data)
    .bss                                     0x200000b4   Section     3556  main.o(.bss)
    IdleTaskTCB                              0x200007c8   Data          92  main.o(.bss)
    IdleTaskStack                            0x20000824   Data         520  main.o(.bss)
    TimerTaskTCB                             0x20000a2c   Data          92  main.o(.bss)
    TimerTaskStack                           0x20000a88   Data        1040  main.o(.bss)
    .bss                                     0x20000e98   Section      600  dma.o(.bss)
    .bss                                     0x200010f0   Section       64  queue.o(.bss)
    .bss                                     0x20001130   Section      740  tasks.o(.bss)
    pxReadyTasksLists                        0x20001130   Data         640  tasks.o(.bss)
    xDelayedTaskList1                        0x200013b0   Data          20  tasks.o(.bss)
    xDelayedTaskList2                        0x200013c4   Data          20  tasks.o(.bss)
    xPendingReadyList                        0x200013d8   Data          20  tasks.o(.bss)
    xTasksWaitingTermination                 0x200013ec   Data          20  tasks.o(.bss)
    xSuspendedTaskList                       0x20001400   Data          20  tasks.o(.bss)
    .bss                                     0x20001414   Section      204  timers.o(.bss)
    xActiveTimerList1                        0x20001414   Data          20  timers.o(.bss)
    xActiveTimerList2                        0x20001428   Data          20  timers.o(.bss)
    xStaticTimerQueue                        0x2000143c   Data          84  timers.o(.bss)
    ucStaticTimerQueueStorage                0x20001490   Data          80  timers.o(.bss)
    .bss                                     0x200014e0   Section    20480  heap_4.o(.bss)
    ucHeap                                   0x200014e0   Data       20480  heap_4.o(.bss)
    .bss                                     0x200064e0   Section      200  usart.o(.bss)
    .bss                                     0x200065a8   Section      228  rand.o(.bss)
    .bss                                     0x2000668c   Section       96  libspace.o(.bss)
    HEAP                                     0x200066f0   Section      512  startup_stm32f10x_hd.o(HEAP)
    Heap_Mem                                 0x200066f0   Data         512  startup_stm32f10x_hd.o(HEAP)
    STACK                                    0x200068f0   Section     1024  startup_stm32f10x_hd.o(STACK)
    Stack_Mem                                0x200068f0   Data        1024  startup_stm32f10x_hd.o(STACK)
    __initial_sp                             0x20006cf0   Data           0  startup_stm32f10x_hd.o(STACK)

    Global Symbols

    Symbol Name                              Value     Ov Type        Size  Object(Section)

    BuildAttributes$$THM_ISAv4$P$D$K$B$S$PE$A:L22UL41UL21$X:L11$S22US41US21$IEEE1$IW$USESV6$~STKCKD$USESV7$~SHL$OSPACE$ROPI$EBA8$UX$STANDARDLIB$REQ8$PRES8$EABIv2 0x00000000   Number         0  anon$$obj.o ABSOLUTE
    __ARM_use_no_argv                        0x00000000   Number         0  main.o ABSOLUTE
    __ARM_exceptions_init                     - Undefined Weak Reference
    __alloca_initialize                       - Undefined Weak Reference
    __arm_preinit_                            - Undefined Weak Reference
    __cpp_initialize__aeabi_                  - Undefined Weak Reference
    __cxa_finalize                            - Undefined Weak Reference
    __rt_locale                               - Undefined Weak Reference
    __sigvec_lookup                           - Undefined Weak Reference
    _atexit_init                              - Undefined Weak Reference
    _call_atexit_fns                          - Undefined Weak Reference
    _clock_init                               - Undefined Weak Reference
    _fp_trap_init                             - Undefined Weak Reference
    _fp_trap_shutdown                         - Undefined Weak Reference
    _get_lc_collate                           - Undefined Weak Reference
    _get_lc_ctype                             - Undefined Weak Reference
    _get_lc_monetary                          - Undefined Weak Reference
    _get_lc_numeric                           - Undefined Weak Reference
    _get_lc_time                              - Undefined Weak Reference
    _getenv_init                              - Undefined Weak Reference
    _handle_redirection                       - Undefined Weak Reference
    _init_alloc                               - Undefined Weak Reference
    _init_user_alloc                          - Undefined Weak Reference
    _initio                                   - Undefined Weak Reference
    _mutex_acquire                            - Undefined Weak Reference
    _mutex_release                            - Undefined Weak Reference
    _printf_mbtowc                            - Undefined Weak Reference
    _printf_post_padding                      - Undefined Weak Reference
    _printf_pre_padding                       - Undefined Weak Reference
    _printf_truncate_signed                   - Undefined Weak Reference
    _printf_truncate_unsigned                 - Undefined Weak Reference
    _signal_finish                            - Undefined Weak Reference
    _signal_init                              - Undefined Weak Reference
    _terminate_alloc                          - Undefined Weak Reference
    _terminate_user_alloc                     - Undefined Weak Reference
    _terminateio                              - Undefined Weak Reference
    __Vectors_Size                           0x00000130   Number         0  startup_stm32f10x_hd.o ABSOLUTE
    __Vectors                                0x08000000   Data           4  startup_stm32f10x_hd.o(RESET)
    __Vectors_End                            0x08000130   Data           0  startup_stm32f10x_hd.o(RESET)
    __main                                   0x08000131   Thumb Code     8  __main.o(!!!main)
    __scatterload                            0x08000139   Thumb Code     0  __scatter.o(!!!scatter)
    __scatterload_rt2                        0x08000139   Thumb Code    44  __scatter.o(!!!scatter)
    __scatterload_rt2_thumb_only             0x08000139   Thumb Code     0  __scatter.o(!!!scatter)
    __scatterload_null                       0x08000147   Thumb Code     0  __scatter.o(!!!scatter)
    __scatterload_copy                       0x0800016d   Thumb Code    26  __scatter_copy.o(!!handler_copy)
    __scatterload_zeroinit                   0x08000189   Thumb Code    28  __scatter_zi.o(!!handler_zi)
    _printf_d                                0x080001a5   Thumb Code     0  _printf_d.o(.ARM.Collect$$_printf_percent$$00000009)
    _printf_percent                          0x080001a5   Thumb Code     0  _printf_percent.o(.ARM.Collect$$_printf_percent$$00000000)
    _printf_u                                0x080001ab   Thumb Code     0  _printf_u.o(.ARM.Collect$$_printf_percent$$0000000A)
    _printf_c                                0x080001b1   Thumb Code     0  _printf_c.o(.ARM.Collect$$_printf_percent$$00000013)
    _printf_s                                0x080001b7   Thumb Code     0  _printf_s.o(.ARM.Collect$$_printf_percent$$00000014)
    _printf_percent_end                      0x080001bd   Thumb Code     0  _printf_percent_end.o(.ARM.Collect$$_printf_percent$$00000017)
    __rt_lib_init                            0x080001c1   Thumb Code     0  libinit.o(.ARM.Collect$$libinit$$00000000)
    __rt_lib_init_fp_1                       0x080001c3   Thumb Code     0  libinit2.o(.ARM.Collect$$libinit$$00000002)
    __rt_lib_init_heap_1                     0x080001c3   Thumb Code     0  libinit2.o(.ARM.Collect$$libinit$$0000000A)
    __rt_lib_init_preinit_1                  0x080001c3   Thumb Code     0  libinit2.o(.ARM.Collect$$libinit$$00000004)
    __rt_lib_init_rand_2                     0x080001c3   Thumb Code     0  libinit2.o(.ARM.Collect$$libinit$$0000000D)
    __rt_lib_init_user_alloc_1               0x080001c3   Thumb Code     0  libinit2.o(.ARM.Collect$$libinit$$0000000C)
    __rt_lib_init_alloca_1                   0x080001c7   Thumb Code     0  libinit2.o(.ARM.Collect$$libinit$$0000002E)
    __rt_lib_init_argv_1                     0x080001c7   Thumb Code     0  libinit2.o(.ARM.Collect$$libinit$$0000002C)
    __rt_lib_init_atexit_1                   0x080001c7   Thumb Code     0  libinit2.o(.ARM.Collect$$libinit$$0000001B)
    __rt_lib_init_clock_1                    0x080001c7   Thumb Code     0  libinit2.o(.ARM.Collect$$libinit$$00000021)
    __rt_lib_init_cpp_1                      0x080001c7   Thumb Code     0  libinit2.o(.ARM.Collect$$libinit$$00000032)
    __rt_lib_init_exceptions_1               0x080001c7   Thumb Code     0  libinit2.o(.ARM.Collect$$libinit$$00000030)
    __rt_lib_init_fp_trap_1                  0x080001c7   Thumb Code     0  libinit2.o(.ARM.Collect$$libinit$$0000001F)
    __rt_lib_init_getenv_1                   0x080001c7   Thumb Code     0  libinit2.o(.ARM.Collect$$libinit$$00000023)
    __rt_lib_init_lc_collate_1               0x080001c7   Thumb Code     0  libinit2.o(.ARM.Collect$$libinit$$00000011)
    __rt_lib_init_lc_ctype_1                 0x080001c7   Thumb Code     0  libinit2.o(.ARM.Collect$$libinit$$00000013)
    __rt_lib_init_lc_monetary_1              0x080001c7   Thumb Code     0  libinit2.o(.ARM.Collect$$libinit$$00000015)
    __rt_lib_init_lc_numeric_1               0x080001c7   Thumb Code     0  libinit2.o(.ARM.Collect$$libinit$$00000017)
    __rt_lib_init_lc_time_1                  0x080001c7   Thumb Code     0  libinit2.o(.ARM.Collect$$libinit$$00000019)
    __rt_lib_init_rand_1                     0x080001c7   Thumb Code     0  libinit2.o(.ARM.Collect$$libinit$$0000000E)
    __rt_lib_init_return                     0x080001c7   Thumb Code     0  libinit2.o(.ARM.Collect$$libinit$$00000033)
    __rt_lib_init_signal_1                   0x080001c7   Thumb Code     0  libinit2.o(.ARM.Collect$$libinit$$0000001D)
    __rt_lib_init_stdio_1                    0x080001c7   Thumb Code     0  libinit2.o(.ARM.Collect$$libinit$$00000025)
    __rt_lib_shutdown                        0x080001c9   Thumb Code     0  libshutdown.o(.ARM.Collect$$libshutdown$$00000000)
    __rt_lib_shutdown_cpp_1                  0x080001cb   Thumb Code     0  libshutdown2.o(.ARM.Collect$$libshutdown$$00000002)
    __rt_lib_shutdown_fp_trap_1              0x080001cb   Thumb Code     0  libshutdown2.o(.ARM.Collect$$libshutdown$$00000007)
    __rt_lib_shutdown_heap_1                 0x080001cb   Thumb Code     0  libshutdown2.o(.ARM.Collect$$libshutdown$$0000000F)
    __rt_lib_shutdown_return                 0x080001cb   Thumb Code     0  libshutdown2.o(.ARM.Collect$$libshutdown$$00000010)
    __rt_lib_shutdown_signal_1               0x080001cb   Thumb Code     0  libshutdown2.o(.ARM.Collect$$libshutdown$$0000000A)
    __rt_lib_shutdown_stdio_1                0x080001cb   Thumb Code     0  libshutdown2.o(.ARM.Collect$$libshutdown$$00000004)
    __rt_lib_shutdown_user_alloc_1           0x080001cb   Thumb Code     0  libshutdown2.o(.ARM.Collect$$libshutdown$$0000000C)
    __rt_entry                               0x080001cd   Thumb Code     0  __rtentry.o(.ARM.Collect$$rtentry$$00000000)
    __rt_entry_presh_1                       0x080001cd   Thumb Code     0  __rtentry2.o(.ARM.Collect$$rtentry$$00000002)
    __rt_entry_sh                            0x080001cd   Thumb Code     0  __rtentry4.o(.ARM.Collect$$rtentry$$00000004)
    __rt_entry_li                            0x080001d3   Thumb Code     0  __rtentry2.o(.ARM.Collect$$rtentry$$0000000A)
    __rt_entry_postsh_1                      0x080001d3   Thumb Code     0  __rtentry2.o(.ARM.Collect$$rtentry$$00000009)
    __rt_entry_main                          0x080001d7   Thumb Code     0  __rtentry2.o(.ARM.Collect$$rtentry$$0000000D)
    __rt_entry_postli_1                      0x080001d7   Thumb Code     0  __rtentry2.o(.ARM.Collect$$rtentry$$0000000C)
    __rt_exit                                0x080001df   Thumb Code     0  rtexit.o(.ARM.Collect$$rtexit$$00000000)
    __rt_exit_ls                             0x080001e1   Thumb Code     0  rtexit2.o(.ARM.Collect$$rtexit$$00000003)
    __rt_exit_prels_1                        0x080001e1   Thumb Code     0  rtexit2.o(.ARM.Collect$$rtexit$$00000002)
    __rt_exit_exit                           0x080001e5   Thumb Code     0  rtexit2.o(.ARM.Collect$$rtexit$$00000004)
    SVC_Handler                              0x080001ed   Thumb Code    32  port.o(.emb_text)
    __asm___6_port_c_39a90d8d__prvStartFirstTask 0x08000211   Thumb Code    28  port.o(.emb_text)
    PendSV_Handler                           0x08000231   Thumb Code    72  port.o(.emb_text)
    vPortGetIPSR                             0x0800027d   Thumb Code     6  port.o(.emb_text)
    rand                                     0x08000285   Thumb Code    48  rand.o(.emb_text)
    vApplicationGetTimerTaskMemory           0x080002b9   Thumb Code    14  main.o(.text)
    vApplicationGetIdleTaskMemory            0x080002c7   Thumb Code    14  main.o(.text)
    main                                     0x080002d5   Thumb Code    52  main.o(.text)
    task2_task                               0x08000309   Thumb Code    24  main.o(.text)
    task1_task                               0x08000321   Thumb Code    24  main.o(.text)
    start_task                               0x08000339   Thumb Code    82  main.o(.text)
    NMI_Handler                              0x080003e1   Thumb Code     2  stm32f10x_it.o(.text)
    HardFault_Handler                        0x080003e3   Thumb Code     4  stm32f10x_it.o(.text)
    MemManage_Handler                        0x080003e7   Thumb Code     4  stm32f10x_it.o(.text)
    BusFault_Handler                         0x080003eb   Thumb Code     4  stm32f10x_it.o(.text)
    UsageFault_Handler                       0x080003ef   Thumb Code     4  stm32f10x_it.o(.text)
    DebugMon_Handler                         0x080003f3   Thumb Code     2  stm32f10x_it.o(.text)
    SystemInit                               0x080004d3   Thumb Code    78  system_stm32f10x.o(.text)
    SystemCoreClockUpdate                    0x08000521   Thumb Code   142  system_stm32f10x.o(.text)
    LED_Init                                 0x080005d5   Thumb Code    72  led.o(.text)
    TIM1_PWM_Init                            0x08000625   Thumb Code   146  pwm.o(.text)
    TIM2_PWM_Init                            0x080006b7   Thumb Code   156  pwm.o(.text)
    TIM2_DMA_Init                            0x08000765   Thumb Code    98  dma.o(.text)
    WS2812_Send                              0x080007d5   Thumb Code   268  ws2812b.o(.text)
    WS2812_Random                            0x080008e1   Thumb Code    90  ws2812b.o(.text)
    WS2812_Red_BLN                           0x0800093b   Thumb Code   142  ws2812b.o(.text)
    WS2812_Green_BLN                         0x080009c9   Thumb Code   142  ws2812b.o(.text)
    WS2812_Blue_BLN                          0x08000a57   Thumb Code   142  ws2812b.o(.text)
    Reset_Handler                            0x08000aed   Thumb Code     8  startup_stm32f10x_hd.o(.text)
    ADC1_2_IRQHandler                        0x08000b07   Thumb Code     0  startup_stm32f10x_hd.o(.text)
    ADC3_IRQHandler                          0x08000b07   Thumb Code     0  startup_stm32f10x_hd.o(.text)
    CAN1_RX1_IRQHandler                      0x08000b07   Thumb Code     0  startup_stm32f10x_hd.o(.text)
    CAN1_SCE_IRQHandler                      0x08000b07   Thumb Code     0  startup_stm32f10x_hd.o(.text)
    DMA1_Channel1_IRQHandler                 0x08000b07   Thumb Code     0  startup_stm32f10x_hd.o(.text)
    DMA1_Channel2_IRQHandler                 0x08000b07   Thumb Code     0  startup_stm32f10x_hd.o(.text)
    DMA1_Channel3_IRQHandler                 0x08000b07   Thumb Code     0  startup_stm32f10x_hd.o(.text)
    DMA1_Channel4_IRQHandler                 0x08000b07   Thumb Code     0  startup_stm32f10x_hd.o(.text)
    DMA1_Channel5_IRQHandler                 0x08000b07   Thumb Code     0  startup_stm32f10x_hd.o(.text)
    DMA1_Channel6_IRQHandler                 0x08000b07   Thumb Code     0  startup_stm32f10x_hd.o(.text)
    DMA1_Channel7_IRQHandler                 0x08000b07   Thumb Code     0  startup_stm32f10x_hd.o(.text)
    DMA2_Channel1_IRQHandler                 0x08000b07   Thumb Code     0  startup_stm32f10x_hd.o(.text)
    DMA2_Channel2_IRQHandler                 0x08000b07   Thumb Code     0  startup_stm32f10x_hd.o(.text)
    DMA2_Channel3_IRQHandler                 0x08000b07   Thumb Code     0  startup_stm32f10x_hd.o(.text)
    DMA2_Channel4_5_IRQHandler               0x08000b07   Thumb Code     0  startup_stm32f10x_hd.o(.text)
    EXTI0_IRQHandler                         0x08000b07   Thumb Code     0  startup_stm32f10x_hd.o(.text)
    EXTI15_10_IRQHandler                     0x08000b07   Thumb Code     0  startup_stm32f10x_hd.o(.text)
    EXTI1_IRQHandler                         0x08000b07   Thumb Code     0  startup_stm32f10x_hd.o(.text)
    EXTI2_IRQHandler                         0x08000b07   Thumb Code     0  startup_stm32f10x_hd.o(.text)
    EXTI3_IRQHandler                         0x08000b07   Thumb Code     0  startup_stm32f10x_hd.o(.text)
    EXTI4_IRQHandler                         0x08000b07   Thumb Code     0  startup_stm32f10x_hd.o(.text)
    EXTI9_5_IRQHandler                       0x08000b07   Thumb Code     0  startup_stm32f10x_hd.o(.text)
    FLASH_IRQHandler                         0x08000b07   Thumb Code     0  startup_stm32f10x_hd.o(.text)
    FSMC_IRQHandler                          0x08000b07   Thumb Code     0  startup_stm32f10x_hd.o(.text)
    I2C1_ER_IRQHandler                       0x08000b07   Thumb Code     0  startup_stm32f10x_hd.o(.text)
    I2C1_EV_IRQHandler                       0x08000b07   Thumb Code     0  startup_stm32f10x_hd.o(.text)
    I2C2_ER_IRQHandler                       0x08000b07   Thumb Code     0  startup_stm32f10x_hd.o(.text)
    I2C2_EV_IRQHandler                       0x08000b07   Thumb Code     0  startup_stm32f10x_hd.o(.text)
    PVD_IRQHandler                           0x08000b07   Thumb Code     0  startup_stm32f10x_hd.o(.text)
    RCC_IRQHandler                           0x08000b07   Thumb Code     0  startup_stm32f10x_hd.o(.text)
    RTCAlarm_IRQHandler                      0x08000b07   Thumb Code     0  startup_stm32f10x_hd.o(.text)
    RTC_IRQHandler                           0x08000b07   Thumb Code     0  startup_stm32f10x_hd.o(.text)
    SDIO_IRQHandler                          0x08000b07   Thumb Code     0  startup_stm32f10x_hd.o(.text)
    SPI1_IRQHandler                          0x08000b07   Thumb Code     0  startup_stm32f10x_hd.o(.text)
    SPI2_IRQHandler                          0x08000b07   Thumb Code     0  startup_stm32f10x_hd.o(.text)
    SPI3_IRQHandler                          0x08000b07   Thumb Code     0  startup_stm32f10x_hd.o(.text)
    TAMPER_IRQHandler                        0x08000b07   Thumb Code     0  startup_stm32f10x_hd.o(.text)
    TIM1_BRK_IRQHandler                      0x08000b07   Thumb Code     0  startup_stm32f10x_hd.o(.text)
    TIM1_CC_IRQHandler                       0x08000b07   Thumb Code     0  startup_stm32f10x_hd.o(.text)
    TIM1_TRG_COM_IRQHandler                  0x08000b07   Thumb Code     0  startup_stm32f10x_hd.o(.text)
    TIM1_UP_IRQHandler                       0x08000b07   Thumb Code     0  startup_stm32f10x_hd.o(.text)
    TIM2_IRQHandler                          0x08000b07   Thumb Code     0  startup_stm32f10x_hd.o(.text)
    TIM3_IRQHandler                          0x08000b07   Thumb Code     0  startup_stm32f10x_hd.o(.text)
    TIM4_IRQHandler                          0x08000b07   Thumb Code     0  startup_stm32f10x_hd.o(.text)
    TIM5_IRQHandler                          0x08000b07   Thumb Code     0  startup_stm32f10x_hd.o(.text)
    TIM6_IRQHandler                          0x08000b07   Thumb Code     0  startup_stm32f10x_hd.o(.text)
    TIM7_IRQHandler                          0x08000b07   Thumb Code     0  startup_stm32f10x_hd.o(.text)
    TIM8_BRK_IRQHandler                      0x08000b07   Thumb Code     0  startup_stm32f10x_hd.o(.text)
    TIM8_CC_IRQHandler                       0x08000b07   Thumb Code     0  startup_stm32f10x_hd.o(.text)
    TIM8_TRG_COM_IRQHandler                  0x08000b07   Thumb Code     0  startup_stm32f10x_hd.o(.text)
    TIM8_UP_IRQHandler                       0x08000b07   Thumb Code     0  startup_stm32f10x_hd.o(.text)
    UART4_IRQHandler                         0x08000b07   Thumb Code     0  startup_stm32f10x_hd.o(.text)
    UART5_IRQHandler                         0x08000b07   Thumb Code     0  startup_stm32f10x_hd.o(.text)
    USART2_IRQHandler                        0x08000b07   Thumb Code     0  startup_stm32f10x_hd.o(.text)
    USART3_IRQHandler                        0x08000b07   Thumb Code     0  startup_stm32f10x_hd.o(.text)
    USBWakeUp_IRQHandler                     0x08000b07   Thumb Code     0  startup_stm32f10x_hd.o(.text)
    USB_HP_CAN1_TX_IRQHandler                0x08000b07   Thumb Code     0  startup_stm32f10x_hd.o(.text)
    USB_LP_CAN1_RX0_IRQHandler               0x08000b07   Thumb Code     0  startup_stm32f10x_hd.o(.text)
    WWDG_IRQHandler                          0x08000b07   Thumb Code     0  startup_stm32f10x_hd.o(.text)
    __user_initial_stackheap                 0x08000b09   Thumb Code     0  startup_stm32f10x_hd.o(.text)
    GPIO_DeInit                              0x08000b2d   Thumb Code   172  stm32f10x_gpio.o(.text)
    GPIO_AFIODeInit                          0x08000bd9   Thumb Code    20  stm32f10x_gpio.o(.text)
    GPIO_Init                                0x08000bed   Thumb Code   278  stm32f10x_gpio.o(.text)
    GPIO_StructInit                          0x08000d03   Thumb Code    16  stm32f10x_gpio.o(.text)
    GPIO_ReadInputDataBit                    0x08000d13   Thumb Code    18  stm32f10x_gpio.o(.text)
    GPIO_ReadInputData                       0x08000d25   Thumb Code     8  stm32f10x_gpio.o(.text)
    GPIO_ReadOutputDataBit                   0x08000d2d   Thumb Code    18  stm32f10x_gpio.o(.text)
    GPIO_ReadOutputData                      0x08000d3f   Thumb Code     8  stm32f10x_gpio.o(.text)
    GPIO_SetBits                             0x08000d47   Thumb Code     4  stm32f10x_gpio.o(.text)
    GPIO_ResetBits                           0x08000d4b   Thumb Code     4  stm32f10x_gpio.o(.text)
    GPIO_WriteBit                            0x08000d4f   Thumb Code    10  stm32f10x_gpio.o(.text)
    GPIO_Write                               0x08000d59   Thumb Code     4  stm32f10x_gpio.o(.text)
    GPIO_PinLockConfig                       0x08000d5d   Thumb Code    18  stm32f10x_gpio.o(.text)
    GPIO_EventOutputConfig                   0x08000d6f   Thumb Code    26  stm32f10x_gpio.o(.text)
    GPIO_EventOutputCmd                      0x08000d89   Thumb Code     6  stm32f10x_gpio.o(.text)
    GPIO_PinRemapConfig                      0x08000d8f   Thumb Code   138  stm32f10x_gpio.o(.text)
    GPIO_EXTILineConfig                      0x08000e19   Thumb Code    66  stm32f10x_gpio.o(.text)
    GPIO_ETH_MediaInterfaceConfig            0x08000e5b   Thumb Code     8  stm32f10x_gpio.o(.text)
    RCC_DeInit                               0x08000e89   Thumb Code    64  stm32f10x_rcc.o(.text)
    RCC_HSEConfig                            0x08000ec9   Thumb Code    70  stm32f10x_rcc.o(.text)
    RCC_GetFlagStatus                        0x08000f0f   Thumb Code    56  stm32f10x_rcc.o(.text)
    RCC_WaitForHSEStartUp                    0x08000f47   Thumb Code    56  stm32f10x_rcc.o(.text)
    RCC_AdjustHSICalibrationValue            0x08000f7f   Thumb Code    20  stm32f10x_rcc.o(.text)
    RCC_HSICmd                               0x08000f93   Thumb Code     6  stm32f10x_rcc.o(.text)
    RCC_PLLConfig                            0x08000f99   Thumb Code    24  stm32f10x_rcc.o(.text)
    RCC_PLLCmd                               0x08000fb1   Thumb Code     6  stm32f10x_rcc.o(.text)
    RCC_SYSCLKConfig                         0x08000fb7   Thumb Code    18  stm32f10x_rcc.o(.text)
    RCC_GetSYSCLKSource                      0x08000fc9   Thumb Code    10  stm32f10x_rcc.o(.text)
    RCC_HCLKConfig                           0x08000fd3   Thumb Code    18  stm32f10x_rcc.o(.text)
    RCC_PCLK1Config                          0x08000fe5   Thumb Code    18  stm32f10x_rcc.o(.text)
    RCC_PCLK2Config                          0x08000ff7   Thumb Code    20  stm32f10x_rcc.o(.text)
    RCC_ITConfig                             0x0800100b   Thumb Code    26  stm32f10x_rcc.o(.text)
    RCC_USBCLKConfig                         0x08001025   Thumb Code     8  stm32f10x_rcc.o(.text)
    RCC_ADCCLKConfig                         0x0800102d   Thumb Code    18  stm32f10x_rcc.o(.text)
    RCC_LSEConfig                            0x0800103f   Thumb Code    50  stm32f10x_rcc.o(.text)
    RCC_LSICmd                               0x08001071   Thumb Code     6  stm32f10x_rcc.o(.text)
    RCC_RTCCLKConfig                         0x08001077   Thumb Code    12  stm32f10x_rcc.o(.text)
    RCC_RTCCLKCmd                            0x08001083   Thumb Code     8  stm32f10x_rcc.o(.text)
    RCC_GetClocksFreq                        0x0800108b   Thumb Code   192  stm32f10x_rcc.o(.text)
    RCC_AHBPeriphClockCmd                    0x0800114b   Thumb Code    26  stm32f10x_rcc.o(.text)
    RCC_APB2PeriphClockCmd                   0x08001165   Thumb Code    26  stm32f10x_rcc.o(.text)
    RCC_APB1PeriphClockCmd                   0x0800117f   Thumb Code    26  stm32f10x_rcc.o(.text)
    RCC_APB2PeriphResetCmd                   0x08001199   Thumb Code    26  stm32f10x_rcc.o(.text)
    RCC_APB1PeriphResetCmd                   0x080011b3   Thumb Code    26  stm32f10x_rcc.o(.text)
    RCC_BackupResetCmd                       0x080011cd   Thumb Code     8  stm32f10x_rcc.o(.text)
    RCC_ClockSecuritySystemCmd               0x080011d5   Thumb Code     6  stm32f10x_rcc.o(.text)
    RCC_MCOConfig                            0x080011db   Thumb Code     6  stm32f10x_rcc.o(.text)
    RCC_ClearFlag                            0x080011e1   Thumb Code    14  stm32f10x_rcc.o(.text)
    RCC_GetITStatus                          0x080011ef   Thumb Code    20  stm32f10x_rcc.o(.text)
    RCC_ClearITPendingBit                    0x08001203   Thumb Code     6  stm32f10x_rcc.o(.text)
    USART_DeInit                             0x0800122d   Thumb Code   134  stm32f10x_usart.o(.text)
    USART_Init                               0x080012b3   Thumb Code   210  stm32f10x_usart.o(.text)
    USART_StructInit                         0x08001385   Thumb Code    24  stm32f10x_usart.o(.text)
    USART_ClockInit                          0x0800139d   Thumb Code    34  stm32f10x_usart.o(.text)
    USART_ClockStructInit                    0x080013bf   Thumb Code    12  stm32f10x_usart.o(.text)
    USART_Cmd                                0x080013cb   Thumb Code    24  stm32f10x_usart.o(.text)
    USART_ITConfig                           0x080013e3   Thumb Code    74  stm32f10x_usart.o(.text)
    USART_DMACmd                             0x0800142d   Thumb Code    18  stm32f10x_usart.o(.text)
    USART_SetAddress                         0x0800143f   Thumb Code    18  stm32f10x_usart.o(.text)
    USART_WakeUpConfig                       0x08001451   Thumb Code    18  stm32f10x_usart.o(.text)
    USART_ReceiverWakeUpCmd                  0x08001463   Thumb Code    24  stm32f10x_usart.o(.text)
    USART_LINBreakDetectLengthConfig         0x0800147b   Thumb Code    18  stm32f10x_usart.o(.text)
    USART_LINCmd                             0x0800148d   Thumb Code    24  stm32f10x_usart.o(.text)
    USART_SendData                           0x080014a5   Thumb Code     8  stm32f10x_usart.o(.text)
    USART_ReceiveData                        0x080014ad   Thumb Code    10  stm32f10x_usart.o(.text)
    USART_SendBreak                          0x080014b7   Thumb Code    10  stm32f10x_usart.o(.text)
    USART_SetGuardTime                       0x080014c1   Thumb Code    16  stm32f10x_usart.o(.text)
    USART_SetPrescaler                       0x080014d1   Thumb Code    16  stm32f10x_usart.o(.text)
    USART_SmartCardCmd                       0x080014e1   Thumb Code    24  stm32f10x_usart.o(.text)
    USART_SmartCardNACKCmd                   0x080014f9   Thumb Code    24  stm32f10x_usart.o(.text)
    USART_HalfDuplexCmd                      0x08001511   Thumb Code    24  stm32f10x_usart.o(.text)
    USART_OverSampling8Cmd                   0x08001529   Thumb Code    22  stm32f10x_usart.o(.text)
    USART_OneBitMethodCmd                    0x0800153f   Thumb Code    24  stm32f10x_usart.o(.text)
    USART_IrDAConfig                         0x08001557   Thumb Code    18  stm32f10x_usart.o(.text)
    USART_IrDACmd                            0x08001569   Thumb Code    24  stm32f10x_usart.o(.text)
    USART_GetFlagStatus                      0x08001581   Thumb Code    26  stm32f10x_usart.o(.text)
    USART_ClearFlag                          0x0800159b   Thumb Code    18  stm32f10x_usart.o(.text)
    USART_GetITStatus                        0x080015ad   Thumb Code    84  stm32f10x_usart.o(.text)
    USART_ClearITPendingBit                  0x08001601   Thumb Code    52  stm32f10x_usart.o(.text)
    NVIC_PriorityGroupConfig                 0x08001635   Thumb Code    10  misc.o(.text)
    NVIC_Init                                0x0800163f   Thumb Code   100  misc.o(.text)
    NVIC_SetVectorTable                      0x080016a3   Thumb Code    14  misc.o(.text)
    NVIC_SystemLPConfig                      0x080016b1   Thumb Code    34  misc.o(.text)
    SysTick_CLKSourceConfig                  0x080016d3   Thumb Code    40  misc.o(.text)
    DMA_DeInit                               0x08001711   Thumb Code   324  stm32f10x_dma.o(.text)
    DMA_Init                                 0x08001855   Thumb Code    60  stm32f10x_dma.o(.text)
    DMA_StructInit                           0x08001891   Thumb Code    26  stm32f10x_dma.o(.text)
    DMA_Cmd                                  0x080018ab   Thumb Code    24  stm32f10x_dma.o(.text)
    DMA_ITConfig                             0x080018c3   Thumb Code    18  stm32f10x_dma.o(.text)
    DMA_SetCurrDataCounter                   0x080018d5   Thumb Code     4  stm32f10x_dma.o(.text)
    DMA_GetCurrDataCounter                   0x080018d9   Thumb Code     8  stm32f10x_dma.o(.text)
    DMA_GetFlagStatus                        0x080018e1   Thumb Code    40  stm32f10x_dma.o(.text)
    DMA_ClearFlag                            0x08001909   Thumb Code    22  stm32f10x_dma.o(.text)
    DMA_GetITStatus                          0x0800191f   Thumb Code    40  stm32f10x_dma.o(.text)
    DMA_ClearITPendingBit                    0x08001947   Thumb Code    22  stm32f10x_dma.o(.text)
    TIM_DeInit                               0x08001965   Thumb Code   424  stm32f10x_tim.o(.text)
    TIM_TimeBaseInit                         0x08001b0d   Thumb Code   122  stm32f10x_tim.o(.text)
    TIM_OC1Init                              0x08001b87   Thumb Code   132  stm32f10x_tim.o(.text)
    TIM_OC2Init                              0x08001c0b   Thumb Code   154  stm32f10x_tim.o(.text)
    TIM_OC3Init                              0x08001ca5   Thumb Code   150  stm32f10x_tim.o(.text)
    TIM_OC4Init                              0x08001d3b   Thumb Code   182  stm32f10x_tim.o(.text)
    TIM_SetIC4Prescaler                      0x08001df1   Thumb Code    26  stm32f10x_tim.o(.text)
    TIM_SetIC3Prescaler                      0x08001e8d   Thumb Code    18  stm32f10x_tim.o(.text)
    TIM_SetIC2Prescaler                      0x08001f19   Thumb Code    26  stm32f10x_tim.o(.text)
    TIM_SetIC1Prescaler                      0x08001fb5   Thumb Code    18  stm32f10x_tim.o(.text)
    TIM_ICInit                               0x08002033   Thumb Code   150  stm32f10x_tim.o(.text)
    TIM_PWMIConfig                           0x080020c9   Thumb Code   124  stm32f10x_tim.o(.text)
    TIM_BDTRConfig                           0x08002145   Thumb Code    32  stm32f10x_tim.o(.text)
    TIM_TimeBaseStructInit                   0x08002165   Thumb Code    18  stm32f10x_tim.o(.text)
    TIM_OCStructInit                         0x08002177   Thumb Code    20  stm32f10x_tim.o(.text)
    TIM_ICStructInit                         0x0800218b   Thumb Code    18  stm32f10x_tim.o(.text)
    TIM_BDTRStructInit                       0x0800219d   Thumb Code    40  stm32f10x_tim.o(.text)
    TIM_Cmd                                  0x080021c5   Thumb Code    24  stm32f10x_tim.o(.text)
    TIM_CtrlPWMOutputs                       0x080021dd   Thumb Code    30  stm32f10x_tim.o(.text)
    TIM_ITConfig                             0x080021fb   Thumb Code    18  stm32f10x_tim.o(.text)
    TIM_GenerateEvent                        0x0800220d   Thumb Code     4  stm32f10x_tim.o(.text)
    TIM_DMAConfig                            0x08002211   Thumb Code    10  stm32f10x_tim.o(.text)
    TIM_DMACmd                               0x0800221b   Thumb Code    18  stm32f10x_tim.o(.text)
    TIM_InternalClockConfig                  0x0800222d   Thumb Code    12  stm32f10x_tim.o(.text)
    TIM_SelectInputTrigger                   0x08002239   Thumb Code    18  stm32f10x_tim.o(.text)
    TIM_ITRxExternalClockConfig              0x0800224b   Thumb Code    24  stm32f10x_tim.o(.text)
    TIM_TIxExternalClockConfig               0x08002263   Thumb Code    62  stm32f10x_tim.o(.text)
    TIM_ETRConfig                            0x080022a1   Thumb Code    28  stm32f10x_tim.o(.text)
    TIM_ETRClockMode1Config                  0x080022bd   Thumb Code    54  stm32f10x_tim.o(.text)
    TIM_ETRClockMode2Config                  0x080022f3   Thumb Code    32  stm32f10x_tim.o(.text)
    TIM_PrescalerConfig                      0x08002313   Thumb Code     6  stm32f10x_tim.o(.text)
    TIM_CounterModeConfig                    0x08002319   Thumb Code    18  stm32f10x_tim.o(.text)
    TIM_EncoderInterfaceConfig               0x0800232b   Thumb Code    66  stm32f10x_tim.o(.text)
    TIM_ForcedOC1Config                      0x0800236d   Thumb Code    18  stm32f10x_tim.o(.text)
    TIM_ForcedOC2Config                      0x0800237f   Thumb Code    26  stm32f10x_tim.o(.text)
    TIM_ForcedOC3Config                      0x08002399   Thumb Code    18  stm32f10x_tim.o(.text)
    TIM_ForcedOC4Config                      0x080023ab   Thumb Code    26  stm32f10x_tim.o(.text)
    TIM_ARRPreloadConfig                     0x080023c5   Thumb Code    24  stm32f10x_tim.o(.text)
    TIM_SelectCOM                            0x080023dd   Thumb Code    24  stm32f10x_tim.o(.text)
    TIM_SelectCCDMA                          0x080023f5   Thumb Code    24  stm32f10x_tim.o(.text)
    TIM_CCPreloadControl                     0x0800240d   Thumb Code    24  stm32f10x_tim.o(.text)
    TIM_OC1PreloadConfig                     0x08002425   Thumb Code    18  stm32f10x_tim.o(.text)
    TIM_OC2PreloadConfig                     0x08002437   Thumb Code    26  stm32f10x_tim.o(.text)
    TIM_OC3PreloadConfig                     0x08002451   Thumb Code    18  stm32f10x_tim.o(.text)
    TIM_OC4PreloadConfig                     0x08002463   Thumb Code    26  stm32f10x_tim.o(.text)
    TIM_OC1FastConfig                        0x0800247d   Thumb Code    18  stm32f10x_tim.o(.text)
    TIM_OC2FastConfig                        0x0800248f   Thumb Code    26  stm32f10x_tim.o(.text)
    TIM_OC3FastConfig                        0x080024a9   Thumb Code    18  stm32f10x_tim.o(.text)
    TIM_OC4FastConfig                        0x080024bb   Thumb Code    26  stm32f10x_tim.o(.text)
    TIM_ClearOC1Ref                          0x080024d5   Thumb Code    18  stm32f10x_tim.o(.text)
    TIM_ClearOC2Ref                          0x080024e7   Thumb Code    24  stm32f10x_tim.o(.text)
    TIM_ClearOC3Ref                          0x080024ff   Thumb Code    18  stm32f10x_tim.o(.text)
    TIM_ClearOC4Ref                          0x08002511   Thumb Code    24  stm32f10x_tim.o(.text)
    TIM_OC1PolarityConfig                    0x08002529   Thumb Code    18  stm32f10x_tim.o(.text)
    TIM_OC1NPolarityConfig                   0x0800253b   Thumb Code    18  stm32f10x_tim.o(.text)
    TIM_OC2PolarityConfig                    0x0800254d   Thumb Code    26  stm32f10x_tim.o(.text)
    TIM_OC2NPolarityConfig                   0x08002567   Thumb Code    26  stm32f10x_tim.o(.text)
    TIM_OC3PolarityConfig                    0x08002581   Thumb Code    26  stm32f10x_tim.o(.text)
    TIM_OC3NPolarityConfig                   0x0800259b   Thumb Code    26  stm32f10x_tim.o(.text)
    TIM_OC4PolarityConfig                    0x080025b5   Thumb Code    26  stm32f10x_tim.o(.text)
    TIM_CCxCmd                               0x080025cf   Thumb Code    30  stm32f10x_tim.o(.text)
    TIM_CCxNCmd                              0x080025ed   Thumb Code    30  stm32f10x_tim.o(.text)
    TIM_SelectOCxM                           0x0800260b   Thumb Code    82  stm32f10x_tim.o(.text)
    TIM_UpdateDisableConfig                  0x0800265d   Thumb Code    24  stm32f10x_tim.o(.text)
    TIM_UpdateRequestConfig                  0x08002675   Thumb Code    24  stm32f10x_tim.o(.text)
    TIM_SelectHallSensor                     0x0800268d   Thumb Code    24  stm32f10x_tim.o(.text)
    TIM_SelectOnePulseMode                   0x080026a5   Thumb Code    18  stm32f10x_tim.o(.text)
    TIM_SelectOutputTrigger                  0x080026b7   Thumb Code    18  stm32f10x_tim.o(.text)
    TIM_SelectSlaveMode                      0x080026c9   Thumb Code    18  stm32f10x_tim.o(.text)
    TIM_SelectMasterSlaveMode                0x080026db   Thumb Code    18  stm32f10x_tim.o(.text)
    TIM_SetCounter                           0x080026ed   Thumb Code     4  stm32f10x_tim.o(.text)
    TIM_SetAutoreload                        0x080026f1   Thumb Code     4  stm32f10x_tim.o(.text)
    TIM_SetCompare1                          0x080026f5   Thumb Code     4  stm32f10x_tim.o(.text)
    TIM_SetCompare2                          0x080026f9   Thumb Code     4  stm32f10x_tim.o(.text)
    TIM_SetCompare3                          0x080026fd   Thumb Code     4  stm32f10x_tim.o(.text)
    TIM_SetCompare4                          0x08002701   Thumb Code     6  stm32f10x_tim.o(.text)
    TIM_SetClockDivision                     0x08002707   Thumb Code    18  stm32f10x_tim.o(.text)
    TIM_GetCapture1                          0x08002719   Thumb Code     6  stm32f10x_tim.o(.text)
    TIM_GetCapture2                          0x0800271f   Thumb Code     6  stm32f10x_tim.o(.text)
    TIM_GetCapture3                          0x08002725   Thumb Code     6  stm32f10x_tim.o(.text)
    TIM_GetCapture4                          0x0800272b   Thumb Code     8  stm32f10x_tim.o(.text)
    TIM_GetCounter                           0x08002733   Thumb Code     6  stm32f10x_tim.o(.text)
    TIM_GetPrescaler                         0x08002739   Thumb Code     6  stm32f10x_tim.o(.text)
    TIM_GetFlagStatus                        0x0800273f   Thumb Code    18  stm32f10x_tim.o(.text)
    TIM_ClearFlag                            0x08002751   Thumb Code     6  stm32f10x_tim.o(.text)
    TIM_GetITStatus                          0x08002757   Thumb Code    34  stm32f10x_tim.o(.text)
    TIM_ClearITPendingBit                    0x08002779   Thumb Code     6  stm32f10x_tim.o(.text)
    vListInitialise                          0x0800277f   Thumb Code    26  list.o(.text)
    vListInitialiseItem                      0x08002799   Thumb Code     6  list.o(.text)
    vListInsertEnd                           0x0800279f   Thumb Code    24  list.o(.text)
    vListInsert                              0x080027b7   Thumb Code    52  list.o(.text)
    uxListRemove                             0x080027eb   Thumb Code    40  list.o(.text)
    xQueueGenericReset                       0x08002815   Thumb Code   134  queue.o(.text)
    xQueueGenericCreateStatic                0x080028c9   Thumb Code   172  queue.o(.text)
    xQueueGenericCreate                      0x08002975   Thumb Code    84  queue.o(.text)
    xQueueGenericSend                        0x08002b71   Thumb Code   456  queue.o(.text)
    xQueueCreateMutex                        0x08002d55   Thumb Code    34  queue.o(.text)
    xQueueCreateMutexStatic                  0x08002d77   Thumb Code    42  queue.o(.text)
    xQueueGiveMutexRecursive                 0x08002da1   Thumb Code    66  queue.o(.text)
    xQueueSemaphoreTake                      0x08002e11   Thumb Code   410  queue.o(.text)
    xQueueTakeMutexRecursive                 0x08002fab   Thumb Code    72  queue.o(.text)
    xQueueCreateCountingSemaphoreStatic      0x08002ff3   Thumb Code    96  queue.o(.text)
    xQueueCreateCountingSemaphore            0x08003053   Thumb Code    80  queue.o(.text)
    xQueueGenericSendFromISR                 0x080030a3   Thumb Code   246  queue.o(.text)
    xQueueGiveFromISR                        0x08003199   Thumb Code   228  queue.o(.text)
    xQueueReceive                            0x080032a7   Thumb Code   338  queue.o(.text)
    xQueuePeek                               0x080033f9   Thumb Code   344  queue.o(.text)
    xQueueReceiveFromISR                     0x08003551   Thumb Code   190  queue.o(.text)
    xQueuePeekFromISR                        0x0800360f   Thumb Code   158  queue.o(.text)
    uxQueueMessagesWaiting                   0x080036ad   Thumb Code    36  queue.o(.text)
    uxQueueSpacesAvailable                   0x080036d1   Thumb Code    42  queue.o(.text)
    uxQueueMessagesWaitingFromISR            0x080036fb   Thumb Code    34  queue.o(.text)
    vQueueUnregisterQueue                    0x0800371d   Thumb Code    44  queue.o(.text)
    vQueueDelete                             0x08003749   Thumb Code    44  queue.o(.text)
    uxQueueGetQueueNumber                    0x08003775   Thumb Code     6  queue.o(.text)
    vQueueSetQueueNumber                     0x0800377b   Thumb Code     4  queue.o(.text)
    ucQueueGetQueueType                      0x0800377f   Thumb Code     8  queue.o(.text)
    xQueueIsQueueEmptyFromISR                0x08003787   Thumb Code    36  queue.o(.text)
    xQueueIsQueueFullFromISR                 0x080037ab   Thumb Code    40  queue.o(.text)
    vQueueAddToRegistry                      0x080037d3   Thumb Code    38  queue.o(.text)
    pcQueueGetName                           0x080037f9   Thumb Code    38  queue.o(.text)
    vQueueWaitForMessageRestricted           0x0800381f   Thumb Code    74  queue.o(.text)
    xQueueCreateSet                          0x08003869   Thumb Code    20  queue.o(.text)
    xQueueAddToSet                           0x0800387d   Thumb Code    38  queue.o(.text)
    xQueueRemoveFromSet                      0x080038a3   Thumb Code    48  queue.o(.text)
    xQueueSelectFromSet                      0x080038d3   Thumb Code    24  queue.o(.text)
    xQueueSelectFromSetFromISR               0x080038eb   Thumb Code    22  queue.o(.text)
    xTaskCreateStatic                        0x08003a91   Thumb Code   152  tasks.o(.text)
    xTaskCreate                              0x08003b29   Thumb Code   100  tasks.o(.text)
    vTaskDelete                              0x08003bfd   Thumb Code   192  tasks.o(.text)
    xTaskIncrementTick                       0x08003cbd   Thumb Code   386  tasks.o(.text)
    xTaskResumeAll                           0x08003e3f   Thumb Code   218  tasks.o(.text)
    vTaskSuspendAll                          0x08003f95   Thumb Code    12  tasks.o(.text)
    vTaskDelayUntil                          0x08003fa1   Thumb Code   182  tasks.o(.text)
    vTaskDelay                               0x08004057   Thumb Code    76  tasks.o(.text)
    eTaskGetState                            0x080040a3   Thumb Code   106  tasks.o(.text)
    uxTaskPriorityGet                        0x0800410d   Thumb Code    30  tasks.o(.text)
    uxTaskPriorityGetFromISR                 0x0800412b   Thumb Code   126  tasks.o(.text)
    vTaskPrioritySet                         0x080041a9   Thumb Code   254  tasks.o(.text)
    vTaskSwitchContext                       0x080042a7   Thumb Code   114  tasks.o(.text)
    vTaskSuspend                             0x08004319   Thumb Code   204  tasks.o(.text)
    vTaskResume                              0x08004431   Thumb Code   122  tasks.o(.text)
    xTaskResumeFromISR                       0x080044ab   Thumb Code   152  tasks.o(.text)
    vTaskStartScheduler                      0x0800459f   Thumb Code   214  tasks.o(.text)
    vTaskEndScheduler                        0x08004675   Thumb Code    32  tasks.o(.text)
    xTaskGetTickCount                        0x08004695   Thumb Code     6  tasks.o(.text)
    xTaskGetTickCountFromISR                 0x0800469b   Thumb Code    16  tasks.o(.text)
    uxTaskGetNumberOfTasks                   0x080046ab   Thumb Code     6  tasks.o(.text)
    pcTaskGetName                            0x080046b1   Thumb Code    40  tasks.o(.text)
    vTaskGetInfo                             0x080046ef   Thumb Code   126  tasks.o(.text)
    uxTaskGetSystemState                     0x080047d7   Thumb Code   152  tasks.o(.text)
    vTaskPlaceOnEventList                    0x0800486f   Thumb Code    46  tasks.o(.text)
    vTaskPlaceOnUnorderedEventList           0x0800489d   Thumb Code    88  tasks.o(.text)
    vTaskPlaceOnEventListRestricted          0x080048f5   Thumb Code    54  tasks.o(.text)
    xTaskRemoveFromEventList                 0x0800492b   Thumb Code   122  tasks.o(.text)
    vTaskRemoveFromUnorderedEventList        0x080049a5   Thumb Code   188  tasks.o(.text)
    vTaskSetTimeOutState                     0x08004a61   Thumb Code    44  tasks.o(.text)
    vTaskInternalSetTimeOutState             0x08004a8d   Thumb Code    14  tasks.o(.text)
    xTaskCheckForTimeOut                     0x08004a9b   Thumb Code   120  tasks.o(.text)
    vTaskMissedYield                         0x08004b13   Thumb Code     8  tasks.o(.text)
    uxTaskGetTaskNumber                      0x08004b1b   Thumb Code    14  tasks.o(.text)
    vTaskSetTaskNumber                       0x08004b29   Thumb Code     8  tasks.o(.text)
    xTaskGetCurrentTaskHandle                0x08004b31   Thumb Code     6  tasks.o(.text)
    xTaskGetSchedulerState                   0x08004b37   Thumb Code    24  tasks.o(.text)
    xTaskPriorityInherit                     0x08004b4f   Thumb Code   186  tasks.o(.text)
    xTaskPriorityDisinherit                  0x08004c09   Thumb Code   176  tasks.o(.text)
    vTaskPriorityDisinheritAfterTimeout      0x08004cb9   Thumb Code   218  tasks.o(.text)
    vTaskList                                0x08004dbd   Thumb Code   258  tasks.o(.text)
    uxTaskResetEventItemValue                0x08004ebf   Thumb Code    24  tasks.o(.text)
    pvTaskIncrementMutexHeldCount            0x08004ed7   Thumb Code    26  tasks.o(.text)
    ulTaskNotifyTake                         0x08004ef1   Thumb Code   108  tasks.o(.text)
    xTaskNotifyWait                          0x08004f5d   Thumb Code   150  tasks.o(.text)
    xTaskGenericNotify                       0x08004ff3   Thumb Code   226  tasks.o(.text)
    xTaskGenericNotifyFromISR                0x080050d5   Thumb Code   282  tasks.o(.text)
    vTaskNotifyGiveFromISR                   0x080051ef   Thumb Code   232  tasks.o(.text)
    xTaskNotifyStateClear                    0x080052d7   Thumb Code    48  tasks.o(.text)
    xTimerGenericCommand                     0x08005361   Thumb Code   118  timers.o(.text)
    xTimerCreateTimerTask                    0x080056d3   Thumb Code   190  timers.o(.text)
    xTimerCreate                             0x080057d9   Thumb Code    54  timers.o(.text)
    xTimerCreateStatic                       0x0800580f   Thumb Code   100  timers.o(.text)
    xTimerGetTimerDaemonTaskHandle           0x08005873   Thumb Code    38  timers.o(.text)
    xTimerGetPeriod                          0x08005899   Thumb Code    28  timers.o(.text)
    xTimerGetExpiryTime                      0x080058b5   Thumb Code    30  timers.o(.text)
    pcTimerGetName                           0x080058d3   Thumb Code    28  timers.o(.text)
    xTimerIsTimerActive                      0x080058ef   Thumb Code    50  timers.o(.text)
    pvTimerGetTimerID                        0x08005921   Thumb Code    38  timers.o(.text)
    vTimerSetTimerID                         0x08005947   Thumb Code    38  timers.o(.text)
    xTimerPendFunctionCallFromISR            0x0800596d   Thumb Code    48  timers.o(.text)
    xTimerPendFunctionCall                   0x0800599d   Thumb Code    70  timers.o(.text)
    uxTimerGetTimerNumber                    0x080059e3   Thumb Code     6  timers.o(.text)
    vTimerSetTimerNumber                     0x080059e9   Thumb Code     4  timers.o(.text)
    pvPortMalloc                             0x08005ab7   Thumb Code   262  heap_4.o(.text)
    vPortFree                                0x08005bbd   Thumb Code   120  heap_4.o(.text)
    xPortGetFreeHeapSize                     0x08005c35   Thumb Code     6  heap_4.o(.text)
    xPortGetMinimumEverFreeHeapSize          0x08005c3b   Thumb Code     6  heap_4.o(.text)
    vPortInitialiseBlocks                    0x08005c41   Thumb Code     2  heap_4.o(.text)
    pxPortInitialiseStack                    0x08005cc5   Thumb Code    30  port.o(.text)
    vPortSetupTimerInterrupt                 0x08005ce3   Thumb Code    36  port.o(.text)
    xPortStartScheduler                      0x08005d07   Thumb Code   240  port.o(.text)
    vPortEndScheduler                        0x08005df7   Thumb Code    34  port.o(.text)
    vPortEnterCritical                       0x08005e19   Thumb Code    70  port.o(.text)
    vPortExitCritical                        0x08005e5f   Thumb Code    48  port.o(.text)
    xPortSysTickHandler                      0x08005e8f   Thumb Code    48  port.o(.text)
    vPortValidateInterruptPriority           0x08005ebf   Thumb Code    88  port.o(.text)
    SysTick_Handler                          0x08005f71   Thumb Code    16  delay.o(.text)
    delay_init                               0x08005f81   Thumb Code    74  delay.o(.text)
    delay_us                                 0x08005fcb   Thumb Code    68  delay.o(.text)
    delay_ms                                 0x0800600f   Thumb Code    60  delay.o(.text)
    delay_xms                                0x0800604b   Thumb Code    24  delay.o(.text)
    delay_s                                  0x08006063   Thumb Code    26  delay.o(.text)
    _sys_exit                                0x0800608d   Thumb Code     4  usart.o(.text)
    fputc                                    0x08006091   Thumb Code    24  usart.o(.text)
    uart_init                                0x080060a9   Thumb Code   152  usart.o(.text)
    USART1_IRQHandler                        0x08006141   Thumb Code   122  usart.o(.text)
    __use_no_semihosting                     0x080061cd   Thumb Code     2  use_no_semi_2.o(.text)
    __2printf                                0x080061d1   Thumb Code    20  noretval__2printf.o(.text)
    __2sprintf                               0x080061e9   Thumb Code    34  noretval__2sprintf.o(.text)
    __printf                                 0x08006211   Thumb Code   104  __printf.o(.text)
    _printf_str                              0x08006279   Thumb Code    82  _printf_str.o(.text)
    _printf_int_dec                          0x080062cd   Thumb Code   104  _printf_dec.o(.text)
    srand                                    0x08006345   Thumb Code    42  rand.o(.text)
    _rand_init                               0x0800636f   Thumb Code     4  rand.o(.text)
    strcpy                                   0x08006381   Thumb Code    72  strcpy.o(.text)
    strlen                                   0x080063c9   Thumb Code    62  strlen.o(.text)
    __aeabi_memcpy                           0x08006407   Thumb Code     0  rt_memcpy_v6.o(.text)
    __rt_memcpy                              0x08006407   Thumb Code   138  rt_memcpy_v6.o(.text)
    _memcpy_lastbytes                        0x0800646d   Thumb Code     0  rt_memcpy_v6.o(.text)
    __aeabi_memset                           0x08006491   Thumb Code    16  aeabi_memset.o(.text)
    __aeabi_memclr4                          0x080064a1   Thumb Code     0  rt_memclr_w.o(.text)
    __aeabi_memclr8                          0x080064a1   Thumb Code     0  rt_memclr_w.o(.text)
    __rt_memclr_w                            0x080064a1   Thumb Code    78  rt_memclr_w.o(.text)
    _memset_w                                0x080064a5   Thumb Code     0  rt_memclr_w.o(.text)
    __use_two_region_memory                  0x080064ef   Thumb Code     2  heapauxi.o(.text)
    __rt_heap_escrow$2region                 0x080064f1   Thumb Code     2  heapauxi.o(.text)
    __rt_heap_expand$2region                 0x080064f3   Thumb Code     2  heapauxi.o(.text)
    __I$use$semihosting                      0x080064f5   Thumb Code     0  use_no_semi.o(.text)
    __use_no_semihosting_swi                 0x080064f5   Thumb Code     2  use_no_semi.o(.text)
    _printf_int_common                       0x080064f7   Thumb Code   178  _printf_intcommon.o(.text)
    _printf_char_common                      0x080065b3   Thumb Code    32  _printf_char_common.o(.text)
    _sputc                                   0x080065d9   Thumb Code    10  _sputc.o(.text)
    _printf_cs_common                        0x080065e3   Thumb Code    20  _printf_char.o(.text)
    _printf_char                             0x080065f7   Thumb Code    16  _printf_char.o(.text)
    _printf_string                           0x08006607   Thumb Code     8  _printf_char.o(.text)
    _printf_char_file                        0x08006611   Thumb Code    32  _printf_char_file.o(.text)
    __aeabi_memcpy4                          0x08006635   Thumb Code     0  rt_memcpy_w.o(.text)
    __aeabi_memcpy8                          0x08006635   Thumb Code     0  rt_memcpy_w.o(.text)
    __rt_memcpy_w                            0x08006635   Thumb Code   100  rt_memcpy_w.o(.text)
    _memcpy_lastbytes_aligned                0x0800667d   Thumb Code     0  rt_memcpy_w.o(.text)
    __aeabi_memclr                           0x08006699   Thumb Code     0  rt_memclr.o(.text)
    __rt_memclr                              0x08006699   Thumb Code    68  rt_memclr.o(.text)
    _memset                                  0x0800669d   Thumb Code     0  rt_memclr.o(.text)
    ferror                                   0x080066dd   Thumb Code     8  ferror.o(.text)
    __user_setup_stackheap                   0x080066e5   Thumb Code    74  sys_stackheap_outer.o(.text)
    exit                                     0x0800672f   Thumb Code    18  exit.o(.text)
    __user_libspace                          0x08006741   Thumb Code     8  libspace.o(.text)
    __user_perproc_libspace                  0x08006741   Thumb Code     0  libspace.o(.text)
    __user_perthread_libspace                0x08006741   Thumb Code     0  libspace.o(.text)
    Region$$Table$$Base                      0x08006748   Number         0  anon$$obj.o(Region$$Table)
    Region$$Table$$Limit                     0x08006768   Number         0  anon$$obj.o(Region$$Table)
    StartTask_Handler                        0x20000000   Data           4  main.o(.data)
    Task1Task_Handler                        0x20000004   Data           4  main.o(.data)
    Task2Task_Handler                        0x20000008   Data           4  main.o(.data)
    SystemCoreClock                          0x2000000c   Data           4  system_stm32f10x.o(.data)
    AHBPrescTable                            0x20000010   Data          16  system_stm32f10x.o(.data)
    pxCurrentTCB                             0x20000034   Data           4  tasks.o(.data)
    __stdout                                 0x200000ac   Data           4  usart.o(.data)
    USART_RX_STA                             0x200000b0   Data           2  usart.o(.data)
    StartTaskStack                           0x200000b4   Data         512  main.o(.bss)
    StartTaskTCB                             0x200002b4   Data          92  main.o(.bss)
    Task1TaskStack                           0x20000310   Data         512  main.o(.bss)
    Task1TaskTCB                             0x20000510   Data          92  main.o(.bss)
    Task2TaskStack                           0x2000056c   Data         512  main.o(.bss)
    Task2TaskTCB                             0x2000076c   Data          92  main.o(.bss)
    LED_BYTE_Buffer                          0x20000e98   Data         600  dma.o(.bss)
    xQueueRegistry                           0x200010f0   Data          64  queue.o(.bss)
    USART_RX_BUF                             0x200064e0   Data         200  usart.o(.bss)
    _random_number_data                      0x200065a8   Data         228  rand.o(.bss)
    __libspace_start                         0x2000668c   Data          96  libspace.o(.bss)
    __temporary_stack_top$libspace           0x200066ec   Data           0  libspace.o(.bss)



==============================================================================

Memory Map of the image

  Image Entry point : 0x08000131

  Load Region LR_IROM1 (Base: 0x08000000, Size: 0x0000681c, Max: 0x00040000, ABSOLUTE)

    Execution Region ER_IROM1 (Exec base: 0x08000000, Load base: 0x08000000, Size: 0x00006768, Max: 0x00040000, ABSOLUTE)

    Exec Addr    Load Addr    Size         Type   Attr      Idx    E Section Name        Object

    0x08000000   0x08000000   0x00000130   Data   RO          288    RESET               startup_stm32f10x_hd.o
    0x08000130   0x08000130   0x00000008   Code   RO          677  * !!!main             c_w.l(__main.o)
    0x08000138   0x08000138   0x00000034   Code   RO          853    !!!scatter          c_w.l(__scatter.o)
    0x0800016c   0x0800016c   0x0000001a   Code   RO          855    !!handler_copy      c_w.l(__scatter_copy.o)
    0x08000186   0x08000186   0x00000002   PAD
    0x08000188   0x08000188   0x0000001c   Code   RO          857    !!handler_zi        c_w.l(__scatter_zi.o)
    0x080001a4   0x080001a4   0x00000000   Code   RO          659    .ARM.Collect$$_printf_percent$$00000000  c_w.l(_printf_percent.o)
    0x080001a4   0x080001a4   0x00000006   Code   RO          657    .ARM.Collect$$_printf_percent$$00000009  c_w.l(_printf_d.o)
    0x080001aa   0x080001aa   0x00000006   Code   RO          658    .ARM.Collect$$_printf_percent$$0000000A  c_w.l(_printf_u.o)
    0x080001b0   0x080001b0   0x00000006   Code   RO          655    .ARM.Collect$$_printf_percent$$00000013  c_w.l(_printf_c.o)
    0x080001b6   0x080001b6   0x00000006   Code   RO          656    .ARM.Collect$$_printf_percent$$00000014  c_w.l(_printf_s.o)
    0x080001bc   0x080001bc   0x00000004   Code   RO          692    .ARM.Collect$$_printf_percent$$00000017  c_w.l(_printf_percent_end.o)
    0x080001c0   0x080001c0   0x00000002   Code   RO          780    .ARM.Collect$$libinit$$00000000  c_w.l(libinit.o)
    0x080001c2   0x080001c2   0x00000000   Code   RO          698    .ARM.Collect$$libinit$$00000002  c_w.l(libinit2.o)
    0x080001c2   0x080001c2   0x00000000   Code   RO          700    .ARM.Collect$$libinit$$00000004  c_w.l(libinit2.o)
    0x080001c2   0x080001c2   0x00000000   Code   RO          703    .ARM.Collect$$libinit$$0000000A  c_w.l(libinit2.o)
    0x080001c2   0x080001c2   0x00000000   Code   RO          705    .ARM.Collect$$libinit$$0000000C  c_w.l(libinit2.o)
    0x080001c2   0x080001c2   0x00000004   Code   RO          706    .ARM.Collect$$libinit$$0000000D  c_w.l(libinit2.o)
    0x080001c6   0x080001c6   0x00000000   Code   RO          707    .ARM.Collect$$libinit$$0000000E  c_w.l(libinit2.o)
    0x080001c6   0x080001c6   0x00000000   Code   RO          710    .ARM.Collect$$libinit$$00000011  c_w.l(libinit2.o)
    0x080001c6   0x080001c6   0x00000000   Code   RO          712    .ARM.Collect$$libinit$$00000013  c_w.l(libinit2.o)
    0x080001c6   0x080001c6   0x00000000   Code   RO          714    .ARM.Collect$$libinit$$00000015  c_w.l(libinit2.o)
    0x080001c6   0x080001c6   0x00000000   Code   RO          716    .ARM.Collect$$libinit$$00000017  c_w.l(libinit2.o)
    0x080001c6   0x080001c6   0x00000000   Code   RO          718    .ARM.Collect$$libinit$$00000019  c_w.l(libinit2.o)
    0x080001c6   0x080001c6   0x00000000   Code   RO          720    .ARM.Collect$$libinit$$0000001B  c_w.l(libinit2.o)
    0x080001c6   0x080001c6   0x00000000   Code   RO          722    .ARM.Collect$$libinit$$0000001D  c_w.l(libinit2.o)
    0x080001c6   0x080001c6   0x00000000   Code   RO          724    .ARM.Collect$$libinit$$0000001F  c_w.l(libinit2.o)
    0x080001c6   0x080001c6   0x00000000   Code   RO          726    .ARM.Collect$$libinit$$00000021  c_w.l(libinit2.o)
    0x080001c6   0x080001c6   0x00000000   Code   RO          728    .ARM.Collect$$libinit$$00000023  c_w.l(libinit2.o)
    0x080001c6   0x080001c6   0x00000000   Code   RO          730    .ARM.Collect$$libinit$$00000025  c_w.l(libinit2.o)
    0x080001c6   0x080001c6   0x00000000   Code   RO          734    .ARM.Collect$$libinit$$0000002C  c_w.l(libinit2.o)
    0x080001c6   0x080001c6   0x00000000   Code   RO          736    .ARM.Collect$$libinit$$0000002E  c_w.l(libinit2.o)
    0x080001c6   0x080001c6   0x00000000   Code   RO          738    .ARM.Collect$$libinit$$00000030  c_w.l(libinit2.o)
    0x080001c6   0x080001c6   0x00000000   Code   RO          740    .ARM.Collect$$libinit$$00000032  c_w.l(libinit2.o)
    0x080001c6   0x080001c6   0x00000002   Code   RO          741    .ARM.Collect$$libinit$$00000033  c_w.l(libinit2.o)
    0x080001c8   0x080001c8   0x00000002   Code   RO          814    .ARM.Collect$$libshutdown$$00000000  c_w.l(libshutdown.o)
    0x080001ca   0x080001ca   0x00000000   Code   RO          820    .ARM.Collect$$libshutdown$$00000002  c_w.l(libshutdown2.o)
    0x080001ca   0x080001ca   0x00000000   Code   RO          822    .ARM.Collect$$libshutdown$$00000004  c_w.l(libshutdown2.o)
    0x080001ca   0x080001ca   0x00000000   Code   RO          825    .ARM.Collect$$libshutdown$$00000007  c_w.l(libshutdown2.o)
    0x080001ca   0x080001ca   0x00000000   Code   RO          828    .ARM.Collect$$libshutdown$$0000000A  c_w.l(libshutdown2.o)
    0x080001ca   0x080001ca   0x00000000   Code   RO          830    .ARM.Collect$$libshutdown$$0000000C  c_w.l(libshutdown2.o)
    0x080001ca   0x080001ca   0x00000000   Code   RO          833    .ARM.Collect$$libshutdown$$0000000F  c_w.l(libshutdown2.o)
    0x080001ca   0x080001ca   0x00000002   Code   RO          834    .ARM.Collect$$libshutdown$$00000010  c_w.l(libshutdown2.o)
    0x080001cc   0x080001cc   0x00000000   Code   RO          681    .ARM.Collect$$rtentry$$00000000  c_w.l(__rtentry.o)
    0x080001cc   0x080001cc   0x00000000   Code   RO          743    .ARM.Collect$$rtentry$$00000002  c_w.l(__rtentry2.o)
    0x080001cc   0x080001cc   0x00000006   Code   RO          755    .ARM.Collect$$rtentry$$00000004  c_w.l(__rtentry4.o)
    0x080001d2   0x080001d2   0x00000000   Code   RO          745    .ARM.Collect$$rtentry$$00000009  c_w.l(__rtentry2.o)
    0x080001d2   0x080001d2   0x00000004   Code   RO          746    .ARM.Collect$$rtentry$$0000000A  c_w.l(__rtentry2.o)
    0x080001d6   0x080001d6   0x00000000   Code   RO          748    .ARM.Collect$$rtentry$$0000000C  c_w.l(__rtentry2.o)
    0x080001d6   0x080001d6   0x00000008   Code   RO          749    .ARM.Collect$$rtentry$$0000000D  c_w.l(__rtentry2.o)
    0x080001de   0x080001de   0x00000002   Code   RO          786    .ARM.Collect$$rtexit$$00000000  c_w.l(rtexit.o)
    0x080001e0   0x080001e0   0x00000000   Code   RO          796    .ARM.Collect$$rtexit$$00000002  c_w.l(rtexit2.o)
    0x080001e0   0x080001e0   0x00000004   Code   RO          797    .ARM.Collect$$rtexit$$00000003  c_w.l(rtexit2.o)
    0x080001e4   0x080001e4   0x00000006   Code   RO          798    .ARM.Collect$$rtexit$$00000004  c_w.l(rtexit2.o)
    0x080001ea   0x080001ea   0x00000002   PAD
    0x080001ec   0x080001ec   0x00000096   Code   RO          525    .emb_text           port.o
    0x08000282   0x08000282   0x00000002   PAD
    0x08000284   0x08000284   0x00000034   Code   RO          660    .emb_text           c_w.l(rand.o)
    0x080002b8   0x080002b8   0x00000128   Code   RO            1    .text               main.o
    0x080003e0   0x080003e0   0x00000014   Code   RO          162    .text               stm32f10x_it.o
    0x080003f4   0x080003f4   0x000001e0   Code   RO          203    .text               system_stm32f10x.o
    0x080005d4   0x080005d4   0x00000050   Code   RO          221    .text               led.o
    0x08000624   0x08000624   0x00000140   Code   RO          233    .text               pwm.o
    0x08000764   0x08000764   0x00000070   Code   RO          245    .text               dma.o
    0x080007d4   0x080007d4   0x00000318   Code   RO          260    .text               ws2812b.o
    0x08000aec   0x08000aec   0x00000040   Code   RO          289    .text               startup_stm32f10x_hd.o
    0x08000b2c   0x08000b2c   0x0000035c   Code   RO          293    .text               stm32f10x_gpio.o
    0x08000e88   0x08000e88   0x000003a4   Code   RO          305    .text               stm32f10x_rcc.o
    0x0800122c   0x0800122c   0x00000408   Code   RO          319    .text               stm32f10x_usart.o
    0x08001634   0x08001634   0x000000dc   Code   RO          331    .text               misc.o
    0x08001710   0x08001710   0x00000254   Code   RO          343    .text               stm32f10x_dma.o
    0x08001964   0x08001964   0x00000e1a   Code   RO          367    .text               stm32f10x_tim.o
    0x0800277e   0x0800277e   0x00000094   Code   RO          428    .text               list.o
    0x08002812   0x08002812   0x00000002   PAD
    0x08002814   0x08002814   0x000010f0   Code   RO          443    .text               queue.o
    0x08003904   0x08003904   0x00001a0c   Code   RO          464    .text               tasks.o
    0x08005310   0x08005310   0x000006e4   Code   RO          495    .text               timers.o
    0x080059f4   0x080059f4   0x000002a0   Code   RO          510    .text               heap_4.o
    0x08005c94   0x08005c94   0x000002dc   Code   RO          526    .text               port.o
    0x08005f70   0x08005f70   0x0000011c   Code   RO          555    .text               delay.o
    0x0800608c   0x0800608c   0x00000140   Code   RO          585    .text               usart.o
    0x080061cc   0x080061cc   0x00000002   Code   RO          619    .text               c_w.l(use_no_semi_2.o)
    0x080061ce   0x080061ce   0x00000002   PAD
    0x080061d0   0x080061d0   0x00000018   Code   RO          625    .text               c_w.l(noretval__2printf.o)
    0x080061e8   0x080061e8   0x00000028   Code   RO          627    .text               c_w.l(noretval__2sprintf.o)
    0x08006210   0x08006210   0x00000068   Code   RO          629    .text               c_w.l(__printf.o)
    0x08006278   0x08006278   0x00000052   Code   RO          631    .text               c_w.l(_printf_str.o)
    0x080062ca   0x080062ca   0x00000002   PAD
    0x080062cc   0x080062cc   0x00000078   Code   RO          633    .text               c_w.l(_printf_dec.o)
    0x08006344   0x08006344   0x0000003c   Code   RO          661    .text               c_w.l(rand.o)
    0x08006380   0x08006380   0x00000048   Code   RO          665    .text               c_w.l(strcpy.o)
    0x080063c8   0x080063c8   0x0000003e   Code   RO          667    .text               c_w.l(strlen.o)
    0x08006406   0x08006406   0x0000008a   Code   RO          669    .text               c_w.l(rt_memcpy_v6.o)
    0x08006490   0x08006490   0x00000010   Code   RO          671    .text               c_w.l(aeabi_memset.o)
    0x080064a0   0x080064a0   0x0000004e   Code   RO          673    .text               c_w.l(rt_memclr_w.o)
    0x080064ee   0x080064ee   0x00000006   Code   RO          675    .text               c_w.l(heapauxi.o)
    0x080064f4   0x080064f4   0x00000002   Code   RO          679    .text               c_w.l(use_no_semi.o)
    0x080064f6   0x080064f6   0x000000b2   Code   RO          682    .text               c_w.l(_printf_intcommon.o)
    0x080065a8   0x080065a8   0x00000030   Code   RO          684    .text               c_w.l(_printf_char_common.o)
    0x080065d8   0x080065d8   0x0000000a   Code   RO          686    .text               c_w.l(_sputc.o)
    0x080065e2   0x080065e2   0x0000002c   Code   RO          688    .text               c_w.l(_printf_char.o)
    0x0800660e   0x0800660e   0x00000002   PAD
    0x08006610   0x08006610   0x00000024   Code   RO          690    .text               c_w.l(_printf_char_file.o)
    0x08006634   0x08006634   0x00000064   Code   RO          693    .text               c_w.l(rt_memcpy_w.o)
    0x08006698   0x08006698   0x00000044   Code   RO          695    .text               c_w.l(rt_memclr.o)
    0x080066dc   0x080066dc   0x00000008   Code   RO          759    .text               c_w.l(ferror.o)
    0x080066e4   0x080066e4   0x0000004a   Code   RO          767    .text               c_w.l(sys_stackheap_outer.o)
    0x0800672e   0x0800672e   0x00000012   Code   RO          769    .text               c_w.l(exit.o)
    0x08006740   0x08006740   0x00000008   Code   RO          783    .text               c_w.l(libspace.o)
    0x08006748   0x08006748   0x00000020   Data   RO          851    Region$$Table       anon$$obj.o


    Execution Region RW_IRAM1 (Exec base: 0x20000000, Load base: 0x08006768, Size: 0x00006cf0, Max: 0x0000c000, ABSOLUTE)

    Exec Addr    Load Addr    Size         Type   Attr      Idx    E Section Name        Object

    0x20000000   0x08006768   0x0000000c   Data   RW            3    .data               main.o
    0x2000000c   0x08006774   0x00000014   Data   RW          204    .data               system_stm32f10x.o
    0x20000020   0x08006788   0x00000014   Data   RW          306    .data               stm32f10x_rcc.o
    0x20000034   0x0800679c   0x0000003c   Data   RW          466    .data               tasks.o
    0x20000070   0x080067d8   0x00000014   Data   RW          497    .data               timers.o
    0x20000084   0x080067ec   0x00000018   Data   RW          512    .data               heap_4.o
    0x2000009c   0x08006804   0x0000000c   Data   RW          527    .data               port.o
    0x200000a8   0x08006810   0x00000004   Data   RW          556    .data               delay.o
    0x200000ac   0x08006814   0x00000006   Data   RW          587    .data               usart.o
    0x200000b2   0x0800681a   0x00000002   PAD
    0x200000b4        -       0x00000de4   Zero   RW            2    .bss                main.o
    0x20000e98        -       0x00000258   Zero   RW          246    .bss                dma.o
    0x200010f0        -       0x00000040   Zero   RW          444    .bss                queue.o
    0x20001130        -       0x000002e4   Zero   RW          465    .bss                tasks.o
    0x20001414        -       0x000000cc   Zero   RW          496    .bss                timers.o
    0x200014e0        -       0x00005000   Zero   RW          511    .bss                heap_4.o
    0x200064e0        -       0x000000c8   Zero   RW          586    .bss                usart.o
    0x200065a8        -       0x000000e4   Zero   RW          662    .bss                c_w.l(rand.o)
    0x2000668c        -       0x00000060   Zero   RW          784    .bss                c_w.l(libspace.o)
    0x200066ec   0x0800681a   0x00000004   PAD
    0x200066f0        -       0x00000200   Zero   RW          287    HEAP                startup_stm32f10x_hd.o
    0x200068f0        -       0x00000400   Zero   RW          286    STACK               startup_stm32f10x_hd.o


==============================================================================

Image component sizes


      Code (inc. data)   RO Data    RW Data    ZI Data      Debug   Object Name

         0          0          0          0          0         32   core_cm3.o
       284         16          0          4          0       1733   delay.o
       112         14          0          0        600       1198   dma.o
         0          0          0          0          0      18676   event_groups.o
       672         82          0         24      20480       3380   heap_4.o
        80          8          0          0          0        531   led.o
       148          0          0          0          0      10134   list.o
       296         86          0         12       3556     284833   main.o
       220         22          0          0          0       1869   misc.o
       882        102          0         12          0       7883   port.o
       320         18          0          0          0       1190   pwm.o
      4336         56          0          0         64      22052   queue.o
        64         26        304          0       1536        828   startup_stm32f10x_hd.o
       596          8          0          0          0       4434   stm32f10x_dma.o
       860         38          0          0          0       5801   stm32f10x_gpio.o
        20          0          0          0          0        943   stm32f10x_it.o
       932         36          0         20          0       9016   stm32f10x_rcc.o
      3610         88          0          0          0      22912   stm32f10x_tim.o
      1032         22          0          0          0       8528   stm32f10x_usart.o
       480         38          0         20          0       1839   system_stm32f10x.o
      6668        408          0         60        740      42247   tasks.o
      1764        118          0         20        204      10294   timers.o
       320         18          0          6        200       3274   usart.o
       792          8          0          0          0       3476   ws2812b.o

    ----------------------------------------------------------------------
     24492       1212        336        180      27380     467103   Object Totals
         0          0         32          0          0          0   (incl. Generated)
         4          0          0          2          0          0   (incl. Padding)

    ----------------------------------------------------------------------

      Code (inc. data)   RO Data    RW Data    ZI Data      Debug   Library Member Name

         8          0          0          0          0         68   __main.o
       104          0          0          0          0         84   __printf.o
         0          0          0          0          0          0   __rtentry.o
        12          0          0          0          0          0   __rtentry2.o
         6          0          0          0          0          0   __rtentry4.o
        52          8          0          0          0          0   __scatter.o
        26          0          0          0          0          0   __scatter_copy.o
        28          0          0          0          0          0   __scatter_zi.o
         6          0          0          0          0          0   _printf_c.o
        44          0          0          0          0        108   _printf_char.o
        48          6          0          0          0         96   _printf_char_common.o
        36          4          0          0          0         80   _printf_char_file.o
         6          0          0          0          0          0   _printf_d.o
       120         16          0          0          0         92   _printf_dec.o
       178          0          0          0          0         88   _printf_intcommon.o
         0          0          0          0          0          0   _printf_percent.o
         4          0          0          0          0          0   _printf_percent_end.o
         6          0          0          0          0          0   _printf_s.o
        82          0          0          0          0         80   _printf_str.o
         6          0          0          0          0          0   _printf_u.o
        10          0          0          0          0         68   _sputc.o
        16          0          0          0          0         68   aeabi_memset.o
        18          0          0          0          0         80   exit.o
         8          0          0          0          0         68   ferror.o
         6          0          0          0          0        152   heapauxi.o
         2          0          0          0          0          0   libinit.o
         6          0          0          0          0          0   libinit2.o
         2          0          0          0          0          0   libshutdown.o
         2          0          0          0          0          0   libshutdown2.o
         8          4          0          0         96         68   libspace.o
        24          4          0          0          0         84   noretval__2printf.o
        40          6          0          0          0         84   noretval__2sprintf.o
       112         18          0          0        228        160   rand.o
        68          0          0          0          0         68   rt_memclr.o
        78          0          0          0          0         80   rt_memclr_w.o
       138          0          0          0          0         68   rt_memcpy_v6.o
       100          0          0          0          0         80   rt_memcpy_w.o
         2          0          0          0          0          0   rtexit.o
        10          0          0          0          0          0   rtexit2.o
        72          0          0          0          0         80   strcpy.o
        62          0          0          0          0         76   strlen.o
        74          0          0          0          0         80   sys_stackheap_outer.o
         2          0          0          0          0         68   use_no_semi.o
         2          0          0          0          0         68   use_no_semi_2.o

    ----------------------------------------------------------------------
      1644         66          0          0        328       2196   Library Totals
        10          0          0          0          4          0   (incl. Padding)

    ----------------------------------------------------------------------

      Code (inc. data)   RO Data    RW Data    ZI Data      Debug   Library Name

      1634         66          0          0        324       2196   c_w.l

    ----------------------------------------------------------------------
      1644         66          0          0        328       2196   Library Totals

    ----------------------------------------------------------------------

==============================================================================


      Code (inc. data)   RO Data    RW Data    ZI Data      Debug   

     26136       1278        336        180      27708     466019   Grand Totals
     26136       1278        336        180      27708     466019   ELF Image Totals
     26136       1278        336        180          0          0   ROM Totals

==============================================================================

    Total RO  Size (Code + RO Data)                26472 (  25.85kB)
    Total RW  Size (RW Data + ZI Data)             27888 (  27.23kB)
    Total ROM Size (Code + RO Data + RW Data)      26652 (  26.03kB)

==============================================================================

